Archive member included because of file (symbol)

../PM_FW_COMMON/Srv/Scheduler/lib/CORE1/cagOsCORE1-0.a(sysCpuALib.o)
                              (_start)
../PM_FW_COMMON/Srv/Scheduler/lib/CORE1/cagOsCORE1-0.a(sysCpuLib.o)
                              ../PM_FW_COMMON/Srv/Scheduler/lib/CORE1/cagOsCORE1-0.a(sysCpuALib.o) (sysEntry)
../PM_FW_COMMON/Srv/Scheduler/lib/CORE1/cagOsCORE1-0.a(sysE500Tlb.o)
                              ../PM_FW_COMMON/Srv/Scheduler/lib/CORE1/cagOsCORE1-0.a(sysCpuLib.o) (mmuE500TlbStaticInvalidate)
../PM_FW_COMMON/Srv/Scheduler/lib/CORE1/cagOsCORE1-0.a(sysEntry.o)
                              ../PM_FW_COMMON/Srv/Scheduler/lib/CORE1/cagOsCORE1-0.a(sysCpuALib.o) (OSTCBCurPtr)
../PM_FW_COMMON/Srv/Scheduler/lib/CORE1/cagOsCORE1-0.a(sysExcArchALib.o)
                              ../PM_FW_COMMON/Srv/Scheduler/lib/CORE1/cagOsCORE1-0.a(sysCpuLib.o) (sysSdaInit)
../PM_FW_COMMON/Srv/Scheduler/lib/CORE1/cagOsCORE1-0.a(sysExcArchLib.o)
                              ../PM_FW_COMMON/Srv/Scheduler/lib/CORE1/cagOsCORE1-0.a(sysCpuLib.o) (excVecInit)
../PM_FW_COMMON/Srv/Scheduler/lib/CORE1/cagOsCORE1-0.a(sysExcLib.o)
                              ../PM_FW_COMMON/Srv/Scheduler/lib/CORE1/cagOsCORE1-0.a(sysExcArchLib.o) (exceInit)
../PM_FW_COMMON/Srv/Scheduler/lib/CORE1/cagOsCORE1-0.a(sysGpio.o)
                              ../PM_FW_COMMON/Srv/Scheduler/lib/CORE1/cagOsCORE1-0.a(sysEntry.o) (sysGpioLineConfig)
../PM_FW_COMMON/Srv/Scheduler/lib/CORE1/cagOsCORE1-0.a(sysInt.o)
                              ../PM_FW_COMMON/Srv/Scheduler/lib/CORE1/cagOsCORE1-0.a(sysCpuALib.o) (OSIntHandler)
../PM_FW_COMMON/Srv/Scheduler/lib/CORE1/cagOsCORE1-0.a(sysL2Cache.o)
                              ../PM_FW_COMMON/Srv/Scheduler/lib/CORE1/cagOsCORE1-0.a(sysCpuLib.o) (l2CacheLineNum)
../PM_FW_COMMON/Srv/Scheduler/lib/CORE1/cagOsCORE1-0.a(sysOsSwitchLib.o)
                              ../PM_FW_COMMON/Srv/Scheduler/lib/CORE1/cagOsCORE1-0.a(sysCpuLib.o) (powerpcIntDisable)
../PM_FW_COMMON/Srv/Scheduler/lib/CORE1/cagOsCORE1-0.a(sysPic.o)
                              ../PM_FW_COMMON/Srv/Scheduler/lib/CORE1/cagOsCORE1-0.a(sysInt.o) (sysEpicIntAckReg)
../PM_FW_COMMON/Srv/Scheduler/lib/CORE1/cagOsCORE1-0.a(sysSpeExcLib.o)
                              ../PM_FW_COMMON/Srv/Scheduler/lib/CORE1/cagOsCORE1-0.a(sysCpuLib.o) (speExcInit)
../PM_FW_COMMON/Srv/Scheduler/lib/CORE1/cagOsCORE1-0.a(sysTask.o)
                              ../PM_FW_COMMON/Srv/Scheduler/lib/CORE1/cagOsCORE1-0.a(sysEntry.o) (OSTaskCreate)
../PM_FW_COMMON/Srv/Scheduler/lib/CORE1/cagOsCORE1-0.a(sysTbl.o)
                              ../PM_FW_COMMON/Srv/Scheduler/lib/CORE1/cagOsCORE1-0.a(sysCpuLib.o) (getTblms)
../PM_FW_COMMON/Srv/Scheduler/lib/CORE1/cagOsCORE1-0.a(sysTick.o)
                              ../PM_FW_COMMON/Srv/Scheduler/lib/CORE1/cagOsCORE1-0.a(sysTask.o) (OS_TickListRemove)
../PM_FW_COMMON/Srv/Scheduler/lib/CORE1/cagOsCORE1-0.a(sysTime.o)
                              ../PM_FW_COMMON/Srv/Scheduler/lib/CORE1/cagOsCORE1-0.a(sysEntry.o) (OSTimeDly)
../PM_FW_COMMON/Srv/Scheduler/lib/CORE1/cagOsCORE1-0.a(update.o)
                              ../PM_FW_COMMON/Srv/Scheduler/lib/CORE1/cagOsCORE1-0.a(sysCpuLib.o) (sysCycloneFlush)
../PM_FW_COMMON/Srv/Scheduler/lib/CORE1/cagOsCORE1-0.a(dfs.o)
                              ../PM_FW_COMMON/Srv/Scheduler/lib/CORE1/cagOsCORE1-0.a(sysCpuLib.o) (dfs_init)
../PM_FW_COMMON/Srv/Scheduler/lib/CORE1/cagOsCORE1-0.a(hw_init.o)
                              ../PM_FW_COMMON/Srv/Scheduler/lib/CORE1/cagOsCORE1-0.a(sysCpuLib.o) (sffs_idx3)
../PM_FW_COMMON/Srv/Scheduler/lib/CORE1/cagOsCORE1-0.a(lld.o)
                              ../PM_FW_COMMON/Srv/Scheduler/lib/CORE1/cagOsCORE1-0.a(hw_init.o) (nor_flash_errno)
../PM_FW_COMMON/Srv/Scheduler/lib/CORE1/cagOsCORE1-0.a(memcpy.o)
                              ../PM_FW_COMMON/Srv/Scheduler/lib/CORE1/cagOsCORE1-0.a(sysCpuLib.o) (memcpy)
../PM_FW_COMMON/Srv/Scheduler/lib/CORE1/cagOsCORE1-0.a(memset.o)
                              ../PM_FW_COMMON/Srv/Scheduler/lib/CORE1/cagOsCORE1-0.a(sysExcLib.o) (memset)
../PM_FW_COMMON/Srv/Scheduler/lib/CORE1/cagOsCORE1-0.a(ns16550.o)
                              ../PM_FW_COMMON/Srv/Scheduler/lib/CORE1/cagOsCORE1-0.a(sysCpuLib.o) (ns16550DevInit)
../PM_FW_COMMON/Srv/Scheduler/lib/CORE1/cagOsCORE1-0.a(printk.o)
                              ../PM_FW_COMMON/Srv/Scheduler/lib/CORE1/cagOsCORE1-0.a(sysCpuLib.o) (printf)
../PM_FW_COMMON/Srv/Scheduler/lib/CORE1/cagOsCORE1-0.a(sffs.o)
                              ../PM_FW_COMMON/Srv/Scheduler/lib/CORE1/cagOsCORE1-0.a(dfs.o) (NOLOG)
../PM_FW_COMMON/Srv/Scheduler/lib/CORE1/cagOsCORE1-0.a(sf.o)
                              ../PM_FW_COMMON/Srv/Scheduler/lib/CORE1/cagOsCORE1-0.a(hw_init.o) (sf2_flash_errno)
../PM_FW_COMMON/Srv/Scheduler/lib/CORE1/cagOsCORE1-0.a(strcpy.o)
                              ../PM_FW_COMMON/Srv/Scheduler/lib/CORE1/cagOsCORE1-0.a(printk.o) (strcpy)
[...]
Memory Configuration

Name             Origin             Length             Attributes
DiagCode         0x0000000000004000 0x0000000000000800 xrw
SHARED_MEM2      0x0000000000180000 0x0000000000200000 xrw
UPDATE_MEM       0x0000000008000000 0x0000000000b00000 xrw
RTS_ENTRY        0x0000000000eaf080 0x0000000000000780 xr
DIAG_ENTRY       0x0000000000eaf800 0x0000000000000400 xr
FILE_ENTRY       0x0000000000eafc00 0x0000000000000200 xr
COMM_ENTRY       0x0000000000eafe00 0x0000000000000200 xr
RTS_CODE         0x0000000000eb0000 0x0000000000100000 xr
RTS_DATA         0x0000000001000000 0x0000000000600000 xrw
SHARED_MEM       0x0000000001600000 0x0000000000600000 xrw
USR_DATA_MEM     0x0000000001c00000 0x0000000000200000 xrw
*default*        0x0000000000000000 0xffffffffffffffff

Linker script and memory map

LOAD /opt/fsl-networking/QorIQ-SDK-V1.7/sysroots/ppce500v2-fsl-linux-gnuspe/usr/lib/powerpc-fsl-linux/4.8.1/libgcc.a
                0x0000000000000001                _CAG_DATA_ALIGN = 0x1

.rts            0x0000000000eaf080      0x780
 ./App/Main/src/RTSTaskExeEntryBin0.o(.text.TskRTSTaskExeEntry)
 .text.TskRTSTaskExeEntry
                0x0000000000eaf080       0xa4 ./App/Main/src/RTSTaskExeEntryBin0.o
                0x0000000000eaf080                TskRTSTaskExeEntry
                0x0000000000eaf800                . = ALIGN (0x800)
 *fill*         0x0000000000eaf124      0x6dc 

.diag           0x0000000000eaf800      0x400
 ./App/Main/src/DiagTaskExeEntryBin0.o(.text.TskDiagTaskExeEntry)
 .text.TskDiagTaskExeEntry
                0x0000000000eaf800       0xa4 ./App/Main/src/DiagTaskExeEntryBin0.o
                0x0000000000eaf800                TskDiagTaskExeEntry
                0x0000000000eafc00                . = ALIGN (0x400)
 *fill*         0x0000000000eaf8a4      0x35c 

.fm             0x0000000000eafc00      0x200
 ./App/Main/src/FileTaskExeEntryBin0.o(.text.TskFileTaskExeEntry)
 .text.TskFileTaskExeEntry
                0x0000000000eafc00       0x44 ./App/Main/src/FileTaskExeEntryBin0.o
                0x0000000000eafc00                TskFileTaskExeEntry
                0x0000000000eafe00                . = ALIGN (0x200)
 *fill*         0x0000000000eafc44      0x1bc 

.comm           0x0000000000eafe00      0x200
 ./App/Main/src/CommTaskExeEntryBin0.o(.text.TskCommTaskExeEntry)
 .text.TskCommTaskExeEntry
                0x0000000000eafe00       0xa4 ./App/Main/src/CommTaskExeEntryBin0.o
                0x0000000000eafe00                TskCommTaskExeEntry
                0x0000000000eb0000                . = ALIGN (0x200)
 *fill*         0x0000000000eafea4      0x15c 

.text           0x0000000000eb0000    0x14000
                0x0000000000eb0000                cag_kernel_text_start = .
                0x0000000000eb0000                _cag_kernel_text_start = .
                0x0000000000eb0000                _CAG_START_TEXT = .
 ../PM_FW_COMMON/Srv/Scheduler/lib/CORE1/cagOsCORE1-0.a(.text.entry)
 *(.text)
 .text          0x0000000000eb0000     0x1858 ../PM_FW_COMMON/Srv/Scheduler/lib/CORE1/cagOsCORE1-0.a(sysCpuALib.o)
                0x0000000000eb0020                _start
                0x0000000000eb0020                start
                0x0000000000eb15ac                sysCacheEnable
                0x0000000000eb1640                sysL2CTLSet
                0x0000000000eb1660                sysL2CTLGet
                0x0000000000eb167c                sysCacheFlush
                0x0000000000eb16e4                sysPCGet
                0x0000000000eb16ec                sysTimeBaseLGet
                0x0000000000eb16f4                sysL1Csr1Set
                0x0000000000eb178c                BOOTDEBUG
                0x0000000000eb1824                sysTlbUnmapAll
 *fill*         0x0000000000eb1858       0x28 
 .text          0x0000000000eb1880       0xf0 ../PM_FW_COMMON/Srv/Scheduler/lib/CORE1/cagOsCORE1-0.a(sysE500Tlb.o)
                0x0000000000eb1880                mmuPpcTlbReadEntryWord0
                0x0000000000eb1888                mmuPpcTlbReadEntryWord1
                0x0000000000eb1890                mmuPpcTlbReadEntryWord2
                0x0000000000eb18a0                mmuPpcTlbWriteExecute
                0x0000000000eb18ec                mmuE500TlbDynamicInvalidate
                0x0000000000eb1904                mmuE500TlbStaticInvalidate
                0x0000000000eb191c                mmuPpcPidSet
                0x0000000000eb1928                mmuPpcSearchPidGet
                0x0000000000eb1934                mmuPpcSearchPidSet
                0x0000000000eb1940                mmuPpcPidGet
                0x0000000000eb1948                mmuPpcE500TlbieStatic
                0x0000000000eb1950                mmuPpcE500Tlbie
                0x0000000000eb1964                mmuPpcTlb1NEntriesGet
 .text          0x0000000000eb1970      0x47c ../PM_FW_COMMON/Srv/Scheduler/lib/CORE1/cagOsCORE1-0.a(sysExcArchALib.o)
                0x0000000000eb1970                sysTas
                0x0000000000eb19a0                sysSdaInit
                0x0000000000eb19b4                sysMsrGet
                0x0000000000eb19bc                sysMsrSet
                0x0000000000eb19c8                sysDearGet
                0x0000000000eb19d0                sysDearSet
                0x0000000000eb19d8                sysCsrr0Get
                0x0000000000eb19e0                sysCsrr0Set
                0x0000000000eb19e8                sysCsrr1Get
                0x0000000000eb19f0                sysCsrr1Set
                0x0000000000eb19f8                sysMcsrr0Get
                0x0000000000eb1a00                sysMcsrr0Set
                0x0000000000eb1a08                sysMcsrr1Get
                0x0000000000eb1a10                sysMcsrr1Set
                0x0000000000eb1a18                sysSpefscrGet
                0x0000000000eb1a20                sysSpefscrSet
                0x0000000000eb1a2c                sysDecarSet
                0x0000000000eb1a34                sysL1CSR0Get
                0x0000000000eb1a40                sysL1CSR0Set
                0x0000000000eb1a54                sysL1CSR1Get
                0x0000000000eb1a60                sysL1CSR1Set
                0x0000000000eb1a74                sysL1CFG0Get
                0x0000000000eb1a7c                sysL1CFG1Get
                0x0000000000eb1a84                sysIvor1Set
                0x0000000000eb1a8c                sysSrr0Get
                0x0000000000eb1a94                sysSrr0Set
                0x0000000000eb1a9c                sysSrr1Get
                0x0000000000eb1aa4                sysSrr1Set
                0x0000000000eb1aac                sysFirstBit
                0x0000000000eb1ab4                sysFirstRBit
                0x0000000000eb1ae0                sysPvrGet
                0x0000000000eb1ae8                sysEieio
                0x0000000000eb1af0                sysHid0Set
                0x0000000000eb1b00                sysHid0Get
                0x0000000000eb1b08                sysHid1Set
                0x0000000000eb1b18                sysHid1Get
                0x0000000000eb1b20                sysTimeBaseInit
                0x0000000000eb1b2c                sysTimeBaseSet
                0x0000000000eb1b40                sysTimeBaseGet
                0x0000000000eb1b60                sysDecSet
                0x0000000000eb1b6c                sysDecGet
                0x0000000000eb1b74                sysDecIntEnable
                0x0000000000eb1b90                sysDecIntAck
                0x0000000000eb1b9c                sysEnableBP
                0x0000000000eb1bd4                sysDisableBP
                0x0000000000eb1c04                sysBucsrGet
                0x0000000000eb1c34                sysDbcr2Get
                0x0000000000eb1c3c                sysDbcr2Set
                0x0000000000eb1c48                sysFitIntAck
                0x0000000000eb1c54                sysFitIntDisable
                0x0000000000eb1c68                sysFitIntEnable
                0x0000000000eb1c78                sysTcrGet
                0x0000000000eb1c80                sysTcrSet
                0x0000000000eb1c88                sysTsrGet
                0x0000000000eb1c90                sysTsrSet
                0x0000000000eb1c98                sysIvprGet
                0x0000000000eb1ca0                sysIvprSet
                0x0000000000eb1ca8                sysDbsrGet
                0x0000000000eb1cb0                sysDbsrClear
                0x0000000000eb1cbc                sysDac1Get
                0x0000000000eb1cc4                sysDac1Set
                0x0000000000eb1ccc                sysDac2Get
                0x0000000000eb1cd4                sysDac2Set
                0x0000000000eb1cdc                sysIac1Get
                0x0000000000eb1ce4                sysIac1Set
                0x0000000000eb1cf0                sysIac2Get
                0x0000000000eb1cf8                sysIac2Set
                0x0000000000eb1d04                sysSvrGet
                0x0000000000eb1d0c                sysPirGet
                0x0000000000eb1d14                sysPirSet
                0x0000000000eb1d1c                sysCpuLibInit
                0x0000000000eb1d28                sysCpuIndexGet
                0x0000000000eb1d30                excIvorInit
                0x0000000000eb1dd4                get_ticks
 .text          0x0000000000eb1dec       0x78 ../PM_FW_COMMON/Srv/Scheduler/lib/CORE1/cagOsCORE1-0.a(sysAccess.o)
                0x0000000000eb1dec                readb
                0x0000000000eb1df8                readw
                0x0000000000eb1e04                readl
                0x0000000000eb1e10                writeb
                0x0000000000eb1e1c                writew
                0x0000000000eb1e28                writel
                0x0000000000eb1e34                readb_noOrder
                0x0000000000eb1e3c                readw_noOrder
                0x0000000000eb1e44                readl_noOrder
                0x0000000000eb1e4c                writeb_noOrder
                0x0000000000eb1e54                writew_noOrder
                0x0000000000eb1e5c                writel_noOrder
 *fill*         0x0000000000eb1e64       0x1c 
 .text          0x0000000000eb1e80       0x2c ../PM_FW_COMMON/Srv/Scheduler/lib/CORE1/cagOsCORE1-0.a(sysCpuE500ALib.o)
                0x0000000000eb1e80                intLock
                0x0000000000eb1e80                intCpuLock
                0x0000000000eb1e80                intCpuMicroLock
                0x0000000000eb1e94                intUnlock
                0x0000000000eb1e94                intCpuUnlock
                0x0000000000eb1ea4                intCpuMicroUnlock
 .text          0x0000000000eb1eac       0xd8 ../PM_FW_COMMON/Srv/Scheduler/lib/CORE1/cagOsCORE1-0.a(sysOsIrq.o)
                0x0000000000eb1eac                OSIntCtxSw
 .text          0x0000000000eb1f84      0x270 ../PM_FW_COMMON/Srv/Scheduler/lib/CORE1/cagOsCORE1-0.a(sysOsSwitchALib.o)
                0x0000000000eb1f84                OSStartHighRdy
                0x0000000000eb2048                OSCtxSw
 *fill*         0x0000000000eb21f4        0xc 
 .text          0x0000000000eb2200      0x1b0 ../PM_FW_COMMON/Srv/Scheduler/lib/CORE1/cagOsCORE1-0.a(sysSpeVectorALib.o)
                0x0000000000eb2200                speRestore
                0x0000000000eb22e4                speSave
 .text          0x0000000000eb23b0      0x394 ../PM_FW_COMMON/Srv/Scheduler/lib/CORE1/cagOsCORE1-0.a(sysCacheE500ALib.o)
                0x0000000000eb23b0                cacheE500EnableI_Impl
                0x0000000000eb23dc                cacheE500EnableD_Impl
                0x0000000000eb2414                cacheE500InvalidateI
                0x0000000000eb2430                cacheE500InvalidateD
                0x0000000000eb2448                cacheE500ClearD
                0x0000000000eb2460                cacheE500FlushD
                0x0000000000eb24cc                cacheE500PipeFlush
                0x0000000000eb24dc                cacheE500TextUpdate
                0x0000000000eb250c                cacheE500DisableI_Impl
                0x0000000000eb2530                cacheE500DisableD_Impl
                0x0000000000eb25ec                cacheE500FlushAllD
                0x0000000000eb268c                sysL1cacheLock
                0x0000000000eb26bc                sysL1cacheUnLock
                0x0000000000eb26ec                sysL2cacheLock
                0x0000000000eb2718                sysL2cacheUnLock
 .text          0x0000000000eb2744      0x428 /vagrant/workspace/PM_FW_COMMON/Srv/Scheduler/lib/libgcc.a(_udivdi3.o)
                0x0000000000eb2744                __udivdi3
 *fill*         0x0000000000eb2b6c        0x4 
 .text          0x0000000000eb2b70      0x164 /vagrant/workspace/PM_FW_COMMON/Srv/Scheduler/lib/libc.a(strncmp.o)
                0x0000000000eb2b70                strncmp
 .text          0x0000000000eb2cd4      0x428 /vagrant/workspace/PM_FW_COMMON/Srv/Scheduler/lib/libgcc.a(_divdi3.o)
                0x0000000000eb2cd4                __divdi3
 .text          0x0000000000eb30fc      0x424 /vagrant/workspace/PM_FW_COMMON/Srv/Scheduler/lib/libgcc.a(_moddi3.o)
                0x0000000000eb30fc                __moddi3
 .text          0x0000000000eb3520      0xfc8 /vagrant/workspace/PM_FW_COMMON/Srv/Diag/asm/libAsmDiag.a(BPU_cond_branch_test_bca.o)
                0x0000000000eb3520                Bpu_branch_bca_code
                0x0000000000eb352c                BPUConBranchBcaTest
 .text          0x0000000000eb44e8      0x7d4 /vagrant/workspace/PM_FW_COMMON/Srv/Diag/asm/libAsmDiag.a(BPU_cond_branch_test_bcla.o)
                0x0000000000eb44e8                Bpu_branch_bcla_code
                0x0000000000eb44f8                BPUConBranchBclaTest
 .text          0x0000000000eb4cbc     0x3050 /vagrant/workspace/PM_FW_COMMON/Srv/Diag/asm/libAsmDiag.a(BPU_cond_branch_test.o)
                0x0000000000eb4cbc                BPUConBranchTest
 .text          0x0000000000eb7d0c      0x258 /vagrant/workspace/PM_FW_COMMON/Srv/Diag/asm/libAsmDiag.a(BPU_uncond_branch_test_ba_bla.o)
                0x0000000000eb7d0c                BPUBranchUnconBaTest
                0x0000000000eb7d1c                BPUBranchUnconBlaTest
                0x0000000000eb7d24                BPUBranchUnconBaBlaTest
 .text          0x0000000000eb7f64      0x21c /vagrant/workspace/PM_FW_COMMON/Srv/Diag/asm/libAsmDiag.a(BPU_uncond_branch_test.o)
                0x0000000000eb7f64                BPUBranchUnconTest
 .text          0x0000000000eb8180      0x3ac /vagrant/workspace/PM_FW_COMMON/Srv/Diag/asm/libAsmDiag.a(cr_test.o)
                0x0000000000eb8180                TestCR
 .text          0x0000000000eb852c     0x1214 /vagrant/workspace/PM_FW_COMMON/Srv/Diag/asm/libAsmDiag.a(data_cache_test.o)
                0x0000000000eb852c                DataCacheTest
 .text          0x0000000000eb9740     0x1454 /vagrant/workspace/PM_FW_COMMON/Srv/Diag/asm/libAsmDiag.a(GPR_interword_test.o)
                0x0000000000eb9740                GPRInterWordTest
 .text          0x0000000000ebab94     0x2ba4 /vagrant/workspace/PM_FW_COMMON/Srv/Diag/asm/libAsmDiag.a(GPR_intraword_test.o)
                0x0000000000ebab94                GPRIntraWordTest
 .text          0x0000000000ebd738     0x2294 /vagrant/workspace/PM_FW_COMMON/Srv/Diag/asm/libAsmDiag.a(IU1_test.o)
                0x0000000000ebd738                IU1Test
 .text          0x0000000000ebf9cc      0x418 /vagrant/workspace/PM_FW_COMMON/Srv/Diag/asm/libAsmDiag.a(IU2_test.o)
                0x0000000000ebf9cc                IU2Test
 .text          0x0000000000ebfde4      0x3ac /vagrant/workspace/PM_FW_COMMON/Srv/Diag/asm/libAsmDiag.a(lr_test.o)
                0x0000000000ebfde4                TestLR
 .text          0x0000000000ec0190      0x32c /vagrant/workspace/PM_FW_COMMON/Srv/Diag/asm/libAsmDiag.a(LSU_data_test.o)
                0x0000000000ec0190                LSUDataTest
 .text          0x0000000000ec04bc      0x3b8 /vagrant/workspace/PM_FW_COMMON/Srv/Diag/asm/libAsmDiag.a(LSU_ea_calc_test.o)
                0x0000000000ec04bc                LSUEffectiveAddressTest
 .text          0x0000000000ec0874      0x3b0 /vagrant/workspace/PM_FW_COMMON/Srv/Diag/asm/libAsmDiag.a(SPR_interword_test.o)
                0x0000000000ec0874                SPRInterwordTest
 .text          0x0000000000ec0c24      0x4e0 /vagrant/workspace/PM_FW_COMMON/Srv/Diag/asm/libAsmDiag.a(SPR_intraword_test.o)
                0x0000000000ec0c24                SPRIntrawordTest
 .text          0x0000000000ec1104     0x12f4 /vagrant/workspace/PM_FW_COMMON/Srv/Diag/asm/libAsmDiag.a(SPRG_test.o)
                0x0000000000ec1104                SPRGTest
 .text          0x0000000000ec23f8      0xe54 /vagrant/workspace/PM_FW_COMMON/Srv/Diag/asm/libAsmDiag.a(Pipeline_test.o)
                0x0000000000ec23f8                PipelineTest
                0x0000000000ec4000                . = ALIGN (0x1000)
 *fill*         0x0000000000ec324c      0xdb4 

.glink          0x0000000000ec4000        0x0
 .glink         0x0000000000000000        0x0 ./App/Main/src/RTSTaskExeEntryBin0.o

.text.sysCpuStart
                0x0000000000ec4000      0x12c
 .text.sysCpuStart
                0x0000000000ec4000      0x12c ../PM_FW_COMMON/Srv/Scheduler/lib/CORE1/cagOsCORE1-0.a(sysCpuLib.o)
                0x0000000000ec4000                sysCpuStart

.text.sysRoot   0x0000000000ec412c       0x50
 .text.sysRoot  0x0000000000ec412c       0x50 ../PM_FW_COMMON/Srv/Scheduler/lib/CORE1/cagOsCORE1-0.a(sysCpuLib.o)
                0x0000000000ec412c                sysRoot

.text.sysDeviceInit
                0x0000000000ec417c       0xb4
 .text.sysDeviceInit
                0x0000000000ec417c       0xb4 ../PM_FW_COMMON/Srv/Scheduler/lib/CORE1/cagOsCORE1-0.a(sysCpuLib.o)
                0x0000000000ec417c                sysDeviceInit

.text.sysEntry  0x0000000000ec4230       0x64
 .text.sysEntry
                0x0000000000ec4230       0x64 ../PM_FW_COMMON/Srv/Scheduler/lib/CORE1/cagOsCORE1-0.a(sysCpuLib.o)
                0x0000000000ec4230                sysEntry

.text.sysL1CacheQuery
                0x0000000000ec4294      0x10c
 .text.sysL1CacheQuery
                0x0000000000ec4294      0x10c ../PM_FW_COMMON/Srv/Scheduler/lib/CORE1/cagOsCORE1-0.a(sysCpuLib.o)

.text.sysOs     0x0000000000ec43a0      0x114
 .text.sysOs    0x0000000000ec43a0      0x114 ../PM_FW_COMMON/Srv/Scheduler/lib/CORE1/cagOsCORE1-0.a(sysEntry.o)
                0x0000000000ec43a0                sysOs

.text.atomic32Set
                0x0000000000ec44b4       0x44
 .text.atomic32Set
                0x0000000000ec44b4       0x44 ../PM_FW_COMMON/Srv/Scheduler/lib/CORE1/cagOsCORE1-0.a(sysEntry.o)
                0x0000000000ec44b4                atomic32Set

.text.atomic32Cas
                0x0000000000ec44f8       0x60
 .text.atomic32Cas
                0x0000000000ec44f8       0x60 ../PM_FW_COMMON/Srv/Scheduler/lib/CORE1/cagOsCORE1-0.a(sysEntry.o)
                0x0000000000ec44f8                atomic32Cas

.text.atomic32Get
                0x0000000000ec4558       0x2c
 .text.atomic32Get
                0x0000000000ec4558       0x2c ../PM_FW_COMMON/Srv/Scheduler/lib/CORE1/cagOsCORE1-0.a(sysEntry.o)
                0x0000000000ec4558                atomic32Get

.text.excVecInit
                0x0000000000ec4584       0x60
 .text.excVecInit
                0x0000000000ec4584       0x60 ../PM_FW_COMMON/Srv/Scheduler/lib/CORE1/cagOsCORE1-0.a(sysExcArchLib.o)
                0x0000000000ec4584                excVecInit

.text.excVecBaseSet
                0x0000000000ec45e4       0x54
 .text.excVecBaseSet
                0x0000000000ec45e4       0x54 ../PM_FW_COMMON/Srv/Scheduler/lib/CORE1/cagOsCORE1-0.a(sysExcArchLib.o)
                0x0000000000ec45e4                excVecBaseSet

.text.installE500ParityErrorRecovery
                0x0000000000ec4638       0x64
 .text.installE500ParityErrorRecovery
                0x0000000000ec4638       0x64 ../PM_FW_COMMON/Srv/Scheduler/lib/CORE1/cagOsCORE1-0.a(sysExcArchLib.o)
                0x0000000000ec4638                installE500ParityErrorRecovery

.text.machineException
                0x0000000000ec469c      0x1c0
 .text.machineException
                0x0000000000ec469c      0x1c0 ../PM_FW_COMMON/Srv/Scheduler/lib/CORE1/cagOsCORE1-0.a(sysExcArchLib.o)
                0x0000000000ec469c                machineException

.text.SpeException
                0x0000000000ec485c       0xc8
 .text.SpeException
                0x0000000000ec485c       0xc8 ../PM_FW_COMMON/Srv/Scheduler/lib/CORE1/cagOsCORE1-0.a(sysExcArchLib.o)
                0x0000000000ec485c                SpeException

.text.generalException
                0x0000000000ec4924      0x3a8
 .text.generalException
                0x0000000000ec4924      0x3a8 ../PM_FW_COMMON/Srv/Scheduler/lib/CORE1/cagOsCORE1-0.a(sysExcArchLib.o)
                0x0000000000ec4924                generalException

.text.exceInit  0x0000000000ec4ccc       0x40
 .text.exceInit
                0x0000000000ec4ccc       0x40 ../PM_FW_COMMON/Srv/Scheduler/lib/CORE1/cagOsCORE1-0.a(sysExcLib.o)
                0x0000000000ec4ccc                exceInit

.text.executeException
                0x0000000000ec4d0c       0x28
 .text.executeException
                0x0000000000ec4d0c       0x28 ../PM_FW_COMMON/Srv/Scheduler/lib/CORE1/cagOsCORE1-0.a(sysExcLib.o)
                0x0000000000ec4d0c                executeException

.text.sysGpioLineConfig
                0x0000000000ec4d34      0x200
 .text.sysGpioLineConfig
                0x0000000000ec4d34      0x200 ../PM_FW_COMMON/Srv/Scheduler/lib/CORE1/cagOsCORE1-0.a(sysGpio.o)
                0x0000000000ec4d34                sysGpioLineConfig

.text.sysGpioLineSet
                0x0000000000ec4f34       0xcc
 .text.sysGpioLineSet
                0x0000000000ec4f34       0xcc ../PM_FW_COMMON/Srv/Scheduler/lib/CORE1/cagOsCORE1-0.a(sysGpio.o)
                0x0000000000ec4f34                sysGpioLineSet

.text.irqInit   0x0000000000ec5000       0x40
 .text.irqInit  0x0000000000ec5000       0x40 ../PM_FW_COMMON/Srv/Scheduler/lib/CORE1/cagOsCORE1-0.a(sysInt.o)
                0x0000000000ec5000                irqInit

.text.irqRregister
                0x0000000000ec5040      0x18c
 .text.irqRregister
                0x0000000000ec5040      0x18c ../PM_FW_COMMON/Srv/Scheduler/lib/CORE1/cagOsCORE1-0.a(sysInt.o)
                0x0000000000ec5040                irqRregister

.text.OSIntHandler
                0x0000000000ec51cc      0x12c
 .text.OSIntHandler
                0x0000000000ec51cc      0x12c ../PM_FW_COMMON/Srv/Scheduler/lib/CORE1/cagOsCORE1-0.a(sysInt.o)
                0x0000000000ec51cc                OSIntHandler

.text.sysL2CacheInit
                0x0000000000ec52f8       0xe4
 .text.sysL2CacheInit
                0x0000000000ec52f8       0xe4 ../PM_FW_COMMON/Srv/Scheduler/lib/CORE1/cagOsCORE1-0.a(sysL2Cache.o)
                0x0000000000ec52f8                sysL2CacheInit

.text.sysL2CacheInvFunc
                0x0000000000ec53dc       0x74
 .text.sysL2CacheInvFunc
                0x0000000000ec53dc       0x74 ../PM_FW_COMMON/Srv/Scheduler/lib/CORE1/cagOsCORE1-0.a(sysL2Cache.o)

.text.sysL2CacheEnable
                0x0000000000ec5450       0x58
 .text.sysL2CacheEnable
                0x0000000000ec5450       0x58 ../PM_FW_COMMON/Srv/Scheduler/lib/CORE1/cagOsCORE1-0.a(sysL2Cache.o)

.text.sysL2CacheDisable
                0x0000000000ec54a8       0x58
 .text.sysL2CacheDisable
                0x0000000000ec54a8       0x58 ../PM_FW_COMMON/Srv/Scheduler/lib/CORE1/cagOsCORE1-0.a(sysL2Cache.o)

.text.sysL2CacheFlush
                0x0000000000ec5500       0x68
 .text.sysL2CacheFlush
                0x0000000000ec5500       0x68 ../PM_FW_COMMON/Srv/Scheduler/lib/CORE1/cagOsCORE1-0.a(sysL2Cache.o)

.text.powerpcIntDisable
                0x0000000000ec5568       0x44
 .text.powerpcIntDisable
                0x0000000000ec5568       0x44 ../PM_FW_COMMON/Srv/Scheduler/lib/CORE1/cagOsCORE1-0.a(sysOsSwitchLib.o)
                0x0000000000ec5568                powerpcIntDisable

.text.powerpcIntEnable
                0x0000000000ec55ac       0x50
 .text.powerpcIntEnable
                0x0000000000ec55ac       0x50 ../PM_FW_COMMON/Srv/Scheduler/lib/CORE1/cagOsCORE1-0.a(sysOsSwitchLib.o)
                0x0000000000ec55ac                powerpcIntEnable

.text.OSIdleTaskHook
                0x0000000000ec55fc       0x4c
 .text.OSIdleTaskHook
                0x0000000000ec55fc       0x4c ../PM_FW_COMMON/Srv/Scheduler/lib/CORE1/cagOsCORE1-0.a(sysOsSwitchLib.o)
                0x0000000000ec55fc                OSIdleTaskHook

.text.OSInitHook
                0x0000000000ec5648       0x4c
 .text.OSInitHook
                0x0000000000ec5648       0x4c ../PM_FW_COMMON/Srv/Scheduler/lib/CORE1/cagOsCORE1-0.a(sysOsSwitchLib.o)
                0x0000000000ec5648                OSInitHook

.text.OSTaskCreateHook
                0x0000000000ec5694       0x54
 .text.OSTaskCreateHook
                0x0000000000ec5694       0x54 ../PM_FW_COMMON/Srv/Scheduler/lib/CORE1/cagOsCORE1-0.a(sysOsSwitchLib.o)
                0x0000000000ec5694                OSTaskCreateHook

.text.OSTaskDelHook
                0x0000000000ec56e8       0x54
 .text.OSTaskDelHook
                0x0000000000ec56e8       0x54 ../PM_FW_COMMON/Srv/Scheduler/lib/CORE1/cagOsCORE1-0.a(sysOsSwitchLib.o)
                0x0000000000ec56e8                OSTaskDelHook

.text.OSTaskReturnHook
                0x0000000000ec573c       0x54
 .text.OSTaskReturnHook
                0x0000000000ec573c       0x54 ../PM_FW_COMMON/Srv/Scheduler/lib/CORE1/cagOsCORE1-0.a(sysOsSwitchLib.o)
                0x0000000000ec573c                OSTaskReturnHook

.text.OSTaskStkInit
                0x0000000000ec5790      0x4a8
 .text.OSTaskStkInit
                0x0000000000ec5790      0x4a8 ../PM_FW_COMMON/Srv/Scheduler/lib/CORE1/cagOsCORE1-0.a(sysOsSwitchLib.o)
                0x0000000000ec5790                OSTaskStkInit

.text.OSTimeTickHook
                0x0000000000ec5c38       0x4c
 .text.OSTimeTickHook
                0x0000000000ec5c38       0x4c ../PM_FW_COMMON/Srv/Scheduler/lib/CORE1/cagOsCORE1-0.a(sysOsSwitchLib.o)
                0x0000000000ec5c38                OSTimeTickHook

.text.sysEpicInit
                0x0000000000ec5c84      0x404
 .text.sysEpicInit
                0x0000000000ec5c84      0x404 ../PM_FW_COMMON/Srv/Scheduler/lib/CORE1/cagOsCORE1-0.a(sysPic.o)
                0x0000000000ec5c84                sysEpicInit

.text.sysEpicCurTaskPrioSet
                0x0000000000ec6088       0x9c
 .text.sysEpicCurTaskPrioSet
                0x0000000000ec6088       0x9c ../PM_FW_COMMON/Srv/Scheduler/lib/CORE1/cagOsCORE1-0.a(sysPic.o)
                0x0000000000ec6088                sysEpicCurTaskPrioSet

.text.sysEpicIntEnable
                0x0000000000ec6124       0xe8
 .text.sysEpicIntEnable
                0x0000000000ec6124       0xe8 ../PM_FW_COMMON/Srv/Scheduler/lib/CORE1/cagOsCORE1-0.a(sysPic.o)
                0x0000000000ec6124                sysEpicIntEnable

.text.sysEpicIntDisable
                0x0000000000ec620c       0xe8
 .text.sysEpicIntDisable
                0x0000000000ec620c       0xe8 ../PM_FW_COMMON/Srv/Scheduler/lib/CORE1/cagOsCORE1-0.a(sysPic.o)
                0x0000000000ec620c                sysEpicIntDisable

.text.sysEpicIntSourceSet
                0x0000000000ec62f4      0x178
 .text.sysEpicIntSourceSet
                0x0000000000ec62f4      0x178 ../PM_FW_COMMON/Srv/Scheduler/lib/CORE1/cagOsCORE1-0.a(sysPic.o)
                0x0000000000ec62f4                sysEpicIntSourceSet

.text.sysEpicCpuAvailGet
                0x0000000000ec646c       0x50
 .text.sysEpicCpuAvailGet
                0x0000000000ec646c       0x50 ../PM_FW_COMMON/Srv/Scheduler/lib/CORE1/cagOsCORE1-0.a(sysPic.o)
                0x0000000000ec646c                sysEpicCpuAvailGet

.text.sysEpicConfig
                0x0000000000ec64bc      0x120
 .text.sysEpicConfig
                0x0000000000ec64bc      0x120 ../PM_FW_COMMON/Srv/Scheduler/lib/CORE1/cagOsCORE1-0.a(sysPic.o)
                0x0000000000ec64bc                sysEpicConfig

.text.speExcInit
                0x0000000000ec65dc       0x80
 .text.speExcInit
                0x0000000000ec65dc       0x80 ../PM_FW_COMMON/Srv/Scheduler/lib/CORE1/cagOsCORE1-0.a(sysSpeExcLib.o)
                0x0000000000ec65dc                speExcInit

.text.OSTaskCreate
                0x0000000000ec665c      0x32c
 .text.OSTaskCreate
                0x0000000000ec665c      0x32c ../PM_FW_COMMON/Srv/Scheduler/lib/CORE1/cagOsCORE1-0.a(sysTask.o)
                0x0000000000ec665c                OSTaskCreate

.text.OSTaskDel
                0x0000000000ec6988      0x2e0
 .text.OSTaskDel
                0x0000000000ec6988      0x2e0 ../PM_FW_COMMON/Srv/Scheduler/lib/CORE1/cagOsCORE1-0.a(sysTask.o)
                0x0000000000ec6988                OSTaskDel

.text.OS_TaskInit
                0x0000000000ec6c68       0x44
 .text.OS_TaskInit
                0x0000000000ec6c68       0x44 ../PM_FW_COMMON/Srv/Scheduler/lib/CORE1/cagOsCORE1-0.a(sysTask.o)
                0x0000000000ec6c68                OS_TaskInit

.text.OS_TaskInitTCB
                0x0000000000ec6cac      0x1e8
 .text.OS_TaskInitTCB
                0x0000000000ec6cac      0x1e8 ../PM_FW_COMMON/Srv/Scheduler/lib/CORE1/cagOsCORE1-0.a(sysTask.o)
                0x0000000000ec6cac                OS_TaskInitTCB

.text.OS_TaskReturn
                0x0000000000ec6e94       0xf0
 .text.OS_TaskReturn
                0x0000000000ec6e94       0xf0 ../PM_FW_COMMON/Srv/Scheduler/lib/CORE1/cagOsCORE1-0.a(sysTask.o)
                0x0000000000ec6e94                OS_TaskReturn

.text.OS_TaskChangePrio
                0x0000000000ec6f84      0x23c
 .text.OS_TaskChangePrio
                0x0000000000ec6f84      0x23c ../PM_FW_COMMON/Srv/Scheduler/lib/CORE1/cagOsCORE1-0.a(sysTask.o)
                0x0000000000ec6f84                OS_TaskChangePrio

.text.get_tbclk
                0x0000000000ec71c0       0x58
 .text.get_tbclk
                0x0000000000ec71c0       0x58 ../PM_FW_COMMON/Srv/Scheduler/lib/CORE1/cagOsCORE1-0.a(sysTbl.o)
                0x0000000000ec71c0                get_tbclk

.text.getTblms  0x0000000000ec7218      0x11c
 .text.getTblms
                0x0000000000ec7218      0x11c ../PM_FW_COMMON/Srv/Scheduler/lib/CORE1/cagOsCORE1-0.a(sysTbl.o)
                0x0000000000ec7218                getTblms

.text.get_fpga  0x0000000000ec7334      0x138
 .text.get_fpga
                0x0000000000ec7334      0x138 ../PM_FW_COMMON/Srv/Scheduler/lib/CORE1/cagOsCORE1-0.a(sysTbl.o)
                0x0000000000ec7334                get_fpga

.text.OS_TickUpdate
                0x0000000000ec746c       0x80
 .text.OS_TickUpdate
                0x0000000000ec746c       0x80 ../PM_FW_COMMON/Srv/Scheduler/lib/CORE1/cagOsCORE1-0.a(sysTick.o)
                0x0000000000ec746c                OS_TickUpdate

.text.OS_TickListInsert
                0x0000000000ec74ec      0x204
 .text.OS_TickListInsert
                0x0000000000ec74ec      0x204 ../PM_FW_COMMON/Srv/Scheduler/lib/CORE1/cagOsCORE1-0.a(sysTick.o)
                0x0000000000ec74ec                OS_TickListInsert

.text.OS_TickListRemove
                0x0000000000ec76f0      0x150
 .text.OS_TickListRemove
                0x0000000000ec76f0      0x150 ../PM_FW_COMMON/Srv/Scheduler/lib/CORE1/cagOsCORE1-0.a(sysTick.o)
                0x0000000000ec76f0                OS_TickListRemove

.text.OS_TickListUpdateDly
                0x0000000000ec7840      0x120
 .text.OS_TickListUpdateDly
                0x0000000000ec7840      0x120 ../PM_FW_COMMON/Srv/Scheduler/lib/CORE1/cagOsCORE1-0.a(sysTick.o)

.text.OS_TickListUpdateTimeout
                0x0000000000ec7960      0x24c
 .text.OS_TickListUpdateTimeout
                0x0000000000ec7960      0x24c ../PM_FW_COMMON/Srv/Scheduler/lib/CORE1/cagOsCORE1-0.a(sysTick.o)

.text.OSTimeTick
                0x0000000000ec7bac       0x60
 .text.OSTimeTick
                0x0000000000ec7bac       0x60 ../PM_FW_COMMON/Srv/Scheduler/lib/CORE1/cagOsCORE1-0.a(sysTime.o)
                0x0000000000ec7bac                OSTimeTick

.text.dfs_init  0x0000000000ec7c0c       0x5c
 .text.dfs_init
                0x0000000000ec7c0c       0x5c ../PM_FW_COMMON/Srv/Scheduler/lib/CORE1/cagOsCORE1-0.a(dfs.o)
                0x0000000000ec7c0c                dfs_init

.text.dfs_register
                0x0000000000ec7c68       0x9c
 .text.dfs_register
                0x0000000000ec7c68       0x9c ../PM_FW_COMMON/Srv/Scheduler/lib/CORE1/cagOsCORE1-0.a(dfs.o)
                0x0000000000ec7c68                dfs_register

.text.get_dfs   0x0000000000ec7d04       0x50
 .text.get_dfs  0x0000000000ec7d04       0x50 ../PM_FW_COMMON/Srv/Scheduler/lib/CORE1/cagOsCORE1-0.a(dfs.o)
                0x0000000000ec7d04                get_dfs

.text.dfs_write
                0x0000000000ec7d54      0x1a4
 .text.dfs_write
                0x0000000000ec7d54      0x1a4 ../PM_FW_COMMON/Srv/Scheduler/lib/CORE1/cagOsCORE1-0.a(dfs.o)
                0x0000000000ec7d54                dfs_write

.text.dfs_read  0x0000000000ec7ef8      0x1f8
 .text.dfs_read
                0x0000000000ec7ef8      0x1f8 ../PM_FW_COMMON/Srv/Scheduler/lib/CORE1/cagOsCORE1-0.a(dfs.o)
                0x0000000000ec7ef8                dfs_read

.text.dfs_erase
                0x0000000000ec80f0      0x224
 .text.dfs_erase
                0x0000000000ec80f0      0x224 ../PM_FW_COMMON/Srv/Scheduler/lib/CORE1/cagOsCORE1-0.a(dfs.o)
                0x0000000000ec80f0                dfs_erase

.text.fs_init   0x0000000000ec8314      0x234
 .text.fs_init  0x0000000000ec8314      0x234 ../PM_FW_COMMON/Srv/Scheduler/lib/CORE1/cagOsCORE1-0.a(hw_init.o)
                0x0000000000ec8314                fs_init

.text.nor_init  0x0000000000ec8548      0x1ec
 .text.nor_init
                0x0000000000ec8548      0x1ec ../PM_FW_COMMON/Srv/Scheduler/lib/CORE1/cagOsCORE1-0.a(hw_init.o)
                0x0000000000ec8548                nor_init

.text.fpga_flash_init
                0x0000000000ec8734      0x100
 .text.fpga_flash_init
                0x0000000000ec8734      0x100 ../PM_FW_COMMON/Srv/Scheduler/lib/CORE1/cagOsCORE1-0.a(hw_init.o)
                0x0000000000ec8734                fpga_flash_init

.text.lld_lock  0x0000000000ec8834       0x60
 .text.lld_lock
                0x0000000000ec8834       0x60 ../PM_FW_COMMON/Srv/Scheduler/lib/CORE1/cagOsCORE1-0.a(lld.o)

.text.lld_unlock
                0x0000000000ec8894       0x68
 .text.lld_unlock
                0x0000000000ec8894       0x68 ../PM_FW_COMMON/Srv/Scheduler/lib/CORE1/cagOsCORE1-0.a(lld.o)

.text.lld_InitCmd
                0x0000000000ec88fc       0x2c
 .text.lld_InitCmd
                0x0000000000ec88fc       0x2c ../PM_FW_COMMON/Srv/Scheduler/lib/CORE1/cagOsCORE1-0.a(lld.o)
                0x0000000000ec88fc                lld_InitCmd

.text.lld_SectorEraseCmd
                0x0000000000ec8928       0x98
 .text.lld_SectorEraseCmd
                0x0000000000ec8928       0x98 ../PM_FW_COMMON/Srv/Scheduler/lib/CORE1/cagOsCORE1-0.a(lld.o)
                0x0000000000ec8928                lld_SectorEraseCmd

.text.lld_ChipEraseCmd
                0x0000000000ec89c0       0x80
 .text.lld_ChipEraseCmd
                0x0000000000ec89c0       0x80 ../PM_FW_COMMON/Srv/Scheduler/lib/CORE1/cagOsCORE1-0.a(lld.o)
                0x0000000000ec89c0                lld_ChipEraseCmd

.text.lld_ProgramCmd
                0x0000000000ec8a40       0x78
 .text.lld_ProgramCmd
                0x0000000000ec8a40       0x78 ../PM_FW_COMMON/Srv/Scheduler/lib/CORE1/cagOsCORE1-0.a(lld.o)
                0x0000000000ec8a40                lld_ProgramCmd

.text.lld_WriteToBufferCmd
                0x0000000000ec8ab8       0x78
 .text.lld_WriteToBufferCmd
                0x0000000000ec8ab8       0x78 ../PM_FW_COMMON/Srv/Scheduler/lib/CORE1/cagOsCORE1-0.a(lld.o)
                0x0000000000ec8ab8                lld_WriteToBufferCmd

.text.lld_ProgramBufferToFlashCmd
                0x0000000000ec8b30       0x3c
 .text.lld_ProgramBufferToFlashCmd
                0x0000000000ec8b30       0x3c ../PM_FW_COMMON/Srv/Scheduler/lib/CORE1/cagOsCORE1-0.a(lld.o)
                0x0000000000ec8b30                lld_ProgramBufferToFlashCmd

.text.lld_WriteBufferAbortResetCmd
                0x0000000000ec8b6c       0x50
 .text.lld_WriteBufferAbortResetCmd
                0x0000000000ec8b6c       0x50 ../PM_FW_COMMON/Srv/Scheduler/lib/CORE1/cagOsCORE1-0.a(lld.o)
                0x0000000000ec8b6c                lld_WriteBufferAbortResetCmd

.text.lld_Poll  0x0000000000ec8bbc      0x1a8
 .text.lld_Poll
                0x0000000000ec8bbc      0x1a8 ../PM_FW_COMMON/Srv/Scheduler/lib/CORE1/cagOsCORE1-0.a(lld.o)
                0x0000000000ec8bbc                lld_Poll

.text.lld_StatusGet
                0x0000000000ec8d64      0x238
 .text.lld_StatusGet
                0x0000000000ec8d64      0x238 ../PM_FW_COMMON/Srv/Scheduler/lib/CORE1/cagOsCORE1-0.a(lld.o)
                0x0000000000ec8d64                lld_StatusGet

.text.lld_ReadOp
                0x0000000000ec8f9c       0xb8
 .text.lld_ReadOp
                0x0000000000ec8f9c       0xb8 ../PM_FW_COMMON/Srv/Scheduler/lib/CORE1/cagOsCORE1-0.a(lld.o)
                0x0000000000ec8f9c                lld_ReadOp

.text.lld_WriteBufferProgramOp
                0x0000000000ec9054      0x1ac
 .text.lld_WriteBufferProgramOp
                0x0000000000ec9054      0x1ac ../PM_FW_COMMON/Srv/Scheduler/lib/CORE1/cagOsCORE1-0.a(lld.o)
                0x0000000000ec9054                lld_WriteBufferProgramOp

.text.lld_ProgramOp
                0x0000000000ec9200       0xe4
 .text.lld_ProgramOp
                0x0000000000ec9200       0xe4 ../PM_FW_COMMON/Srv/Scheduler/lib/CORE1/cagOsCORE1-0.a(lld.o)
                0x0000000000ec9200                lld_ProgramOp

.text.lld_SectorEraseOp
                0x0000000000ec92e4       0xdc
 .text.lld_SectorEraseOp
                0x0000000000ec92e4       0xdc ../PM_FW_COMMON/Srv/Scheduler/lib/CORE1/cagOsCORE1-0.a(lld.o)
                0x0000000000ec92e4                lld_SectorEraseOp

.text.lld_ChipEraseOp
                0x0000000000ec93c0       0xec
 .text.lld_ChipEraseOp
                0x0000000000ec93c0       0xec ../PM_FW_COMMON/Srv/Scheduler/lib/CORE1/cagOsCORE1-0.a(lld.o)
                0x0000000000ec93c0                lld_ChipEraseOp

.text.lld_memcpy
                0x0000000000ec94ac      0x1ac
 .text.lld_memcpy
                0x0000000000ec94ac      0x1ac ../PM_FW_COMMON/Srv/Scheduler/lib/CORE1/cagOsCORE1-0.a(lld.o)
                0x0000000000ec94ac                lld_memcpy

.text.flash_read8
                0x0000000000ec9658       0xa8
 .text.flash_read8
                0x0000000000ec9658       0xa8 ../PM_FW_COMMON/Srv/Scheduler/lib/CORE1/cagOsCORE1-0.a(lld.o)

.text.flash_add_byte
                0x0000000000ec9700       0x5c
 .text.flash_add_byte
                0x0000000000ec9700       0x5c ../PM_FW_COMMON/Srv/Scheduler/lib/CORE1/cagOsCORE1-0.a(lld.o)

.text.lld_write
                0x0000000000ec975c      0x40c
 .text.lld_write
                0x0000000000ec975c      0x40c ../PM_FW_COMMON/Srv/Scheduler/lib/CORE1/cagOsCORE1-0.a(lld.o)
                0x0000000000ec975c                lld_write

.text.lld_read  0x0000000000ec9b68      0x274
 .text.lld_read
                0x0000000000ec9b68      0x274 ../PM_FW_COMMON/Srv/Scheduler/lib/CORE1/cagOsCORE1-0.a(lld.o)
                0x0000000000ec9b68                lld_read

.text.lld_erase
                0x0000000000ec9ddc      0x108
 .text.lld_erase
                0x0000000000ec9ddc      0x108 ../PM_FW_COMMON/Srv/Scheduler/lib/CORE1/cagOsCORE1-0.a(lld.o)
                0x0000000000ec9ddc                lld_erase

.text.memcpy    0x0000000000ec9ee4       0x50
 .text.memcpy   0x0000000000ec9ee4       0x50 ../PM_FW_COMMON/Srv/Scheduler/lib/CORE1/cagOsCORE1-0.a(memcpy.o)
                0x0000000000ec9ee4                memcpy

.text.memset    0x0000000000ec9f34       0x50
 .text.memset   0x0000000000ec9f34       0x50 ../PM_FW_COMMON/Srv/Scheduler/lib/CORE1/cagOsCORE1-0.a(memset.o)
                0x0000000000ec9f34                memset

.text.ns16550OutputChar
                0x0000000000ec9f84       0x7c
 .text.ns16550OutputChar
                0x0000000000ec9f84       0x7c ../PM_FW_COMMON/Srv/Scheduler/lib/CORE1/cagOsCORE1-0.a(ns16550.o)
                0x0000000000ec9f84                ns16550OutputChar

.text.ns16550DevInit
                0x0000000000eca000      0x168
 .text.ns16550DevInit
                0x0000000000eca000      0x168 ../PM_FW_COMMON/Srv/Scheduler/lib/CORE1/cagOsCORE1-0.a(ns16550.o)
                0x0000000000eca000                ns16550DevInit

.text.strnlen   0x0000000000eca168       0x74
 .text.strnlen  0x0000000000eca168       0x74 ../PM_FW_COMMON/Srv/Scheduler/lib/CORE1/cagOsCORE1-0.a(printk.o)
                0x0000000000eca168                strnlen

.text.skip_atoi
                0x0000000000eca1dc       0xb0
 .text.skip_atoi
                0x0000000000eca1dc       0xb0 ../PM_FW_COMMON/Srv/Scheduler/lib/CORE1/cagOsCORE1-0.a(printk.o)

.text.number    0x0000000000eca28c      0x43c
 .text.number   0x0000000000eca28c      0x43c ../PM_FW_COMMON/Srv/Scheduler/lib/CORE1/cagOsCORE1-0.a(printk.o)

.text.vsprintf  0x0000000000eca6c8      0xa60
 .text.vsprintf
                0x0000000000eca6c8      0xa60 ../PM_FW_COMMON/Srv/Scheduler/lib/CORE1/cagOsCORE1-0.a(printk.o)
                0x0000000000eca6c8                vsprintf

.text.putc      0x0000000000ecb128       0x60
 .text.putc     0x0000000000ecb128       0x60 ../PM_FW_COMMON/Srv/Scheduler/lib/CORE1/cagOsCORE1-0.a(printk.o)
                0x0000000000ecb128                putc

.text.puts      0x0000000000ecb188       0x68
 .text.puts     0x0000000000ecb188       0x68 ../PM_FW_COMMON/Srv/Scheduler/lib/CORE1/cagOsCORE1-0.a(printk.o)
                0x0000000000ecb188                puts

.text.printCfg  0x0000000000ecb1f0       0x2c
 .text.printCfg
                0x0000000000ecb1f0       0x2c ../PM_FW_COMMON/Srv/Scheduler/lib/CORE1/cagOsCORE1-0.a(printk.o)
                0x0000000000ecb1f0                printCfg

.text.printf    0x0000000000ecb21c       0xa0
 .text.printf   0x0000000000ecb21c       0xa0 ../PM_FW_COMMON/Srv/Scheduler/lib/CORE1/cagOsCORE1-0.a(printk.o)
                0x0000000000ecb21c                printf

.text.printe    0x0000000000ecb2bc       0x90
 .text.printe   0x0000000000ecb2bc       0x90 ../PM_FW_COMMON/Srv/Scheduler/lib/CORE1/cagOsCORE1-0.a(printk.o)
                0x0000000000ecb2bc                printe

.text.sffs_read_at
                0x0000000000ecb34c      0x1b0
 .text.sffs_read_at
                0x0000000000ecb34c       0xd8 ../PM_FW_COMMON/Srv/Scheduler/lib/CORE1/cagOsCORE1-0.a(sffs.o)
 .text.sffs_read_at
                0x0000000000ecb424       0xd8 ../PM_FW_COMMON/Srv/Scheduler/lib/CORE1/cagOsCORE1-0.a(fs_api.o)

.text.NOLOG     0x0000000000ecb4fc       0x3c
 .text.NOLOG    0x0000000000ecb4fc       0x3c ../PM_FW_COMMON/Srv/Scheduler/lib/CORE1/cagOsCORE1-0.a(sffs.o)
                0x0000000000ecb4fc                NOLOG

.text.sffs_lock
                0x0000000000ecb538       0x94
 .text.sffs_lock
                0x0000000000ecb538       0x94 ../PM_FW_COMMON/Srv/Scheduler/lib/CORE1/cagOsCORE1-0.a(sffs.o)
                0x0000000000ecb538                sffs_lock

.text.sffs_unlock
                0x0000000000ecb5cc       0x94
 .text.sffs_unlock
                0x0000000000ecb5cc       0x94 ../PM_FW_COMMON/Srv/Scheduler/lib/CORE1/cagOsCORE1-0.a(sffs.o)
                0x0000000000ecb5cc                sffs_unlock

.text.sffs_protect
                0x0000000000ecb660       0x1c
 .text.sffs_protect
                0x0000000000ecb660       0x1c ../PM_FW_COMMON/Srv/Scheduler/lib/CORE1/cagOsCORE1-0.a(sffs.o)
                0x0000000000ecb660                sffs_protect

.text.sffs_unprotect
                0x0000000000ecb67c       0x1c
 .text.sffs_unprotect
                0x0000000000ecb67c       0x1c ../PM_FW_COMMON/Srv/Scheduler/lib/CORE1/cagOsCORE1-0.a(sffs.o)
                0x0000000000ecb67c                sffs_unprotect

.text.sffs_get_fsfd
                0x0000000000ecb698       0x2c
 .text.sffs_get_fsfd
                0x0000000000ecb698       0x2c ../PM_FW_COMMON/Srv/Scheduler/lib/CORE1/cagOsCORE1-0.a(sffs.o)
                0x0000000000ecb698                sffs_get_fsfd

.text.sffs_set_errno
                0x0000000000ecb6c4       0x54
 .text.sffs_set_errno
                0x0000000000ecb6c4       0x54 ../PM_FW_COMMON/Srv/Scheduler/lib/CORE1/cagOsCORE1-0.a(sffs.o)
                0x0000000000ecb6c4                sffs_set_errno

.text.sffs_get_errno
                0x0000000000ecb718      0x158
 .text.sffs_get_errno
                0x0000000000ecb718      0x158 ../PM_FW_COMMON/Srv/Scheduler/lib/CORE1/cagOsCORE1-0.a(sffs.o)
                0x0000000000ecb718                sffs_get_errno

.text.sffs_write_at
                0x0000000000ecb870       0x88
 .text.sffs_write_at
                0x0000000000ecb870       0x88 ../PM_FW_COMMON/Srv/Scheduler/lib/CORE1/cagOsCORE1-0.a(sffs.o)

.text.sffs_erase_at
                0x0000000000ecb8f8       0xc0
 .text.sffs_erase_at
                0x0000000000ecb8f8       0xc0 ../PM_FW_COMMON/Srv/Scheduler/lib/CORE1/cagOsCORE1-0.a(sffs.o)

.text.sffs_get_se
                0x0000000000ecb9b8      0x164
 .text.sffs_get_se
                0x0000000000ecb9b8      0x164 ../PM_FW_COMMON/Srv/Scheduler/lib/CORE1/cagOsCORE1-0.a(sffs.o)

.text.sffs_set_sebit
                0x0000000000ecbb1c       0x54
 .text.sffs_set_sebit
                0x0000000000ecbb1c       0x54 ../PM_FW_COMMON/Srv/Scheduler/lib/CORE1/cagOsCORE1-0.a(sffs.o)

.text.sffs_clear_sebit
                0x0000000000ecbb70       0x54
 .text.sffs_clear_sebit
                0x0000000000ecbb70       0x54 ../PM_FW_COMMON/Srv/Scheduler/lib/CORE1/cagOsCORE1-0.a(sffs.o)

.text.sffs_ckstat
                0x0000000000ecbbc4       0x4c
 .text.sffs_ckstat
                0x0000000000ecbbc4       0x4c ../PM_FW_COMMON/Srv/Scheduler/lib/CORE1/cagOsCORE1-0.a(sffs.o)

.text.sffs_ck_fd
                0x0000000000ecbc10       0x74
 .text.sffs_ck_fd
                0x0000000000ecbc10       0x74 ../PM_FW_COMMON/Srv/Scheduler/lib/CORE1/cagOsCORE1-0.a(sffs.o)
                0x0000000000ecbc10                sffs_ck_fd

.text.sffs_check_fid
                0x0000000000ecbc84       0x8c
 .text.sffs_check_fid
                0x0000000000ecbc84       0x8c ../PM_FW_COMMON/Srv/Scheduler/lib/CORE1/cagOsCORE1-0.a(sffs.o)

.text.sffs_get_hdrss
                0x0000000000ecbd10      0x7f4
 .text.sffs_get_hdrss
                0x0000000000ecbd10      0x7f4 ../PM_FW_COMMON/Srv/Scheduler/lib/CORE1/cagOsCORE1-0.a(sffs.o)

.text.sffs_reset_filehdr
                0x0000000000ecc504      0x2c0
 .text.sffs_reset_filehdr
                0x0000000000ecc504      0x2c0 ../PM_FW_COMMON/Srv/Scheduler/lib/CORE1/cagOsCORE1-0.a(sffs.o)

.text.sffs_find_filehdr
                0x0000000000ecc7c4      0x164
 .text.sffs_find_filehdr
                0x0000000000ecc7c4      0x164 ../PM_FW_COMMON/Srv/Scheduler/lib/CORE1/cagOsCORE1-0.a(sffs.o)
                0x0000000000ecc7c4                sffs_find_filehdr

.text.sffs_get_filehdr
                0x0000000000ecc928       0xc8
 .text.sffs_get_filehdr
                0x0000000000ecc928       0xc8 ../PM_FW_COMMON/Srv/Scheduler/lib/CORE1/cagOsCORE1-0.a(sffs.o)

.text.sffs_is_mounted
                0x0000000000ecc9f0       0x2c
 .text.sffs_is_mounted
                0x0000000000ecc9f0       0x2c ../PM_FW_COMMON/Srv/Scheduler/lib/CORE1/cagOsCORE1-0.a(sffs.o)
                0x0000000000ecc9f0                sffs_is_mounted

.text.sffs_write_4k
                0x0000000000ecca1c      0x3d8
 .text.sffs_write_4k
                0x0000000000ecca1c      0x3d8 ../PM_FW_COMMON/Srv/Scheduler/lib/CORE1/cagOsCORE1-0.a(sffs.o)

.text.sffs_read_4k
                0x0000000000eccdf4      0x2bc
 .text.sffs_read_4k
                0x0000000000eccdf4      0x2bc ../PM_FW_COMMON/Srv/Scheduler/lib/CORE1/cagOsCORE1-0.a(sffs.o)

.text.sffs_slot_clear
                0x0000000000ecd0b0       0x80
 .text.sffs_slot_clear
                0x0000000000ecd0b0       0x80 ../PM_FW_COMMON/Srv/Scheduler/lib/CORE1/cagOsCORE1-0.a(sffs.o)
                0x0000000000ecd0b0                sffs_slot_clear

.text.sffs_start
                0x0000000000ecd130      0x310
 .text.sffs_start
                0x0000000000ecd130      0x310 ../PM_FW_COMMON/Srv/Scheduler/lib/CORE1/cagOsCORE1-0.a(sffs.o)

.text.sffs_open
                0x0000000000ecd440      0x2b8
 .text.sffs_open
                0x0000000000ecd440      0x2b8 ../PM_FW_COMMON/Srv/Scheduler/lib/CORE1/cagOsCORE1-0.a(sffs.o)
                0x0000000000ecd440                sffs_open

.text.sffs_close
                0x0000000000ecd6f8      0x7e8
 .text.sffs_close
                0x0000000000ecd6f8      0x7e8 ../PM_FW_COMMON/Srv/Scheduler/lib/CORE1/cagOsCORE1-0.a(sffs.o)
                0x0000000000ecd6f8                sffs_close

.text.sffs_write
                0x0000000000ecdee0      0x60c
 .text.sffs_write
                0x0000000000ecdee0      0x60c ../PM_FW_COMMON/Srv/Scheduler/lib/CORE1/cagOsCORE1-0.a(sffs.o)
                0x0000000000ecdee0                sffs_write

.text.sffs_read
                0x0000000000ece4ec      0x39c
 .text.sffs_read
                0x0000000000ece4ec      0x39c ../PM_FW_COMMON/Srv/Scheduler/lib/CORE1/cagOsCORE1-0.a(sffs.o)
                0x0000000000ece4ec                sffs_read

.text.sffs_rename
                0x0000000000ece888      0x60c
 .text.sffs_rename
                0x0000000000ece888      0x60c ../PM_FW_COMMON/Srv/Scheduler/lib/CORE1/cagOsCORE1-0.a(sffs.o)
                0x0000000000ece888                sffs_rename

.text.sffs_remove_byfd
                0x0000000000ecee94      0x494
 .text.sffs_remove_byfd
                0x0000000000ecee94      0x494 ../PM_FW_COMMON/Srv/Scheduler/lib/CORE1/cagOsCORE1-0.a(sffs.o)
                0x0000000000ecee94                sffs_remove_byfd

.text.sffs_remove_byname
                0x0000000000ecf328       0x90
 .text.sffs_remove_byname
                0x0000000000ecf328       0x90 ../PM_FW_COMMON/Srv/Scheduler/lib/CORE1/cagOsCORE1-0.a(sffs.o)
                0x0000000000ecf328                sffs_remove_byname

.text.sffs_format
                0x0000000000ecf3b8      0x1dc
 .text.sffs_format
                0x0000000000ecf3b8      0x1dc ../PM_FW_COMMON/Srv/Scheduler/lib/CORE1/cagOsCORE1-0.a(sffs.o)
                0x0000000000ecf3b8                sffs_format

.text.sffs_check_sffs
                0x0000000000ecf594       0x64
 .text.sffs_check_sffs
                0x0000000000ecf594       0x64 ../PM_FW_COMMON/Srv/Scheduler/lib/CORE1/cagOsCORE1-0.a(sffs.o)

.text.sffs_register
                0x0000000000ecf5f8      0x114
 .text.sffs_register
                0x0000000000ecf5f8      0x114 ../PM_FW_COMMON/Srv/Scheduler/lib/CORE1/cagOsCORE1-0.a(sffs.o)
                0x0000000000ecf5f8                sffs_register

.text.sffs_get_slot
                0x0000000000ecf70c       0x58
 .text.sffs_get_slot
                0x0000000000ecf70c       0x58 ../PM_FW_COMMON/Srv/Scheduler/lib/CORE1/cagOsCORE1-0.a(sffs.o)
                0x0000000000ecf70c                sffs_get_slot

.text.sffs_mount
                0x0000000000ecf764      0x9cc
 .text.sffs_mount
                0x0000000000ecf764      0x9cc ../PM_FW_COMMON/Srv/Scheduler/lib/CORE1/cagOsCORE1-0.a(sffs.o)
                0x0000000000ecf764                sffs_mount

.text.sf_get_stat
                0x0000000000ed0130       0x94
 .text.sf_get_stat
                0x0000000000ed0130       0x94 ../PM_FW_COMMON/Srv/Scheduler/lib/CORE1/cagOsCORE1-0.a(sf.o)

.text.sf_set_addr
                0x0000000000ed01c4       0x74
 .text.sf_set_addr
                0x0000000000ed01c4       0x74 ../PM_FW_COMMON/Srv/Scheduler/lib/CORE1/cagOsCORE1-0.a(sf.o)

.text.sf_set_timeout
                0x0000000000ed0238       0x6c
 .text.sf_set_timeout
                0x0000000000ed0238       0x6c ../PM_FW_COMMON/Srv/Scheduler/lib/CORE1/cagOsCORE1-0.a(sf.o)

.text.sf_addr_ck
                0x0000000000ed02a4       0xdc
 .text.sf_addr_ck
                0x0000000000ed02a4       0xdc ../PM_FW_COMMON/Srv/Scheduler/lib/CORE1/cagOsCORE1-0.a(sf.o)

.text.spiflash_read
                0x0000000000ed0380      0x1f4
 .text.spiflash_read
                0x0000000000ed0380      0x1f4 ../PM_FW_COMMON/Srv/Scheduler/lib/CORE1/cagOsCORE1-0.a(sf.o)
                0x0000000000ed0380                spiflash_read

.text.spiflash_write
                0x0000000000ed0574      0x1d8
 .text.spiflash_write
                0x0000000000ed0574      0x1d8 ../PM_FW_COMMON/Srv/Scheduler/lib/CORE1/cagOsCORE1-0.a(sf.o)
                0x0000000000ed0574                spiflash_write

.text.spiflash_erase
                0x0000000000ed074c      0x218
 .text.spiflash_erase
                0x0000000000ed074c      0x218 ../PM_FW_COMMON/Srv/Scheduler/lib/CORE1/cagOsCORE1-0.a(sf.o)
                0x0000000000ed074c                spiflash_erase

.text.strcpy    0x0000000000ed0964       0x6c
 .text.strcpy   0x0000000000ed0964       0x6c ../PM_FW_COMMON/Srv/Scheduler/lib/CORE1/cagOsCORE1-0.a(strcpy.o)
                0x0000000000ed0964                strcpy

.text.strlen    0x0000000000ed09d0       0x5c
 .text.strlen   0x0000000000ed09d0       0x5c ../PM_FW_COMMON/Srv/Scheduler/lib/CORE1/cagOsCORE1-0.a(strlen.o)
                0x0000000000ed09d0                strlen

.text.strncpy   0x0000000000ed0a2c       0xc8
 .text.strncpy  0x0000000000ed0a2c       0xc8 ../PM_FW_COMMON/Srv/Scheduler/lib/CORE1/cagOsCORE1-0.a(strncpy.o)
                0x0000000000ed0a2c                strncpy

.text.printLogo
                0x0000000000ed0af4       0x80
 .text.printLogo
                0x0000000000ed0af4       0x80 ../PM_FW_COMMON/Srv/Scheduler/lib/CORE1/cagOsCORE1-0.a(sysBanner.o)
                0x0000000000ed0af4                printLogo

.text.sysBanner
                0x0000000000ed0b74       0x30
 .text.sysBanner
                0x0000000000ed0b74       0x30 ../PM_FW_COMMON/Srv/Scheduler/lib/CORE1/cagOsCORE1-0.a(sysBanner.o)
                0x0000000000ed0b74                sysBanner

.text.sysClkFreqGet
                0x0000000000ed0ba4       0x28
 .text.sysClkFreqGet
                0x0000000000ed0ba4       0x28 ../PM_FW_COMMON/Srv/Scheduler/lib/CORE1/cagOsCORE1-0.a(sysBoard.o)
                0x0000000000ed0ba4                sysClkFreqGet

.text.sysUsDelay
                0x0000000000ed0bcc      0x104
 .text.sysUsDelay
                0x0000000000ed0bcc      0x104 ../PM_FW_COMMON/Srv/Scheduler/lib/CORE1/cagOsCORE1-0.a(sysBoard.o)
                0x0000000000ed0bcc                sysUsDelay

.text.sysUartClkRateGet
                0x0000000000ed0cd0       0x28
 .text.sysUartClkRateGet
                0x0000000000ed0cd0       0x28 ../PM_FW_COMMON/Srv/Scheduler/lib/CORE1/cagOsCORE1-0.a(sysBoard.o)
                0x0000000000ed0cd0                sysUartClkRateGet

.text.sysMiscInit
                0x0000000000ed0cf8       0x58
 .text.sysMiscInit
                0x0000000000ed0cf8       0x58 ../PM_FW_COMMON/Srv/Scheduler/lib/CORE1/cagOsCORE1-0.a(sysBoard.o)
                0x0000000000ed0cf8                sysMiscInit

.text.hang      0x0000000000ed0d50       0x54
 .text.hang     0x0000000000ed0d50       0x54 ../PM_FW_COMMON/Srv/Scheduler/lib/CORE1/cagOsCORE1-0.a(sysBoard.o)
                0x0000000000ed0d50                hang

.text.panic     0x0000000000ed0da4       0x4c
 .text.panic    0x0000000000ed0da4       0x4c ../PM_FW_COMMON/Srv/Scheduler/lib/CORE1/cagOsCORE1-0.a(sysBoard.o)
                0x0000000000ed0da4                panic

.text.cacheArchEnable
                0x0000000000ed0df0       0x58
 .text.cacheArchEnable
                0x0000000000ed0df0       0x58 ../PM_FW_COMMON/Srv/Scheduler/lib/CORE1/cagOsCORE1-0.a(sysCacheE500Lib.o)
                0x0000000000ed0df0                cacheArchEnable

.text.cacheE500EnableI
                0x0000000000ed0e48       0x40
 .text.cacheE500EnableI
                0x0000000000ed0e48       0x40 ../PM_FW_COMMON/Srv/Scheduler/lib/CORE1/cagOsCORE1-0.a(sysCacheE500Lib.o)
                0x0000000000ed0e48                cacheE500EnableI

.text.cacheE500EnableD
                0x0000000000ed0e88       0x80
 .text.cacheE500EnableD
                0x0000000000ed0e88       0x80 ../PM_FW_COMMON/Srv/Scheduler/lib/CORE1/cagOsCORE1-0.a(sysCacheE500Lib.o)
                0x0000000000ed0e88                cacheE500EnableD

.text.cacheE500DisableD
                0x0000000000ed0f08       0x30
 .text.cacheE500DisableD
                0x0000000000ed0f08       0x30 ../PM_FW_COMMON/Srv/Scheduler/lib/CORE1/cagOsCORE1-0.a(sysCacheE500Lib.o)
                0x0000000000ed0f08                cacheE500DisableD

.text.cacheE500DisableDFromMmu
                0x0000000000ed0f38       0x80
 .text.cacheE500DisableDFromMmu
                0x0000000000ed0f38       0x80 ../PM_FW_COMMON/Srv/Scheduler/lib/CORE1/cagOsCORE1-0.a(sysCacheE500Lib.o)
                0x0000000000ed0f38                cacheE500DisableDFromMmu

.text.cacheIsOnD
                0x0000000000ed0fb8       0x54
 .text.cacheIsOnD
                0x0000000000ed0fb8       0x54 ../PM_FW_COMMON/Srv/Scheduler/lib/CORE1/cagOsCORE1-0.a(sysCacheE500Lib.o)
                0x0000000000ed0fb8                cacheIsOnD

.text.OSCfg_Init
                0x0000000000ed100c       0x1c
 .text.OSCfg_Init
                0x0000000000ed100c       0x1c ../PM_FW_COMMON/Srv/Scheduler/lib/CORE1/cagOsCORE1-0.a(sysCfg.o)
                0x0000000000ed100c                OSCfg_Init

.text.OSInit    0x0000000000ed1028      0x1cc
 .text.OSInit   0x0000000000ed1028      0x1cc ../PM_FW_COMMON/Srv/Scheduler/lib/CORE1/cagOsCORE1-0.a(sysCore.o)
                0x0000000000ed1028                OSInit

.text.OSIntEnter
                0x0000000000ed11f4      0x110
 .text.OSIntEnter
                0x0000000000ed11f4      0x110 ../PM_FW_COMMON/Srv/Scheduler/lib/CORE1/cagOsCORE1-0.a(sysCore.o)
                0x0000000000ed11f4                OSIntEnter

.text.OSIntExit
                0x0000000000ed1304      0x1c4
 .text.OSIntExit
                0x0000000000ed1304      0x1c4 ../PM_FW_COMMON/Srv/Scheduler/lib/CORE1/cagOsCORE1-0.a(sysCore.o)
                0x0000000000ed1304                OSIntExit

.text.OSSched   0x0000000000ed14c8       0xf8
 .text.OSSched  0x0000000000ed14c8       0xf8 ../PM_FW_COMMON/Srv/Scheduler/lib/CORE1/cagOsCORE1-0.a(sysCore.o)
                0x0000000000ed14c8                OSSched

.text.OSStart   0x0000000000ed15c0       0xd8
 .text.OSStart  0x0000000000ed15c0       0xd8 ../PM_FW_COMMON/Srv/Scheduler/lib/CORE1/cagOsCORE1-0.a(sysCore.o)
                0x0000000000ed15c0                OSStart

.text.OS_IdleTask
                0x0000000000ed1698       0x3c
 .text.OS_IdleTask
                0x0000000000ed1698       0x3c ../PM_FW_COMMON/Srv/Scheduler/lib/CORE1/cagOsCORE1-0.a(sysCore.o)
                0x0000000000ed1698                OS_IdleTask

.text.OS_IdleTaskInit
                0x0000000000ed16d4       0xa4
 .text.OS_IdleTaskInit
                0x0000000000ed16d4       0xa4 ../PM_FW_COMMON/Srv/Scheduler/lib/CORE1/cagOsCORE1-0.a(sysCore.o)
                0x0000000000ed16d4                OS_IdleTaskInit

.text.OS_Pend   0x0000000000ed1778       0xe0
 .text.OS_Pend  0x0000000000ed1778       0xe0 ../PM_FW_COMMON/Srv/Scheduler/lib/CORE1/cagOsCORE1-0.a(sysCore.o)
                0x0000000000ed1778                OS_Pend

.text.OS_PendDataInit
                0x0000000000ed1858       0xd8
 .text.OS_PendDataInit
                0x0000000000ed1858       0xd8 ../PM_FW_COMMON/Srv/Scheduler/lib/CORE1/cagOsCORE1-0.a(sysCore.o)
                0x0000000000ed1858                OS_PendDataInit

.text.OS_PendListChangePrio
                0x0000000000ed1930       0xbc
 .text.OS_PendListChangePrio
                0x0000000000ed1930       0xbc ../PM_FW_COMMON/Srv/Scheduler/lib/CORE1/cagOsCORE1-0.a(sysCore.o)
                0x0000000000ed1930                OS_PendListChangePrio

.text.OS_PendListInit
                0x0000000000ed19ec       0x44
 .text.OS_PendListInit
                0x0000000000ed19ec       0x44 ../PM_FW_COMMON/Srv/Scheduler/lib/CORE1/cagOsCORE1-0.a(sysCore.o)
                0x0000000000ed19ec                OS_PendListInit

.text.OS_PendListInsertPrio
                0x0000000000ed1a30      0x1cc
 .text.OS_PendListInsertPrio
                0x0000000000ed1a30      0x1cc ../PM_FW_COMMON/Srv/Scheduler/lib/CORE1/cagOsCORE1-0.a(sysCore.o)
                0x0000000000ed1a30                OS_PendListInsertPrio

.text.OS_PendListRemove
                0x0000000000ed1bfc       0xb4
 .text.OS_PendListRemove
                0x0000000000ed1bfc       0xb4 ../PM_FW_COMMON/Srv/Scheduler/lib/CORE1/cagOsCORE1-0.a(sysCore.o)
                0x0000000000ed1bfc                OS_PendListRemove

.text.OS_PendListRemove1
                0x0000000000ed1cb0      0x128
 .text.OS_PendListRemove1
                0x0000000000ed1cb0      0x128 ../PM_FW_COMMON/Srv/Scheduler/lib/CORE1/cagOsCORE1-0.a(sysCore.o)
                0x0000000000ed1cb0                OS_PendListRemove1

.text.OS_Post   0x0000000000ed1dd8      0x1fc
 .text.OS_Post  0x0000000000ed1dd8      0x1fc ../PM_FW_COMMON/Srv/Scheduler/lib/CORE1/cagOsCORE1-0.a(sysCore.o)
                0x0000000000ed1dd8                OS_Post

.text.OS_Post1  0x0000000000ed1fd4       0xc4
 .text.OS_Post1
                0x0000000000ed1fd4       0xc4 ../PM_FW_COMMON/Srv/Scheduler/lib/CORE1/cagOsCORE1-0.a(sysCore.o)
                0x0000000000ed1fd4                OS_Post1

.text.OS_RdyListInit
                0x0000000000ed2098       0x90
 .text.OS_RdyListInit
                0x0000000000ed2098       0x90 ../PM_FW_COMMON/Srv/Scheduler/lib/CORE1/cagOsCORE1-0.a(sysCore.o)
                0x0000000000ed2098                OS_RdyListInit

.text.OS_RdyListInsert
                0x0000000000ed2128       0x78
 .text.OS_RdyListInsert
                0x0000000000ed2128       0x78 ../PM_FW_COMMON/Srv/Scheduler/lib/CORE1/cagOsCORE1-0.a(sysCore.o)
                0x0000000000ed2128                OS_RdyListInsert

.text.OS_RdyListInsertHead
                0x0000000000ed21a0       0xf8
 .text.OS_RdyListInsertHead
                0x0000000000ed21a0       0xf8 ../PM_FW_COMMON/Srv/Scheduler/lib/CORE1/cagOsCORE1-0.a(sysCore.o)
                0x0000000000ed21a0                OS_RdyListInsertHead

.text.OS_RdyListInsertTail
                0x0000000000ed2298       0xf4
 .text.OS_RdyListInsertTail
                0x0000000000ed2298       0xf4 ../PM_FW_COMMON/Srv/Scheduler/lib/CORE1/cagOsCORE1-0.a(sysCore.o)
                0x0000000000ed2298                OS_RdyListInsertTail

.text.OS_RdyListMoveHeadToTail
                0x0000000000ed238c      0x120
 .text.OS_RdyListMoveHeadToTail
                0x0000000000ed238c      0x120 ../PM_FW_COMMON/Srv/Scheduler/lib/CORE1/cagOsCORE1-0.a(sysCore.o)
                0x0000000000ed238c                OS_RdyListMoveHeadToTail

.text.OS_RdyListRemove
                0x0000000000ed24ac      0x164
 .text.OS_RdyListRemove
                0x0000000000ed24ac      0x164 ../PM_FW_COMMON/Srv/Scheduler/lib/CORE1/cagOsCORE1-0.a(sysCore.o)
                0x0000000000ed24ac                OS_RdyListRemove

.text.OS_SchedRoundRobin
                0x0000000000ed2610      0x12c
 .text.OS_SchedRoundRobin
                0x0000000000ed2610      0x12c ../PM_FW_COMMON/Srv/Scheduler/lib/CORE1/cagOsCORE1-0.a(sysCore.o)
                0x0000000000ed2610                OS_SchedRoundRobin

.text.OS_TaskBlock
                0x0000000000ed273c       0x78
 .text.OS_TaskBlock
                0x0000000000ed273c       0x78 ../PM_FW_COMMON/Srv/Scheduler/lib/CORE1/cagOsCORE1-0.a(sysCore.o)
                0x0000000000ed273c                OS_TaskBlock

.text.mmuE500TlbStaticEntrySet
                0x0000000000ed27b4      0x3a8
 .text.mmuE500TlbStaticEntrySet
                0x0000000000ed27b4      0x3a8 ../PM_FW_COMMON/Srv/Scheduler/lib/CORE1/cagOsCORE1-0.a(sysCpuE500Lib.o)
                0x0000000000ed27b4                mmuE500TlbStaticEntrySet

.text.mmuE500TlbStaticInit1
                0x0000000000ed2b5c       0x88
 .text.mmuE500TlbStaticInit1
                0x0000000000ed2b5c       0x88 ../PM_FW_COMMON/Srv/Scheduler/lib/CORE1/cagOsCORE1-0.a(sysCpuE500Lib.o)
                0x0000000000ed2b5c                mmuE500TlbStaticInit1

.text.clockTaskStart
                0x0000000000ed2be4       0xd8
 .text.clockTaskStart
                0x0000000000ed2be4       0xd8 ../PM_FW_COMMON/Srv/Scheduler/lib/CORE1/cagOsCORE1-0.a(sysDec.o)
                0x0000000000ed2be4                clockTaskStart

.text.OS_MsgPoolInit
                0x0000000000ed2cbc      0x190
 .text.OS_MsgPoolInit
                0x0000000000ed2cbc      0x190 ../PM_FW_COMMON/Srv/Scheduler/lib/CORE1/cagOsCORE1-0.a(sysMsg.o)
                0x0000000000ed2cbc                OS_MsgPoolInit

.text.OS_MutexInit
                0x0000000000ed2e4c       0x38
 .text.OS_MutexInit
                0x0000000000ed2e4c       0x38 ../PM_FW_COMMON/Srv/Scheduler/lib/CORE1/cagOsCORE1-0.a(sysMutex.o)
                0x0000000000ed2e4c                OS_MutexInit

.text.OS_MutexGrpAdd
                0x0000000000ed2e84       0x40
 .text.OS_MutexGrpAdd
                0x0000000000ed2e84       0x40 ../PM_FW_COMMON/Srv/Scheduler/lib/CORE1/cagOsCORE1-0.a(sysMutex.o)
                0x0000000000ed2e84                OS_MutexGrpAdd

.text.OS_MutexGrpRemove
                0x0000000000ed2ec4       0x6c
 .text.OS_MutexGrpRemove
                0x0000000000ed2ec4       0x6c ../PM_FW_COMMON/Srv/Scheduler/lib/CORE1/cagOsCORE1-0.a(sysMutex.o)
                0x0000000000ed2ec4                OS_MutexGrpRemove

.text.OS_MutexGrpPrioFindHighest
                0x0000000000ed2f30       0xb0
 .text.OS_MutexGrpPrioFindHighest
                0x0000000000ed2f30       0xb0 ../PM_FW_COMMON/Srv/Scheduler/lib/CORE1/cagOsCORE1-0.a(sysMutex.o)
                0x0000000000ed2f30                OS_MutexGrpPrioFindHighest

.text.OS_MutexGrpPostAll
                0x0000000000ed2fe0      0x108
 .text.OS_MutexGrpPostAll
                0x0000000000ed2fe0      0x108 ../PM_FW_COMMON/Srv/Scheduler/lib/CORE1/cagOsCORE1-0.a(sysMutex.o)
                0x0000000000ed2fe0                OS_MutexGrpPostAll

.text.OS_PrioInit
                0x0000000000ed30e8       0x5c
 .text.OS_PrioInit
                0x0000000000ed30e8       0x5c ../PM_FW_COMMON/Srv/Scheduler/lib/CORE1/cagOsCORE1-0.a(sysPrio.o)
                0x0000000000ed30e8                OS_PrioInit

.text.OS_PrioGetHighest
                0x0000000000ed3144       0x9c
 .text.OS_PrioGetHighest
                0x0000000000ed3144       0x9c ../PM_FW_COMMON/Srv/Scheduler/lib/CORE1/cagOsCORE1-0.a(sysPrio.o)
                0x0000000000ed3144                OS_PrioGetHighest

.text.OS_PrioInsert
                0x0000000000ed31e0       0xa0
 .text.OS_PrioInsert
                0x0000000000ed31e0       0xa0 ../PM_FW_COMMON/Srv/Scheduler/lib/CORE1/cagOsCORE1-0.a(sysPrio.o)
                0x0000000000ed31e0                OS_PrioInsert

.text.OS_PrioRemove
                0x0000000000ed3280       0xa4
 .text.OS_PrioRemove
                0x0000000000ed3280       0xa4 ../PM_FW_COMMON/Srv/Scheduler/lib/CORE1/cagOsCORE1-0.a(sysPrio.o)
                0x0000000000ed3280                OS_PrioRemove

.text.OS_QInit  0x0000000000ed3324       0x38
 .text.OS_QInit
                0x0000000000ed3324       0x38 ../PM_FW_COMMON/Srv/Scheduler/lib/CORE1/cagOsCORE1-0.a(sysQueue.o)
                0x0000000000ed3324                OS_QInit

.text.OSSemCreate
                0x0000000000ed335c       0xe4
 .text.OSSemCreate
                0x0000000000ed335c       0xe4 ../PM_FW_COMMON/Srv/Scheduler/lib/CORE1/cagOsCORE1-0.a(sysSem.o)
                0x0000000000ed335c                OSSemCreate

.text.OSSemPend
                0x0000000000ed3440      0x2f0
 .text.OSSemPend
                0x0000000000ed3440      0x2f0 ../PM_FW_COMMON/Srv/Scheduler/lib/CORE1/cagOsCORE1-0.a(sysSem.o)
                0x0000000000ed3440                OSSemPend

.text.OSSemPost
                0x0000000000ed3730       0xe8
 .text.OSSemPost
                0x0000000000ed3730       0xe8 ../PM_FW_COMMON/Srv/Scheduler/lib/CORE1/cagOsCORE1-0.a(sysSem.o)
                0x0000000000ed3730                OSSemPost

.text.OS_SemInit
                0x0000000000ed3818       0x38
 .text.OS_SemInit
                0x0000000000ed3818       0x38 ../PM_FW_COMMON/Srv/Scheduler/lib/CORE1/cagOsCORE1-0.a(sysSem.o)
                0x0000000000ed3818                OS_SemInit

.text.OS_SemPost
                0x0000000000ed3850      0x1a4
 .text.OS_SemPost
                0x0000000000ed3850      0x1a4 ../PM_FW_COMMON/Srv/Scheduler/lib/CORE1/cagOsCORE1-0.a(sysSem.o)
                0x0000000000ed3850                OS_SemPost

.text.get_bit_val
                0x0000000000ed39f4       0xa0
 .text.get_bit_val
                0x0000000000ed39f4       0xa0 ../PM_FW_COMMON/Srv/Scheduler/lib/CORE1/cagOsCORE1-0.a(bits.o)
                0x0000000000ed39f4                get_bit_val

.text.set_bit_val
                0x0000000000ed3a94       0xa8
 .text.set_bit_val
                0x0000000000ed3a94       0xa8 ../PM_FW_COMMON/Srv/Scheduler/lib/CORE1/cagOsCORE1-0.a(bits.o)
                0x0000000000ed3a94                set_bit_val

.text.clear_bit_val
                0x0000000000ed3b3c       0xb4
 .text.clear_bit_val
                0x0000000000ed3b3c       0xb4 ../PM_FW_COMMON/Srv/Scheduler/lib/CORE1/cagOsCORE1-0.a(bits.o)
                0x0000000000ed3b3c                clear_bit_val

.text.bcopy     0x0000000000ed3bf0      0x294
 .text.bcopy    0x0000000000ed3bf0      0x294 ../PM_FW_COMMON/Srv/Scheduler/lib/CORE1/cagOsCORE1-0.a(bLib.o)
                0x0000000000ed3bf0                bcopy

.text.bfill     0x0000000000ed3e84      0x120
 .text.bfill    0x0000000000ed3e84      0x120 ../PM_FW_COMMON/Srv/Scheduler/lib/CORE1/cagOsCORE1-0.a(bLib.o)
                0x0000000000ed3e84                bfill

.text.fpga_read
                0x0000000000ed3fa4       0x34
 .text.fpga_read
                0x0000000000ed3fa4       0x34 ../PM_FW_COMMON/Srv/Scheduler/lib/CORE1/cagOsCORE1-0.a(fpga.o)
                0x0000000000ed3fa4                fpga_read

.text.fpga_write
                0x0000000000ed3fd8       0x38
 .text.fpga_write
                0x0000000000ed3fd8       0x38 ../PM_FW_COMMON/Srv/Scheduler/lib/CORE1/cagOsCORE1-0.a(fpga.o)
                0x0000000000ed3fd8                fpga_write

.text.fs_get_err
                0x0000000000ed4010       0x40
 .text.fs_get_err
                0x0000000000ed4010       0x40 ../PM_FW_COMMON/Srv/Scheduler/lib/CORE1/cagOsCORE1-0.a(fs_api.o)
                0x0000000000ed4010                fs_get_err

.text.fs_mount2
                0x0000000000ed4050      0x138
 .text.fs_mount2
                0x0000000000ed4050      0x138 ../PM_FW_COMMON/Srv/Scheduler/lib/CORE1/cagOsCORE1-0.a(fs_api.o)
                0x0000000000ed4050                fs_mount2

.text.fs_file_len
                0x0000000000ed4188      0x134
 .text.fs_file_len
                0x0000000000ed4188      0x134 ../PM_FW_COMMON/Srv/Scheduler/lib/CORE1/cagOsCORE1-0.a(fs_api.o)
                0x0000000000ed4188                fs_file_len

.text.fs_rename
                0x0000000000ed42bc       0xec
 .text.fs_rename
                0x0000000000ed42bc       0xec ../PM_FW_COMMON/Srv/Scheduler/lib/CORE1/cagOsCORE1-0.a(fs_api.o)
                0x0000000000ed42bc                fs_rename

.text.fs_open   0x0000000000ed43a8      0x268
 .text.fs_open  0x0000000000ed43a8      0x268 ../PM_FW_COMMON/Srv/Scheduler/lib/CORE1/cagOsCORE1-0.a(fs_api.o)
                0x0000000000ed43a8                fs_open

.text.fs_remove
                0x0000000000ed4610       0xe4
 .text.fs_remove
                0x0000000000ed4610       0xe4 ../PM_FW_COMMON/Srv/Scheduler/lib/CORE1/cagOsCORE1-0.a(fs_api.o)
                0x0000000000ed4610                fs_remove

.text.fs_read   0x0000000000ed46f4      0x1c4
 .text.fs_read  0x0000000000ed46f4      0x1c4 ../PM_FW_COMMON/Srv/Scheduler/lib/CORE1/cagOsCORE1-0.a(fs_api.o)
                0x0000000000ed46f4                fs_read

.text.fs_write  0x0000000000ed48b8      0x1c4
 .text.fs_write
                0x0000000000ed48b8      0x1c4 ../PM_FW_COMMON/Srv/Scheduler/lib/CORE1/cagOsCORE1-0.a(fs_api.o)
                0x0000000000ed48b8                fs_write

.text.fs_close  0x0000000000ed4a7c      0x174
 .text.fs_close
                0x0000000000ed4a7c      0x174 ../PM_FW_COMMON/Srv/Scheduler/lib/CORE1/cagOsCORE1-0.a(fs_api.o)
                0x0000000000ed4a7c                fs_close

.text.fs_format
                0x0000000000ed4bf0       0xf0
 .text.fs_format
                0x0000000000ed4bf0       0xf0 ../PM_FW_COMMON/Srv/Scheduler/lib/CORE1/cagOsCORE1-0.a(fs_api.o)
                0x0000000000ed4bf0                fs_format

.text.fs_ls     0x0000000000ed4ce0      0x64c
 .text.fs_ls    0x0000000000ed4ce0      0x64c ../PM_FW_COMMON/Srv/Scheduler/lib/CORE1/cagOsCORE1-0.a(fs_api.o)
                0x0000000000ed4ce0                fs_ls

.text.strcmp    0x0000000000ed532c       0xa4
 .text.strcmp   0x0000000000ed532c       0xa4 ../PM_FW_COMMON/Srv/Scheduler/lib/CORE1/cagOsCORE1-0.a(strcmp.o)
                0x0000000000ed532c                strcmp

.text.rts_var_init
                0x0000000000ed53d0      0x100
 .text.rts_var_init
                0x0000000000ed53d0      0x100 ../PM_FW_COMMON/Srv/Scheduler/lib/CORE1/cagOsCORE1-0.a(sysApi.o)
                0x0000000000ed53d0                rts_var_init

.text.os_create_task
                0x0000000000ed54d0      0x1bc
 .text.os_create_task
                0x0000000000ed54d0      0x1bc ../PM_FW_COMMON/Srv/Scheduler/lib/CORE1/cagOsCORE1-0.a(sysApi.o)
                0x0000000000ed54d0                os_create_task

.text.udelay    0x0000000000ed568c       0x38
 .text.udelay   0x0000000000ed568c       0x38 ../PM_FW_COMMON/Srv/Scheduler/lib/CORE1/cagOsCORE1-0.a(sysApi.o)
                0x0000000000ed568c                udelay

.text.os_sem_create
                0x0000000000ed56c4       0xf8
 .text.os_sem_create
                0x0000000000ed56c4       0xf8 ../PM_FW_COMMON/Srv/Scheduler/lib/CORE1/cagOsCORE1-0.a(sysApi.o)
                0x0000000000ed56c4                os_sem_create

.text.os_sem_pend
                0x0000000000ed57bc      0x118
 .text.os_sem_pend
                0x0000000000ed57bc      0x118 ../PM_FW_COMMON/Srv/Scheduler/lib/CORE1/cagOsCORE1-0.a(sysApi.o)
                0x0000000000ed57bc                os_sem_pend

.text.os_sem_post
                0x0000000000ed58d4       0xf4
 .text.os_sem_post
                0x0000000000ed58d4       0xf4 ../PM_FW_COMMON/Srv/Scheduler/lib/CORE1/cagOsCORE1-0.a(sysApi.o)
                0x0000000000ed58d4                os_sem_post

.text.os_version
                0x0000000000ed59c8       0x28
 .text.os_version
                0x0000000000ed59c8       0x28 ../PM_FW_COMMON/Srv/Scheduler/lib/CORE1/cagOsCORE1-0.a(sysApi.o)
                0x0000000000ed59c8                os_version

.text.CPU_CntLeadZeros
                0x0000000000ed59f0       0x44
 .text.CPU_CntLeadZeros
                0x0000000000ed59f0       0x44 ../PM_FW_COMMON/Srv/Scheduler/lib/CORE1/cagOsCORE1-0.a(sysCount.o)
                0x0000000000ed59f0                CPU_CntLeadZeros

.text.CPU_CntLeadZeros32
                0x0000000000ed5a34      0x110
 .text.CPU_CntLeadZeros32
                0x0000000000ed5a34      0x110 ../PM_FW_COMMON/Srv/Scheduler/lib/CORE1/cagOsCORE1-0.a(sysCount.o)
                0x0000000000ed5a34                CPU_CntLeadZeros32

.text.SharedRtDataInit
                0x0000000000ed5b44       0x90
 .text.SharedRtDataInit
                0x0000000000ed5b44       0x90 ../PM_FW_COMMON/Srv/SharedMem/src/SharedRtData.o
                0x0000000000ed5b44                SharedRtDataInit

.text.SysGetSharedMemRtDataStartAddr
                0x0000000000ed5bd4       0x80
 .text.SysGetSharedMemRtDataStartAddr
                0x0000000000ed5bd4       0x80 ../PM_FW_COMMON/Srv/SharedMem/src/SharedRtData.o
                0x0000000000ed5bd4                SysGetSharedMemRtDataStartAddr

.text.SysGetSharedMemAppendInfoStartAddr
                0x0000000000ed5c54       0x38
 .text.SysGetSharedMemAppendInfoStartAddr
                0x0000000000ed5c54       0x38 ../PM_FW_COMMON/Srv/SharedMem/src/SharedRtData.o
                0x0000000000ed5c54                SysGetSharedMemAppendInfoStartAddr

.text.SharedCommInit
                0x0000000000ed5c8c       0x48
 .text.SharedCommInit
                0x0000000000ed5c8c       0x48 ../PM_FW_COMMON/Srv/SharedMem/src/SharedComm.o
                0x0000000000ed5c8c                SharedCommInit

.text.SysGetSMMsg
                0x0000000000ed5cd4      0x170
 .text.SysGetSMMsg
                0x0000000000ed5cd4      0x170 ../PM_FW_COMMON/Srv/SharedMem/src/SharedComm.o
                0x0000000000ed5cd4                SysGetSMMsg

.text.SysSetSMMsg
                0x0000000000ed5e44      0x198
 .text.SysSetSMMsg
                0x0000000000ed5e44      0x198 ../PM_FW_COMMON/Srv/SharedMem/src/SharedComm.o
                0x0000000000ed5e44                SysSetSMMsg

.text.SharedConfigInit
                0x0000000000ed5fdc      0x2a8
 .text.SharedConfigInit
                0x0000000000ed5fdc      0x2a8 ../PM_FW_COMMON/Srv/SharedMem/src/SharedConfig.o
                0x0000000000ed5fdc                SharedConfigInit

.text.SharedConfigAreaInit
                0x0000000000ed6284      0x440
 .text.SharedConfigAreaInit
                0x0000000000ed6284      0x440 ../PM_FW_COMMON/Srv/SharedMem/src/SharedConfig.o
                0x0000000000ed6284                SharedConfigAreaInit

.text.SharedGetIoModInfo
                0x0000000000ed66c4      0x104
 .text.SharedGetIoModInfo
                0x0000000000ed66c4      0x104 ../PM_FW_COMMON/Srv/SharedMem/src/SharedConfig.o
                0x0000000000ed66c4                SharedGetIoModInfo

.text.SharedGetCtrlStationInfo
                0x0000000000ed67c8      0x110
 .text.SharedGetCtrlStationInfo
                0x0000000000ed67c8      0x110 ../PM_FW_COMMON/Srv/SharedMem/src/SharedConfig.o
                0x0000000000ed67c8                SharedGetCtrlStationInfo

.text.SharedGetSOEConfigInfo
                0x0000000000ed68d8      0x118
 .text.SharedGetSOEConfigInfo
                0x0000000000ed68d8      0x118 ../PM_FW_COMMON/Srv/SharedMem/src/SharedConfig.o
                0x0000000000ed68d8                SharedGetSOEConfigInfo

.text.SharedGetP2PConfigInfo
                0x0000000000ed69f0       0x90
 .text.SharedGetP2PConfigInfo
                0x0000000000ed69f0       0x90 ../PM_FW_COMMON/Srv/SharedMem/src/SharedConfig.o
                0x0000000000ed69f0                SharedGetP2PConfigInfo

.text.SharedGetCMConfigInfo
                0x0000000000ed6a80       0x88
 .text.SharedGetCMConfigInfo
                0x0000000000ed6a80       0x88 ../PM_FW_COMMON/Srv/SharedMem/src/SharedConfig.o
                0x0000000000ed6a80                SharedGetCMConfigInfo

.text.SharedGetCMSlotIdTabl
                0x0000000000ed6b08       0x90
 .text.SharedGetCMSlotIdTabl
                0x0000000000ed6b08       0x90 ../PM_FW_COMMON/Srv/SharedMem/src/SharedConfig.o
                0x0000000000ed6b08                SharedGetCMSlotIdTabl

.text.SharedGetOldCMSlotIdTabl
                0x0000000000ed6b98       0x38
 .text.SharedGetOldCMSlotIdTabl
                0x0000000000ed6b98       0x38 ../PM_FW_COMMON/Srv/SharedMem/src/SharedConfig.o
                0x0000000000ed6b98                SharedGetOldCMSlotIdTabl

.text.SharedBackupOldCMSlotIdTabl
                0x0000000000ed6bd0       0xa0
 .text.SharedBackupOldCMSlotIdTabl
                0x0000000000ed6bd0       0xa0 ../PM_FW_COMMON/Srv/SharedMem/src/SharedConfig.o
                0x0000000000ed6bd0                SharedBackupOldCMSlotIdTabl

.text.SysGetDownloadAllStartFlag
                0x0000000000ed6c70       0x4c
 .text.SysGetDownloadAllStartFlag
                0x0000000000ed6c70       0x4c ../PM_FW_COMMON/Srv/SharedMem/src/SharedConfig.o
                0x0000000000ed6c70                SysGetDownloadAllStartFlag

.text.SysSetDownloadAllStartFlag
                0x0000000000ed6cbc       0x40
 .text.SysSetDownloadAllStartFlag
                0x0000000000ed6cbc       0x40 ../PM_FW_COMMON/Srv/SharedMem/src/SharedConfig.o
                0x0000000000ed6cbc                SysSetDownloadAllStartFlag

.text.SharedGetLogicInfoWrit
                0x0000000000ed6cfc       0xcc
 .text.SharedGetLogicInfoWrit
                0x0000000000ed6cfc       0xcc ../PM_FW_COMMON/Srv/SharedMem/src/SharedConfig.o
                0x0000000000ed6cfc                SharedGetLogicInfoWrit

.text.SharedGetExLibInfoWrit
                0x0000000000ed6dc8       0xcc
 .text.SharedGetExLibInfoWrit
                0x0000000000ed6dc8       0xcc ../PM_FW_COMMON/Srv/SharedMem/src/SharedConfig.o
                0x0000000000ed6dc8                SharedGetExLibInfoWrit

.text.SharedGetIoModInfoWrit
                0x0000000000ed6e94       0xd4
 .text.SharedGetIoModInfoWrit
                0x0000000000ed6e94       0xd4 ../PM_FW_COMMON/Srv/SharedMem/src/SharedConfig.o
                0x0000000000ed6e94                SharedGetIoModInfoWrit

.text.SharedGetCtrlStationInfoWrit
                0x0000000000ed6f68       0xcc
 .text.SharedGetCtrlStationInfoWrit
                0x0000000000ed6f68       0xcc ../PM_FW_COMMON/Srv/SharedMem/src/SharedConfig.o
                0x0000000000ed6f68                SharedGetCtrlStationInfoWrit

.text.SharedGetSOEConfigInfoWrit
                0x0000000000ed7034       0xd4
 .text.SharedGetSOEConfigInfoWrit
                0x0000000000ed7034       0xd4 ../PM_FW_COMMON/Srv/SharedMem/src/SharedConfig.o
                0x0000000000ed7034                SharedGetSOEConfigInfoWrit

.text.SharedGetP2PConfigInfoWrit
                0x0000000000ed7108       0xd4
 .text.SharedGetP2PConfigInfoWrit
                0x0000000000ed7108       0xd4 ../PM_FW_COMMON/Srv/SharedMem/src/SharedConfig.o
                0x0000000000ed7108                SharedGetP2PConfigInfoWrit

.text.SharedGetModbusMasterInfoWrit
                0x0000000000ed71dc       0xd4
 .text.SharedGetModbusMasterInfoWrit
                0x0000000000ed71dc       0xd4 ../PM_FW_COMMON/Srv/SharedMem/src/SharedConfig.o
                0x0000000000ed71dc                SharedGetModbusMasterInfoWrit

.text.SharedGetModbusSlaveInfoWrit
                0x0000000000ed72b0       0xd4
 .text.SharedGetModbusSlaveInfoWrit
                0x0000000000ed72b0       0xd4 ../PM_FW_COMMON/Srv/SharedMem/src/SharedConfig.o
                0x0000000000ed72b0                SharedGetModbusSlaveInfoWrit

.text.SharedGetVOTEConfigInfoWrit
                0x0000000000ed7384       0xd4
 .text.SharedGetVOTEConfigInfoWrit
                0x0000000000ed7384       0xd4 ../PM_FW_COMMON/Srv/SharedMem/src/SharedConfig.o
                0x0000000000ed7384                SharedGetVOTEConfigInfoWrit

.text.SharedGetRetainVarInfoWrit
                0x0000000000ed7458       0xcc
 .text.SharedGetRetainVarInfoWrit
                0x0000000000ed7458       0xcc ../PM_FW_COMMON/Srv/SharedMem/src/SharedConfig.o
                0x0000000000ed7458                SharedGetRetainVarInfoWrit

.text.SharedGetCMConfigInfoWrit
                0x0000000000ed7524       0xcc
 .text.SharedGetCMConfigInfoWrit
                0x0000000000ed7524       0xcc ../PM_FW_COMMON/Srv/SharedMem/src/SharedConfig.o
                0x0000000000ed7524                SharedGetCMConfigInfoWrit

.text.SharedGetCMSlotIdTablWrit
                0x0000000000ed75f0       0xd4
 .text.SharedGetCMSlotIdTablWrit
                0x0000000000ed75f0       0xd4 ../PM_FW_COMMON/Srv/SharedMem/src/SharedConfig.o
                0x0000000000ed75f0                SharedGetCMSlotIdTablWrit

.text.SharedGetDownloadFlg
                0x0000000000ed76c4       0x44
 .text.SharedGetDownloadFlg
                0x0000000000ed76c4       0x44 ../PM_FW_COMMON/Srv/SharedMem/src/SharedConfig.o
                0x0000000000ed76c4                SharedGetDownloadFlg

.text.SharedSetDownloadFlg
                0x0000000000ed7708       0x80
 .text.SharedSetDownloadFlg
                0x0000000000ed7708       0x80 ../PM_FW_COMMON/Srv/SharedMem/src/SharedConfig.o
                0x0000000000ed7708                SharedSetDownloadFlg

.text.SysGetIsConfigured
                0x0000000000ed7788       0x9c
 .text.SysGetIsConfigured
                0x0000000000ed7788       0x9c ../PM_FW_COMMON/Srv/SharedMem/src/SharedConfig.o
                0x0000000000ed7788                SysGetIsConfigured

.text.SysSetIsConfigured
                0x0000000000ed7824       0x68
 .text.SysSetIsConfigured
                0x0000000000ed7824       0x68 ../PM_FW_COMMON/Srv/SharedMem/src/SharedConfig.o
                0x0000000000ed7824                SysSetIsConfigured

.text.SharedGetCodeAreaWrit
                0x0000000000ed788c       0xe4
 .text.SharedGetCodeAreaWrit
                0x0000000000ed788c       0xe4 ../PM_FW_COMMON/Srv/SharedMem/src/SharedConfig.o
                0x0000000000ed788c                SharedGetCodeAreaWrit

.text.SharedSwitchPosInit
                0x0000000000ed7970       0x48
 .text.SharedSwitchPosInit
                0x0000000000ed7970       0x48 ../PM_FW_COMMON/Srv/SharedMem/src/SharedConfig.o
                0x0000000000ed7970                SharedSwitchPosInit

.text.SharedGetSwitchPos
                0x0000000000ed79b8       0x44
 .text.SharedGetSwitchPos
                0x0000000000ed79b8       0x44 ../PM_FW_COMMON/Srv/SharedMem/src/SharedConfig.o
                0x0000000000ed79b8                SharedGetSwitchPos

.text.SharedSetSwitchPos
                0x0000000000ed79fc       0x44
 .text.SharedSetSwitchPos
                0x0000000000ed79fc       0x44 ../PM_FW_COMMON/Srv/SharedMem/src/SharedConfig.o
                0x0000000000ed79fc                SharedSetSwitchPos

.text.SharedGetSwitchPosTmp
                0x0000000000ed7a40       0x44
 .text.SharedGetSwitchPosTmp
                0x0000000000ed7a40       0x44 ../PM_FW_COMMON/Srv/SharedMem/src/SharedConfig.o
                0x0000000000ed7a40                SharedGetSwitchPosTmp

.text.SharedSetSwitchPosTmp
                0x0000000000ed7a84       0x44
 .text.SharedSetSwitchPosTmp
                0x0000000000ed7a84       0x44 ../PM_FW_COMMON/Srv/SharedMem/src/SharedConfig.o
                0x0000000000ed7a84                SharedSetSwitchPosTmp

.text.SharedSetLocalPMID
                0x0000000000ed7ac8       0x64
 .text.SharedSetLocalPMID
                0x0000000000ed7ac8       0x64 ../PM_FW_COMMON/Srv/SharedMem/src/SharedConfig.o
                0x0000000000ed7ac8                SharedSetLocalPMID

.text.SharedGetLocalPMID
                0x0000000000ed7b2c       0x60
 .text.SharedGetLocalPMID
                0x0000000000ed7b2c       0x60 ../PM_FW_COMMON/Srv/SharedMem/src/SharedConfig.o
                0x0000000000ed7b2c                SharedGetLocalPMID

.text.SharedGetTaskConfigInfo
                0x0000000000ed7b8c       0x90
 .text.SharedGetTaskConfigInfo
                0x0000000000ed7b8c       0x90 ../PM_FW_COMMON/Srv/SharedMem/src/SharedConfig.o
                0x0000000000ed7b8c                SharedGetTaskConfigInfo

.text.SysGetTaskStatus
                0x0000000000ed7c1c       0xb0
 .text.SysGetTaskStatus
                0x0000000000ed7c1c       0xb0 ../PM_FW_COMMON/Srv/SharedMem/src/SharedConfig.o
                0x0000000000ed7c1c                SysGetTaskStatus

.text.SysSetTaskStatus
                0x0000000000ed7ccc       0xe8
 .text.SysSetTaskStatus
                0x0000000000ed7ccc       0xe8 ../PM_FW_COMMON/Srv/SharedMem/src/SharedConfig.o
                0x0000000000ed7ccc                SysSetTaskStatus

.text.SharedGetTaskNum
                0x0000000000ed7db4       0x80
 .text.SharedGetTaskNum
                0x0000000000ed7db4       0x80 ../PM_FW_COMMON/Srv/SharedMem/src/SharedConfig.o
                0x0000000000ed7db4                SharedGetTaskNum

.text.SharedGetSyncDataFlag
                0x0000000000ed7e34       0x6c
 .text.SharedGetSyncDataFlag
                0x0000000000ed7e34       0x6c ../PM_FW_COMMON/Srv/SharedMem/src/SharedConfig.o
                0x0000000000ed7e34                SharedGetSyncDataFlag

.text.SharedSetSyncDataFlag
                0x0000000000ed7ea0       0x70
 .text.SharedSetSyncDataFlag
                0x0000000000ed7ea0       0x70 ../PM_FW_COMMON/Srv/SharedMem/src/SharedConfig.o
                0x0000000000ed7ea0                SharedSetSyncDataFlag

.text.SharedGetSOEType
                0x0000000000ed7f10       0xfc
 .text.SharedGetSOEType
                0x0000000000ed7f10       0xfc ../PM_FW_COMMON/Srv/SharedMem/src/SharedConfig.o
                0x0000000000ed7f10                SharedGetSOEType

.text.SharedGetSOEActive
                0x0000000000ed800c       0xe8
 .text.SharedGetSOEActive
                0x0000000000ed800c       0xe8 ../PM_FW_COMMON/Srv/SharedMem/src/SharedConfig.o
                0x0000000000ed800c                SharedGetSOEActive

.text.SharedGetP2PSendBlockNum
                0x0000000000ed80f4       0x98
 .text.SharedGetP2PSendBlockNum
                0x0000000000ed80f4       0x98 ../PM_FW_COMMON/Srv/SharedMem/src/SharedConfig.o
                0x0000000000ed80f4                SharedGetP2PSendBlockNum

.text.SharedGetP2PBlockSendCycle
                0x0000000000ed818c      0x130
 .text.SharedGetP2PBlockSendCycle
                0x0000000000ed818c      0x130 ../PM_FW_COMMON/Srv/SharedMem/src/SharedConfig.o
                0x0000000000ed818c                SharedGetP2PBlockSendCycle

.text.SharedGetP2PBlockIDSend
                0x0000000000ed82bc       0xc8
 .text.SharedGetP2PBlockIDSend
                0x0000000000ed82bc       0xc8 ../PM_FW_COMMON/Srv/SharedMem/src/SharedConfig.o
                0x0000000000ed82bc                SharedGetP2PBlockIDSend

.text.SharedGetP2PBlockSendActive
                0x0000000000ed8384       0xc8
 .text.SharedGetP2PBlockSendActive
                0x0000000000ed8384       0xc8 ../PM_FW_COMMON/Srv/SharedMem/src/SharedConfig.o
                0x0000000000ed8384                SharedGetP2PBlockSendActive

.text.SharedGetP2PSendBlockInfo
                0x0000000000ed844c       0xfc
 .text.SharedGetP2PSendBlockInfo
                0x0000000000ed844c       0xfc ../PM_FW_COMMON/Srv/SharedMem/src/SharedConfig.o
                0x0000000000ed844c                SharedGetP2PSendBlockInfo

.text.SharedGetStationID
                0x0000000000ed8548       0x9c
 .text.SharedGetStationID
                0x0000000000ed8548       0x9c ../PM_FW_COMMON/Srv/SharedMem/src/SharedConfig.o
                0x0000000000ed8548                SharedGetStationID

.text.SharedGetCommTolCnt
                0x0000000000ed85e4       0x6c
 .text.SharedGetCommTolCnt
                0x0000000000ed85e4       0x6c ../PM_FW_COMMON/Srv/SharedMem/src/SharedConfig.o
                0x0000000000ed85e4                SharedGetCommTolCnt

.text.SharedGetConfigCrc
                0x0000000000ed8650      0x4b4
 .text.SharedGetConfigCrc
                0x0000000000ed8650      0x4b4 ../PM_FW_COMMON/Srv/SharedMem/src/SharedConfig.o
                0x0000000000ed8650                SharedGetConfigCrc

.text.SharedGetDownloadPM
                0x0000000000ed8b04       0x40
 .text.SharedGetDownloadPM
                0x0000000000ed8b04       0x40 ../PM_FW_COMMON/Srv/SharedMem/src/SharedConfig.o
                0x0000000000ed8b04                SharedGetDownloadPM

.text.SharedSetDownloadPM
                0x0000000000ed8b44       0x50
 .text.SharedSetDownloadPM
                0x0000000000ed8b44       0x50 ../PM_FW_COMMON/Srv/SharedMem/src/SharedConfig.o
                0x0000000000ed8b44                SharedSetDownloadPM

.text.SharedSetPowerOnConfigSwitchFlg
                0x0000000000ed8b94       0x5c
 .text.SharedSetPowerOnConfigSwitchFlg
                0x0000000000ed8b94       0x5c ../PM_FW_COMMON/Srv/SharedMem/src/SharedConfig.o
                0x0000000000ed8b94                SharedSetPowerOnConfigSwitchFlg

.text.SysGetWorkStatus
                0x0000000000ed8bf0       0x6c
 .text.SysGetWorkStatus
                0x0000000000ed8bf0       0x6c ../PM_FW_COMMON/Srv/SharedMem/src/SharedConfig.o
                0x0000000000ed8bf0                SysGetWorkStatus

.text.SysSetWorkStatus
                0x0000000000ed8c5c       0x70
 .text.SysSetWorkStatus
                0x0000000000ed8c5c       0x70 ../PM_FW_COMMON/Srv/SharedMem/src/SharedConfig.o
                0x0000000000ed8c5c                SysSetWorkStatus

.text.SharedGetWRParaBufID
                0x0000000000ed8ccc       0x9c
 .text.SharedGetWRParaBufID
                0x0000000000ed8ccc       0x9c ../PM_FW_COMMON/Srv/SharedMem/src/SharedConfig.o
                0x0000000000ed8ccc                SharedGetWRParaBufID

.text.SharedGetOnlineDownLoadSwitchFlg
                0x0000000000ed8d68       0x6c
 .text.SharedGetOnlineDownLoadSwitchFlg
                0x0000000000ed8d68       0x6c ../PM_FW_COMMON/Srv/SharedMem/src/SharedConfig.o
                0x0000000000ed8d68                SharedGetOnlineDownLoadSwitchFlg

.text.SharedSetOnlineDownLoadSwitchFlg
                0x0000000000ed8dd4       0xa0
 .text.SharedSetOnlineDownLoadSwitchFlg
                0x0000000000ed8dd4       0xa0 ../PM_FW_COMMON/Srv/SharedMem/src/SharedConfig.o
                0x0000000000ed8dd4                SharedSetOnlineDownLoadSwitchFlg

.text.SharedModConfigChangeInit
                0x0000000000ed8e74       0x44
 .text.SharedModConfigChangeInit
                0x0000000000ed8e74       0x44 ../PM_FW_COMMON/Srv/SharedMem/src/SharedConfig.o
                0x0000000000ed8e74                SharedModConfigChangeInit

.text.SharedSetModConfigChangeFlg
                0x0000000000ed8eb8       0x78
 .text.SharedSetModConfigChangeFlg