Archive member included because of file (symbol)

../PM_FW_COMMON/Srv/Scheduler/lib/CORE1/cagOsCORE1-0.a(sysCpuALib.o)
                              (_start)
../PM_FW_COMMON/Srv/Scheduler/lib/CORE1/cagOsCORE1-0.a(sysCpuLib.o)
                              ../PM_FW_COMMON/Srv/Scheduler/lib/CORE1/cagOsCORE1-0.a(sysCpuALib.o) (sysEntry)
../PM_FW_COMMON/Srv/Scheduler/lib/CORE1/cagOsCORE1-0.a(sysE500Tlb.o)
                              ../PM_FW_COMMON/Srv/Scheduler/lib/CORE1/cagOsCORE1-0.a(sysCpuLib.o) (mmuE500TlbStaticInvalidate)
../PM_FW_COMMON/Srv/Scheduler/lib/CORE1/cagOsCORE1-0.a(sysEntry.o)
                              ../PM_FW_COMMON/Srv/Scheduler/lib/CORE1/cagOsCORE1-0.a(sysCpuALib.o) (OSTCBCurPtr)
../PM_FW_COMMON/Srv/Scheduler/lib/CORE1/cagOsCORE1-0.a(sysExcArchALib.o)
                              ../PM_FW_COMMON/Srv/Scheduler/lib/CORE1/cagOsCORE1-0.a(sysCpuLib.o) (sysSdaInit)
../PM_FW_COMMON/Srv/Scheduler/lib/CORE1/cagOsCORE1-0.a(sysExcArchLib.o)
                              ../PM_FW_COMMON/Srv/Scheduler/lib/CORE1/cagOsCORE1-0.a(sysCpuLib.o) (excVecInit)
../PM_FW_COMMON/Srv/Scheduler/lib/CORE1/cagOsCORE1-0.a(sysExcLib.o)
                              ../PM_FW_COMMON/Srv/Scheduler/lib/CORE1/cagOsCORE1-0.a(sysExcArchLib.o) (exceInit)
../PM_FW_COMMON/Srv/Scheduler/lib/CORE1/cagOsCORE1-0.a(sysGpio.o)
                              ../PM_FW_COMMON/Srv/Scheduler/lib/CORE1/cagOsCORE1-0.a(sysEntry.o) (sysGpioLineConfig)
../PM_FW_COMMON/Srv/Scheduler/lib/CORE1/cagOsCORE1-0.a(sysInt.o)
                              ../PM_FW_COMMON/Srv/Scheduler/lib/CORE1/cagOsCORE1-0.a(sysCpuALib.o) (OSIntHandler)
../PM_FW_COMMON/Srv/Scheduler/lib/CORE1/cagOsCORE1-0.a(sysL2Cache.o)
                              ../PM_FW_COMMON/Srv/Scheduler/lib/CORE1/cagOsCORE1-0.a(sysCpuLib.o) (l2CacheLineNum)
../PM_FW_COMMON/Srv/Scheduler/lib/CORE1/cagOsCORE1-0.a(sysOsSwitchLib.o)
                              ../PM_FW_COMMON/Srv/Scheduler/lib/CORE1/cagOsCORE1-0.a(sysCpuLib.o) (powerpcIntDisable)
../PM_FW_COMMON/Srv/Scheduler/lib/CORE1/cagOsCORE1-0.a(sysPic.o)
                              ../PM_FW_COMMON/Srv/Scheduler/lib/CORE1/cagOsCORE1-0.a(sysInt.o) (sysEpicIntAckReg)
../PM_FW_COMMON/Srv/Scheduler/lib/CORE1/cagOsCORE1-0.a(sysSpeExcLib.o)
                              ../PM_FW_COMMON/Srv/Scheduler/lib/CORE1/cagOsCORE1-0.a(sysCpuLib.o) (speExcInit)
../PM_FW_COMMON/Srv/Scheduler/lib/CORE1/cagOsCORE1-0.a(sysTask.o)
                              ../PM_FW_COMMON/Srv/Scheduler/lib/CORE1/cagOsCORE1-0.a(sysEntry.o) (OSTaskCreate)
../PM_FW_COMMON/Srv/Scheduler/lib/CORE1/cagOsCORE1-0.a(sysTbl.o)
                              ../PM_FW_COMMON/Srv/Scheduler/lib/CORE1/cagOsCORE1-0.a(sysCpuLib.o) (getTblms)
../PM_FW_COMMON/Srv/Scheduler/lib/CORE1/cagOsCORE1-0.a(sysTick.o)
                              ../PM_FW_COMMON/Srv/Scheduler/lib/CORE1/cagOsCORE1-0.a(sysTask.o) (OS_TickListRemove)
../PM_FW_COMMON/Srv/Scheduler/lib/CORE1/cagOsCORE1-0.a(sysTime.o)
                              ../PM_FW_COMMON/Srv/Scheduler/lib/CORE1/cagOsCORE1-0.a(sysEntry.o) (OSTimeDly)
../PM_FW_COMMON/Srv/Scheduler/lib/CORE1/cagOsCORE1-0.a(update.o)
                              ../PM_FW_COMMON/Srv/Scheduler/lib/CORE1/cagOsCORE1-0.a(sysCpuLib.o) (sysCycloneFlush)
../PM_FW_COMMON/Srv/Scheduler/lib/CORE1/cagOsCORE1-0.a(dfs.o)
                              ../PM_FW_COMMON/Srv/Scheduler/lib/CORE1/cagOsCORE1-0.a(sysCpuLib.o) (dfs_init)
../PM_FW_COMMON/Srv/Scheduler/lib/CORE1/cagOsCORE1-0.a(hw_init.o)
                              ../PM_FW_COMMON/Srv/Scheduler/lib/CORE1/cagOsCORE1-0.a(sysCpuLib.o) (sffs_idx3)
../PM_FW_COMMON/Srv/Scheduler/lib/CORE1/cagOsCORE1-0.a(lld.o)
                              ../PM_FW_COMMON/Srv/Scheduler/lib/CORE1/cagOsCORE1-0.a(hw_init.o) (nor_flash_errno)
../PM_FW_COMMON/Srv/Scheduler/lib/CORE1/cagOsCORE1-0.a(memcpy.o)
                              ../PM_FW_COMMON/Srv/Scheduler/lib/CORE1/cagOsCORE1-0.a(sysCpuLib.o) (memcpy)
../PM_FW_COMMON/Srv/Scheduler/lib/CORE1/cagOsCORE1-0.a(memset.o)
                              ../PM_FW_COMMON/Srv/Scheduler/lib/CORE1/cagOsCORE1-0.a(sysExcLib.o) (memset)
../PM_FW_COMMON/Srv/Scheduler/lib/CORE1/cagOsCORE1-0.a(ns16550.o)
                              ../PM_FW_COMMON/Srv/Scheduler/lib/CORE1/cagOsCORE1-0.a(sysCpuLib.o) (ns16550DevInit)
../PM_FW_COMMON/Srv/Scheduler/lib/CORE1/cagOsCORE1-0.a(printk.o)
                              ../PM_FW_COMMON/Srv/Scheduler/lib/CORE1/cagOsCORE1-0.a(sysCpuLib.o) (printf)
../PM_FW_COMMON/Srv/Scheduler/lib/CORE1/cagOsCORE1-0.a(sffs.o)
                              ../PM_FW_COMMON/Srv/Scheduler/lib/CORE1/cagOsCORE1-0.a(dfs.o) (NOLOG)
../PM_FW_COMMON/Srv/Scheduler/lib/CORE1/cagOsCORE1-0.a(sf.o)
                              ../PM_FW_COMMON/Srv/Scheduler/lib/CORE1/cagOsCORE1-0.a(hw_init.o) (sf2_flash_errno)
../PM_FW_COMMON/Srv/Scheduler/lib/CORE1/cagOsCORE1-0.a(strcpy.o)
                              ../PM_FW_COMMON/Srv/Scheduler/lib/CORE1/cagOsCORE1-0.a(printk.o) (strcpy)
[...]
Memory Configuration

Name             Origin             Length             Attributes
DiagCode         0x0000000000004000 0x0000000000000800 xrw
SHARED_MEM2      0x0000000000180000 0x0000000000200000 xrw
UPDATE_MEM       0x0000000008000000 0x0000000000b00000 xrw
RTS_ENTRY        0x0000000000eaf080 0x0000000000000780 xr
DIAG_ENTRY       0x0000000000eaf800 0x0000000000000400 xr
FILE_ENTRY       0x0000000000eafc00 0x0000000000000200 xr
COMM_ENTRY       0x0000000000eafe00 0x0000000000000200 xr
RTS_CODE         0x0000000000eb0000 0x0000000000100000 xr
RTS_DATA         0x0000000001000000 0x0000000000600000 xrw
SHARED_MEM       0x0000000001600000 0x0000000000600000 xrw
USR_DATA_MEM     0x0000000001c00000 0x0000000000200000 xrw
*default*        0x0000000000000000 0xffffffffffffffff

Linker script and memory map

LOAD /opt/fsl-networking/QorIQ-SDK-V1.7/sysroots/ppce500v2-fsl-linux-gnuspe/usr/lib/powerpc-fsl-linux/4.8.1/libgcc.a
                0x0000000000000001                _CAG_DATA_ALIGN = 0x1

.rts            0x0000000000eaf080      0x780
 ./App/Main/src/RTSTaskExeEntryBin0.o(.text.TskRTSTaskExeEntry)
 .text.TskRTSTaskExeEntry
                0x0000000000eaf080       0xa4 ./App/Main/src/RTSTaskExeEntryBin0.o
                0x0000000000eaf080                TskRTSTaskExeEntry
                0x0000000000eaf800                . = ALIGN (0x800)
 *fill*         0x0000000000eaf124      0x6dc 

.diag           0x0000000000eaf800      0x400
 ./App/Main/src/DiagTaskExeEntryBin0.o(.text.TskDiagTaskExeEntry)
 .text.TskDiagTaskExeEntry
                0x0000000000eaf800       0xa4 ./App/Main/src/DiagTaskExeEntryBin0.o
                0x0000000000eaf800                TskDiagTaskExeEntry
                0x0000000000eafc00                . = ALIGN (0x400)
 *fill*         0x0000000000eaf8a4      0x35c 

.fm             0x0000000000eafc00      0x200
 ./App/Main/src/FileTaskExeEntryBin0.o(.text.TskFileTaskExeEntry)
 .text.TskFileTaskExeEntry
                0x0000000000eafc00       0x44 ./App/Main/src/FileTaskExeEntryBin0.o
                0x0000000000eafc00                TskFileTaskExeEntry
                0x0000000000eafe00                . = ALIGN (0x200)
 *fill*         0x0000000000eafc44      0x1bc 

.comm           0x0000000000eafe00      0x200
 ./App/Main/src/CommTaskExeEntryBin0.o(.text.TskCommTaskExeEntry)
 .text.TskCommTaskExeEntry
                0x0000000000eafe00       0xa4 ./App/Main/src/CommTaskExeEntryBin0.o
                0x0000000000eafe00                TskCommTaskExeEntry
                0x0000000000eb0000                . = ALIGN (0x200)
 *fill*         0x0000000000eafea4      0x15c 

.text           0x0000000000eb0000    0x14000
                0x0000000000eb0000                cag_kernel_text_start = .
                0x0000000000eb0000                _cag_kernel_text_start = .
                0x0000000000eb0000                _CAG_START_TEXT = .
 ../PM_FW_COMMON/Srv/Scheduler/lib/CORE1/cagOsCORE1-0.a(.text.entry)
 *(.text)
 .text          0x0000000000eb0000     0x1858 ../PM_FW_COMMON/Srv/Scheduler/lib/CORE1/cagOsCORE1-0.a(sysCpuALib.o)
                0x0000000000eb0020                _start
                0x0000000000eb0020                start
                0x0000000000eb15ac                sysCacheEnable
                0x0000000000eb1640                sysL2CTLSet
                0x0000000000eb1660                sysL2CTLGet
                0x0000000000eb167c                sysCacheFlush
                0x0000000000eb16e4                sysPCGet
                0x0000000000eb16ec                sysTimeBaseLGet
                0x0000000000eb16f4                sysL1Csr1Set
                0x0000000000eb178c                BOOTDEBUG
                0x0000000000eb1824                sysTlbUnmapAll
 *fill*         0x0000000000eb1858       0x28 
 .text          0x0000000000eb1880       0xf0 ../PM_FW_COMMON/Srv/Scheduler/lib/CORE1/cagOsCORE1-0.a(sysE500Tlb.o)
                0x0000000000eb1880                mmuPpcTlbReadEntryWord0
                0x0000000000eb1888                mmuPpcTlbReadEntryWord1
                0x0000000000eb1890                mmuPpcTlbReadEntryWord2
                0x0000000000eb18a0                mmuPpcTlbWriteExecute
                0x0000000000eb18ec                mmuE500TlbDynamicInvalidate
                0x0000000000eb1904                mmuE500TlbStaticInvalidate
                0x0000000000eb191c                mmuPpcPidSet
                0x0000000000eb1928                mmuPpcSearchPidGet
                0x0000000000eb1934                mmuPpcSearchPidSet
                0x0000000000eb1940                mmuPpcPidGet
                0x0000000000eb1948                mmuPpcE500TlbieStatic
                0x0000000000eb1950                mmuPpcE500Tlbie
                0x0000000000eb1964                mmuPpcTlb1NEntriesGet
 .text          0x0000000000eb1970      0x47c ../PM_FW_COMMON/Srv/Scheduler/lib/CORE1/cagOsCORE1-0.a(sysExcArchALib.o)
                0x0000000000eb1970                sysTas
                0x0000000000eb19a0                sysSdaInit
                0x0000000000eb19b4                sysMsrGet
                0x0000000000eb19bc                sysMsrSet
                0x0000000000eb19c8                sysDearGet
                0x0000000000eb19d0                sysDearSet
                0x0000000000eb19d8                sysCsrr0Get
                0x0000000000eb19e0                sysCsrr0Set
                0x0000000000eb19e8                sysCsrr1Get
                0x0000000000eb19f0                sysCsrr1Set
                0x0000000000eb19f8                sysMcsrr0Get
                0x0000000000eb1a00                sysMcsrr0Set
                0x0000000000eb1a08                sysMcsrr1Get
                0x0000000000eb1a10                sysMcsrr1Set
                0x0000000000eb1a18                sysSpefscrGet
                0x0000000000eb1a20                sysSpefscrSet
                0x0000000000eb1a2c                sysDecarSet
                0x0000000000eb1a34                sysL1CSR0Get
                0x0000000000eb1a40                sysL1CSR0Set
                0x0000000000eb1a54                sysL1CSR1Get
                0x0000000000eb1a60                sysL1CSR1Set
                0x0000000000eb1a74                sysL1CFG0Get
                0x0000000000eb1a7c                sysL1CFG1Get
                0x0000000000eb1a84                sysIvor1Set
                0x0000000000eb1a8c                sysSrr0Get
                0x0000000000eb1a94                sysSrr0Set
                0x0000000000eb1a9c                sysSrr1Get
                0x0000000000eb1aa4                sysSrr1Set
                0x0000000000eb1aac                sysFirstBit
                0x0000000000eb1ab4                sysFirstRBit
                0x0000000000eb1ae0                sysPvrGet
                0x0000000000eb1ae8                sysEieio
                0x0000000000eb1af0                sysHid0Set
                0x0000000000eb1b00                sysHid0Get
                0x0000000000eb1b08                sysHid1Set
                0x0000000000eb1b18                sysHid1Get
                0x0000000000eb1b20                sysTimeBaseInit
                0x0000000000eb1b2c                sysTimeBaseSet
                0x0000000000eb1b40                sysTimeBaseGet
                0x0000000000eb1b60                sysDecSet
                0x0000000000eb1b6c                sysDecGet
                0x0000000000eb1b74                sysDecIntEnable
                0x0000000000eb1b90                sysDecIntAck
                0x0000000000eb1b9c                sysEnableBP
                0x0000000000eb1bd4                sysDisableBP
                0x0000000000eb1c04                sysBucsrGet
                0x0000000000eb1c34                sysDbcr2Get
                0x0000000000eb1c3c                sysDbcr2Set
                0x0000000000eb1c48                sysFitIntAck
                0x0000000000eb1c54                sysFitIntDisable
                0x0000000000eb1c68                sysFitIntEnable
                0x0000000000eb1c78                sysTcrGet
                0x0000000000eb1c80                sysTcrSet
                0x0000000000eb1c88                sysTsrGet
                0x0000000000eb1c90                sysTsrSet
                0x0000000000eb1c98                sysIvprGet
                0x0000000000eb1ca0                sysIvprSet
                0x0000000000eb1ca8                sysDbsrGet
                0x0000000000eb1cb0                sysDbsrClear
                0x0000000000eb1cbc                sysDac1Get
                0x0000000000eb1cc4                sysDac1Set
                0x0000000000eb1ccc                sysDac2Get
                0x0000000000eb1cd4                sysDac2Set
                0x0000000000eb1cdc                sysIac1Get
                0x0000000000eb1ce4                sysIac1Set
                0x0000000000eb1cf0                sysIac2Get
                0x0000000000eb1cf8                sysIac2Set
                0x0000000000eb1d04                sysSvrGet
                0x0000000000eb1d0c                sysPirGet
                0x0000000000eb1d14                sysPirSet
                0x0000000000eb1d1c                sysCpuLibInit
                0x0000000000eb1d28                sysCpuIndexGet
                0x0000000000eb1d30                excIvorInit
                0x0000000000eb1dd4                get_ticks
 .text          0x0000000000eb1dec       0x78 ../PM_FW_COMMON/Srv/Scheduler/lib/CORE1/cagOsCORE1-0.a(sysAccess.o)
                0x0000000000eb1dec                readb
                0x0000000000eb1df8                readw
                0x0000000000eb1e04                readl
                0x0000000000eb1e10                writeb
                0x0000000000eb1e1c                writew
                0x0000000000eb1e28                writel
                0x0000000000eb1e34                readb_noOrder
                0x0000000000eb1e3c                readw_noOrder
                0x0000000000eb1e44                readl_noOrder
                0x0000000000eb1e4c                writeb_noOrder
                0x0000000000eb1e54                writew_noOrder
                0x0000000000eb1e5c                writel_noOrder
 *fill*         0x0000000000eb1e64       0x1c 
 .text          0x0000000000eb1e80       0x2c ../PM_FW_COMMON/Srv/Scheduler/lib/CORE1/cagOsCORE1-0.a(sysCpuE500ALib.o)
                0x0000000000eb1e80                intLock
                0x0000000000eb1e80                intCpuLock
                0x0000000000eb1e80                intCpuMicroLock
                0x0000000000eb1e94                intUnlock
                0x0000000000eb1e94                intCpuUnlock
                0x0000000000eb1ea4                intCpuMicroUnlock
 .text          0x0000000000eb1eac       0xd8 ../PM_FW_COMMON/Srv/Scheduler/lib/CORE1/cagOsCORE1-0.a(sysOsIrq.o)
                0x0000000000eb1eac                OSIntCtxSw
 .text          0x0000000000eb1f84      0x270 ../PM_FW_COMMON/Srv/Scheduler/lib/CORE1/cagOsCORE1-0.a(sysOsSwitchALib.o)
                0x0000000000eb1f84                OSStartHighRdy
                0x0000000000eb2048                OSCtxSw
 *fill*         0x0000000000eb21f4        0xc 
 .text          0x0000000000eb2200      0x1b0 ../PM_FW_COMMON/Srv/Scheduler/lib/CORE1/cagOsCORE1-0.a(sysSpeVectorALib.o)
                0x0000000000eb2200                speRestore
                0x0000000000eb22e4                speSave
 .text          0x0000000000eb23b0      0x394 ../PM_FW_COMMON/Srv/Scheduler/lib/CORE1/cagOsCORE1-0.a(sysCacheE500ALib.o)
                0x0000000000eb23b0                cacheE500EnableI_Impl
                0x0000000000eb23dc                cacheE500EnableD_Impl
                0x0000000000eb2414                cacheE500InvalidateI
                0x0000000000eb2430                cacheE500InvalidateD
                0x0000000000eb2448                cacheE500ClearD
                0x0000000000eb2460                cacheE500FlushD
                0x0000000000eb24cc                cacheE500PipeFlush
                0x0000000000eb24dc                cacheE500TextUpdate
                0x0000000000eb250c                cacheE500DisableI_Impl
                0x0000000000eb2530                cacheE500DisableD_Impl
                0x0000000000eb25ec                cacheE500FlushAllD
                0x0000000000eb268c                sysL1cacheLock
                0x0000000000eb26bc                sysL1cacheUnLock
                0x0000000000eb26ec                sysL2cacheLock
                0x0000000000eb2718                sysL2cacheUnLock
 .text          0x0000000000eb2744      0x428 /vagrant/workspace/PM_FW_COMMON/Srv/Scheduler/lib/libgcc.a(_udivdi3.o)
                0x0000000000eb2744                __udivdi3
 *fill*         0x0000000000eb2b6c        0x4 
 .text          0x0000000000eb2b70      0x164 /vagrant/workspace/PM_FW_COMMON/Srv/Scheduler/lib/libc.a(strncmp.o)
                0x0000000000eb2b70                strncmp
 .text          0x0000000000eb2cd4      0x428 /vagrant/workspace/PM_FW_COMMON/Srv/Scheduler/lib/libgcc.a(_divdi3.o)
                0x0000000000eb2cd4                __divdi3
 .text          0x0000000000eb30fc      0x424 /vagrant/workspace/PM_FW_COMMON/Srv/Scheduler/lib/libgcc.a(_moddi3.o)
                0x0000000000eb30fc                __moddi3
 .text          0x0000000000eb3520      0xfc8 /vagrant/workspace/PM_FW_COMMON/Srv/Diag/asm/libAsmDiag.a(BPU_cond_branch_test_bca.o)
                0x0000000000eb3520                Bpu_branch_bca_code
                0x0000000000eb352c                BPUConBranchBcaTest
 .text          0x0000000000eb44e8      0x7d4 /vagrant/workspace/PM_FW_COMMON/Srv/Diag/asm/libAsmDiag.a(BPU_cond_branch_test_bcla.o)
                0x0000000000eb44e8                Bpu_branch_bcla_code
                0x0000000000eb44f8                BPUConBranchBclaTest
 .text          0x0000000000eb4cbc     0x3050 /vagrant/workspace/PM_FW_COMMON/Srv/Diag/asm/libAsmDiag.a(BPU_cond_branch_test.o)
                0x0000000000eb4cbc                BPUConBranchTest
 .text          0x0000000000eb7d0c      0x258 /vagrant/workspace/PM_FW_COMMON/Srv/Diag/asm/libAsmDiag.a(BPU_uncond_branch_test_ba_bla.o)
                0x0000000000eb7d0c                BPUBranchUnconBaTest
                0x0000000000eb7d1c                BPUBranchUnconBlaTest
                0x0000000000eb7d24                BPUBranchUnconBaBlaTest
 .text          0x0000000000eb7f64      0x21c /vagrant/workspace/PM_FW_COMMON/Srv/Diag/asm/libAsmDiag.a(BPU_uncond_branch_test.o)
                0x0000000000eb7f64                BPUBranchUnconTest
 .text          0x0000000000eb8180      0x3ac /vagrant/workspace/PM_FW_COMMON/Srv/Diag/asm/libAsmDiag.a(cr_test.o)
                0x0000000000eb8180                TestCR
 .text          0x0000000000eb852c     0x1214 /vagrant/workspace/PM_FW_COMMON/Srv/Diag/asm/libAsmDiag.a(data_cache_test.o)
                0x0000000000eb852c                DataCacheTest
 .text          0x0000000000eb9740     0x1454 /vagrant/workspace/PM_FW_COMMON/Srv/Diag/asm/libAsmDiag.a(GPR_interword_test.o)
                0x0000000000eb9740                GPRInterWordTest
 .text          0x0000000000ebab94     0x2ba4 /vagrant/workspace/PM_FW_COMMON/Srv/Diag/asm/libAsmDiag.a(GPR_intraword_test.o)
                0x0000000000ebab94                GPRIntraWordTest
 .text          0x0000000000ebd738     0x2294 /vagrant/workspace/PM_FW_COMMON/Srv/Diag/asm/libAsmDiag.a(IU1_test.o)
                0x0000000000ebd738                IU1Test
 .text          0x0000000000ebf9cc      0x418 /vagrant/workspace/PM_FW_COMMON/Srv/Diag/asm/libAsmDiag.a(IU2_test.o)
                0x0000000000ebf9cc                IU2Test
 .text          0x0000000000ebfde4      0x3ac /vagrant/workspace/PM_FW_COMMON/Srv/Diag/asm/libAsmDiag.a(lr_test.o)
                0x0000000000ebfde4                TestLR
 .text          0x0000000000ec0190      0x32c /vagrant/workspace/PM_FW_COMMON/Srv/Diag/asm/libAsmDiag.a(LSU_data_test.o)
                0x0000000000ec0190                LSUDataTest
 .text          0x0000000000ec04bc      0x3b8 /vagrant/workspace/PM_FW_COMMON/Srv/Diag/asm/libAsmDiag.a(LSU_ea_calc_test.o)
                0x0000000000ec04bc                LSUEffectiveAddressTest
 .text          0x0000000000ec0874      0x3b0 /vagrant/workspace/PM_FW_COMMON/Srv/Diag/asm/libAsmDiag.a(SPR_interword_test.o)
                0x0000000000ec0874                SPRInterwordTest
 .text          0x0000000000ec0c24      0x4e0 /vagrant/workspace/PM_FW_COMMON/Srv/Diag/asm/libAsmDiag.a(SPR_intraword_test.o)
                0x0000000000ec0c24                SPRIntrawordTest
 .text          0x0000000000ec1104     0x12f4 /vagrant/workspace/PM_FW_COMMON/Srv/Diag/asm/libAsmDiag.a(SPRG_test.o)
                0x0000000000ec1104                SPRGTest
 .text          0x0000000000ec23f8      0xe54 /vagrant/workspace/PM_FW_COMMON/Srv/Diag/asm/libAsmDiag.a(Pipeline_test.o)
                0x0000000000ec23f8                PipelineTest
                0x0000000000ec4000                . = ALIGN (0x1000)
 *fill*         0x0000000000ec324c      0xdb4 

.glink          0x0000000000ec4000        0x0
 .glink         0x0000000000000000        0x0 ./App/Main/src/RTSTaskExeEntryBin0.o

.text.sysCpuStart
                0x0000000000ec4000      0x12c
 .text.sysCpuStart
                0x0000000000ec4000      0x12c ../PM_FW_COMMON/Srv/Scheduler/lib/CORE1/cagOsCORE1-0.a(sysCpuLib.o)
                0x0000000000ec4000                sysCpuStart

.text.sysRoot   0x0000000000ec412c       0x50
 .text.sysRoot  0x0000000000ec412c       0x50 ../PM_FW_COMMON/Srv/Scheduler/lib/CORE1/cagOsCORE1-0.a(sysCpuLib.o)
                0x0000000000ec412c                sysRoot

.text.sysDeviceInit
                0x0000000000ec417c       0xb4
 .text.sysDeviceInit
                0x0000000000ec417c       0xb4 ../PM_FW_COMMON/Srv/Scheduler/lib/CORE1/cagOsCORE1-0.a(sysCpuLib.o)
                0x0000000000ec417c                sysDeviceInit

.text.sysEntry  0x0000000000ec4230       0x64
 .text.sysEntry
                0x0000000000ec4230       0x64 ../PM_FW_COMMON/Srv/Scheduler/lib/CORE1/cagOsCORE1-0.a(sysCpuLib.o)
                0x0000000000ec4230                sysEntry

.text.sysL1CacheQuery
                0x0000000000ec4294      0x10c
 .text.sysL1CacheQuery
                0x0000000000ec4294      0x10c ../PM_FW_COMMON/Srv/Scheduler/lib/CORE1/cagOsCORE1-0.a(sysCpuLib.o)

.text.sysOs     0x0000000000ec43a0      0x114
 .text.sysOs    0x0000000000ec43a0      0x114 ../PM_FW_COMMON/Srv/Scheduler/lib/CORE1/cagOsCORE1-0.a(sysEntry.o)
                0x0000000000ec43a0                sysOs

.text.atomic32Set
                0x0000000000ec44b4       0x44
 .text.atomic32Set
                0x0000000000ec44b4       0x44 ../PM_FW_COMMON/Srv/Scheduler/lib/CORE1/cagOsCORE1-0.a(sysEntry.o)
                0x0000000000ec44b4                atomic32Set

.text.atomic32Cas
                0x0000000000ec44f8       0x60
 .text.atomic32Cas
                0x0000000000ec44f8       0x60 ../PM_FW_COMMON/Srv/Scheduler/lib/CORE1/cagOsCORE1-0.a(sysEntry.o)
                0x0000000000ec44f8                atomic32Cas

.text.atomic32Get
                0x0000000000ec4558       0x2c
 .text.atomic32Get
                0x0000000000ec4558       0x2c ../PM_FW_COMMON/Srv/Scheduler/lib/CORE1/cagOsCORE1-0.a(sysEntry.o)
                0x0000000000ec4558                atomic32Get

.text.excVecInit
                0x0000000000ec4584       0x60
 .text.excVecInit
                0x0000000000ec4584       0x60 ../PM_FW_COMMON/Srv/Scheduler/lib/CORE1/cagOsCORE1-0.a(sysExcArchLib.o)
                0x0000000000ec4584                excVecInit

.text.excVecBaseSet
                0x0000000000ec45e4       0x54
 .text.excVecBaseSet
                0x0000000000ec45e4       0x54 ../PM_FW_COMMON/Srv/Scheduler/lib/CORE1/cagOsCORE1-0.a(sysExcArchLib.o)
                0x0000000000ec45e4                excVecBaseSet

.text.installE500ParityErrorRecovery
                0x0000000000ec4638       0x64
 .text.installE500ParityErrorRecovery
                0x0000000000ec4638       0x64 ../PM_FW_COMMON/Srv/Scheduler/lib/CORE1/cagOsCORE1-0.a(sysExcArchLib.o)
                0x0000000000ec4638                installE500ParityErrorRecovery

.text.machineException
                0x0000000000ec469c      0x1c0
 .text.machineException
                0x0000000000ec469c      0x1c0 ../PM_FW_COMMON/Srv/Scheduler/lib/CORE1/cagOsCORE1-0.a(sysExcArchLib.o)
                0x0000000000ec469c                machineException

.text.SpeException
                0x0000000000ec485c       0xc8
 .text.SpeException
                0x0000000000ec485c       0xc8 ../PM_FW_COMMON/Srv/Scheduler/lib/CORE1/cagOsCORE1-0.a(sysExcArchLib.o)
                0x0000000000ec485c                SpeException

.text.generalException
                0x0000000000ec4924      0x3a8
 .text.generalException
                0x0000000000ec4924      0x3a8 ../PM_FW_COMMON/Srv/Scheduler/lib/CORE1/cagOsCORE1-0.a(sysExcArchLib.o)
                0x0000000000ec4924                generalException

.text.exceInit  0x0000000000ec4ccc       0x40
 .text.exceInit
                0x0000000000ec4ccc       0x40 ../PM_FW_COMMON/Srv/Scheduler/lib/CORE1/cagOsCORE1-0.a(sysExcLib.o)
                0x0000000000ec4ccc                exceInit

.text.executeException
                0x0000000000ec4d0c       0x28
 .text.executeException
                0x0000000000ec4d0c       0x28 ../PM_FW_COMMON/Srv/Scheduler/lib/CORE1/cagOsCORE1-0.a(sysExcLib.o)
                0x0000000000ec4d0c                executeException

.text.sysGpioLineConfig
                0x0000000000ec4d34      0x200
 .text.sysGpioLineConfig
                0x0000000000ec4d34      0x200 ../PM_FW_COMMON/Srv/Scheduler/lib/CORE1/cagOsCORE1-0.a(sysGpio.o)
                0x0000000000ec4d34                sysGpioLineConfig

.text.sysGpioLineSet
                0x0000000000ec4f34       0xcc
 .text.sysGpioLineSet
                0x0000000000ec4f34       0xcc ../PM_FW_COMMON/Srv/Scheduler/lib/CORE1/cagOsCORE1-0.a(sysGpio.o)
                0x0000000000ec4f34                sysGpioLineSet

.text.irqInit   0x0000000000ec5000       0x40
 .text.irqInit  0x0000000000ec5000       0x40 ../PM_FW_COMMON/Srv/Scheduler/lib/CORE1/cagOsCORE1-0.a(sysInt.o)
                0x0000000000ec5000                irqInit

.text.irqRregister
                0x0000000000ec5040      0x18c
 .text.irqRregister
                0x0000000000ec5040      0x18c ../PM_FW_COMMON/Srv/Scheduler/lib/CORE1/cagOsCORE1-0.a(sysInt.o)
                0x0000000000ec5040                irqRregister

.text.OSIntHandler
                0x0000000000ec51cc      0x12c
 .text.OSIntHandler
                0x0000000000ec51cc      0x12c ../PM_FW_COMMON/Srv/Scheduler/lib/CORE1/cagOsCORE1-0.a(sysInt.o)
                0x0000000000ec51cc                OSIntHandler

.text.sysL2CacheInit
                0x0000000000ec52f8       0xe4
 .text.sysL2CacheInit
                0x0000000000ec52f8       0xe4 ../PM_FW_COMMON/Srv/Scheduler/lib/CORE1/cagOsCORE1-0.a(sysL2Cache.o)
                0x0000000000ec52f8                sysL2CacheInit

.text.sysL2CacheInvFunc
                0x0000000000ec53dc       0x74
 .text.sysL2CacheInvFunc
                0x0000000000ec53dc       0x74 ../PM_FW_COMMON/Srv/Scheduler/lib/CORE1/cagOsCORE1-0.a(sysL2Cache.o)

.text.sysL2CacheEnable
                0x0000000000ec5450       0x58
 .text.sysL2CacheEnable
                0x0000000000ec5450       0x58 ../PM_FW_COMMON/Srv/Scheduler/lib/CORE1/cagOsCORE1-0.a(sysL2Cache.o)

.text.sysL2CacheDisable
                0x0000000000ec54a8       0x58
 .text.sysL2CacheDisable
                0x0000000000ec54a8       0x58 ../PM_FW_COMMON/Srv/Scheduler/lib/CORE1/cagOsCORE1-0.a(sysL2Cache.o)

.text.sysL2CacheFlush
                0x0000000000ec5500       0x68
 .text.sysL2CacheFlush
                0x0000000000ec5500       0x68 ../PM_FW_COMMON/Srv/Scheduler/lib/CORE1/cagOsCORE1-0.a(sysL2Cache.o)

.text.powerpcIntDisableIDP
                0x0000000000ec5568       0x44
 .text.powerpcIntDisableIDP
                0x0000000000ec5568       0x44 ../PM_FW_COMMON/Srv/Scheduler/lib/CORE1/cagOsCORE1-0.a(sysOsSwitchLib.o)
                0x0000000000ec5568                powerpcIntDisableIDP

.text.powerpcIntEnableIDP
                0x0000000000ec55ac       0x50
 .text.powerpcIntEnableIDP
                0x0000000000ec55ac       0x50 ../PM_FW_COMMON/Srv/Scheduler/lib/CORE1/cagOsCORE1-0.a(sysOsSwitchLib.o)
                0x0000000000ec55ac                powerpcIntEnableIDP

.text.powerpcIntDisable
                0x0000000000ec55fc       0x98
 .text.powerpcIntDisable
                0x0000000000ec55fc       0x98 ../PM_FW_COMMON/Srv/Scheduler/lib/CORE1/cagOsCORE1-0.a(sysOsSwitchLib.o)
                0x0000000000ec55fc                powerpcIntDisable

.text.powerpcIntEnable
                0x0000000000ec5694       0xe4
 .text.powerpcIntEnable
                0x0000000000ec5694       0xe4 ../PM_FW_COMMON/Srv/Scheduler/lib/CORE1/cagOsCORE1-0.a(sysOsSwitchLib.o)
                0x0000000000ec5694                powerpcIntEnable

.text.OSIdleTaskHook
                0x0000000000ec5778       0x4c
 .text.OSIdleTaskHook
                0x0000000000ec5778       0x4c ../PM_FW_COMMON/Srv/Scheduler/lib/CORE1/cagOsCORE1-0.a(sysOsSwitchLib.o)
                0x0000000000ec5778                OSIdleTaskHook

.text.OSInitHook
                0x0000000000ec57c4       0x4c
 .text.OSInitHook
                0x0000000000ec57c4       0x4c ../PM_FW_COMMON/Srv/Scheduler/lib/CORE1/cagOsCORE1-0.a(sysOsSwitchLib.o)
                0x0000000000ec57c4                OSInitHook

.text.OSTaskCreateHook
                0x0000000000ec5810       0x54
 .text.OSTaskCreateHook
                0x0000000000ec5810       0x54 ../PM_FW_COMMON/Srv/Scheduler/lib/CORE1/cagOsCORE1-0.a(sysOsSwitchLib.o)
                0x0000000000ec5810                OSTaskCreateHook

.text.OSTaskDelHook
                0x0000000000ec5864       0x54
 .text.OSTaskDelHook
                0x0000000000ec5864       0x54 ../PM_FW_COMMON/Srv/Scheduler/lib/CORE1/cagOsCORE1-0.a(sysOsSwitchLib.o)
                0x0000000000ec5864                OSTaskDelHook

.text.OSTaskReturnHook
                0x0000000000ec58b8       0x54
 .text.OSTaskReturnHook
                0x0000000000ec58b8       0x54 ../PM_FW_COMMON/Srv/Scheduler/lib/CORE1/cagOsCORE1-0.a(sysOsSwitchLib.o)
                0x0000000000ec58b8                OSTaskReturnHook

.text.OSTaskStkInit
                0x0000000000ec590c      0x4a8
 .text.OSTaskStkInit
                0x0000000000ec590c      0x4a8 ../PM_FW_COMMON/Srv/Scheduler/lib/CORE1/cagOsCORE1-0.a(sysOsSwitchLib.o)
                0x0000000000ec590c                OSTaskStkInit

.text.OSTimeTickHook
                0x0000000000ec5db4       0x4c
 .text.OSTimeTickHook
                0x0000000000ec5db4       0x4c ../PM_FW_COMMON/Srv/Scheduler/lib/CORE1/cagOsCORE1-0.a(sysOsSwitchLib.o)
                0x0000000000ec5db4                OSTimeTickHook

.text.sysEpicInit
                0x0000000000ec5e00      0x404
 .text.sysEpicInit
                0x0000000000ec5e00      0x404 ../PM_FW_COMMON/Srv/Scheduler/lib/CORE1/cagOsCORE1-0.a(sysPic.o)
                0x0000000000ec5e00                sysEpicInit

.text.sysEpicCurTaskPrioSet
                0x0000000000ec6204       0x9c
 .text.sysEpicCurTaskPrioSet
                0x0000000000ec6204       0x9c ../PM_FW_COMMON/Srv/Scheduler/lib/CORE1/cagOsCORE1-0.a(sysPic.o)
                0x0000000000ec6204                sysEpicCurTaskPrioSet

.text.sysEpicIntEnable
                0x0000000000ec62a0       0xe8
 .text.sysEpicIntEnable
                0x0000000000ec62a0       0xe8 ../PM_FW_COMMON/Srv/Scheduler/lib/CORE1/cagOsCORE1-0.a(sysPic.o)
                0x0000000000ec62a0                sysEpicIntEnable

.text.sysEpicIntDisable
                0x0000000000ec6388       0xe8
 .text.sysEpicIntDisable
                0x0000000000ec6388       0xe8 ../PM_FW_COMMON/Srv/Scheduler/lib/CORE1/cagOsCORE1-0.a(sysPic.o)
                0x0000000000ec6388                sysEpicIntDisable

.text.sysEpicIntSourceSet
                0x0000000000ec6470      0x178
 .text.sysEpicIntSourceSet
                0x0000000000ec6470      0x178 ../PM_FW_COMMON/Srv/Scheduler/lib/CORE1/cagOsCORE1-0.a(sysPic.o)
                0x0000000000ec6470                sysEpicIntSourceSet

.text.sysEpicCpuAvailGet
                0x0000000000ec65e8       0x50
 .text.sysEpicCpuAvailGet
                0x0000000000ec65e8       0x50 ../PM_FW_COMMON/Srv/Scheduler/lib/CORE1/cagOsCORE1-0.a(sysPic.o)
                0x0000000000ec65e8                sysEpicCpuAvailGet

.text.sysEpicConfig
                0x0000000000ec6638      0x120
 .text.sysEpicConfig
                0x0000000000ec6638      0x120 ../PM_FW_COMMON/Srv/Scheduler/lib/CORE1/cagOsCORE1-0.a(sysPic.o)
                0x0000000000ec6638                sysEpicConfig

.text.speExcInit
                0x0000000000ec6758       0x80
 .text.speExcInit
                0x0000000000ec6758       0x80 ../PM_FW_COMMON/Srv/Scheduler/lib/CORE1/cagOsCORE1-0.a(sysSpeExcLib.o)
                0x0000000000ec6758                speExcInit

.text.OSTaskCreate
                0x0000000000ec67d8      0x32c
 .text.OSTaskCreate
                0x0000000000ec67d8      0x32c ../PM_FW_COMMON/Srv/Scheduler/lib/CORE1/cagOsCORE1-0.a(sysTask.o)
                0x0000000000ec67d8                OSTaskCreate

.text.OSTaskDel
                0x0000000000ec6b04      0x2e0
 .text.OSTaskDel
                0x0000000000ec6b04      0x2e0 ../PM_FW_COMMON/Srv/Scheduler/lib/CORE1/cagOsCORE1-0.a(sysTask.o)
                0x0000000000ec6b04                OSTaskDel

.text.OS_TaskInit
                0x0000000000ec6de4       0x44
 .text.OS_TaskInit
                0x0000000000ec6de4       0x44 ../PM_FW_COMMON/Srv/Scheduler/lib/CORE1/cagOsCORE1-0.a(sysTask.o)
                0x0000000000ec6de4                OS_TaskInit

.text.OS_TaskInitTCB
                0x0000000000ec6e28      0x1e8
 .text.OS_TaskInitTCB
                0x0000000000ec6e28      0x1e8 ../PM_FW_COMMON/Srv/Scheduler/lib/CORE1/cagOsCORE1-0.a(sysTask.o)
                0x0000000000ec6e28                OS_TaskInitTCB

.text.OS_TaskReturn
                0x0000000000ec7010       0xe8
 .text.OS_TaskReturn
                0x0000000000ec7010       0xe8 ../PM_FW_COMMON/Srv/Scheduler/lib/CORE1/cagOsCORE1-0.a(sysTask.o)
                0x0000000000ec7010                OS_TaskReturn

.text.OS_TaskChangePrio
                0x0000000000ec70f8      0x23c
 .text.OS_TaskChangePrio
                0x0000000000ec70f8      0x23c ../PM_FW_COMMON/Srv/Scheduler/lib/CORE1/cagOsCORE1-0.a(sysTask.o)
                0x0000000000ec70f8                OS_TaskChangePrio

.text.get_tbclk
                0x0000000000ec7334       0x58
 .text.get_tbclk
                0x0000000000ec7334       0x58 ../PM_FW_COMMON/Srv/Scheduler/lib/CORE1/cagOsCORE1-0.a(sysTbl.o)
                0x0000000000ec7334                get_tbclk

.text.getTblms  0x0000000000ec738c      0x11c
 .text.getTblms
                0x0000000000ec738c      0x11c ../PM_FW_COMMON/Srv/Scheduler/lib/CORE1/cagOsCORE1-0.a(sysTbl.o)
                0x0000000000ec738c                getTblms

.text.get_fpga  0x0000000000ec74a8      0x138
 .text.get_fpga
                0x0000000000ec74a8      0x138 ../PM_FW_COMMON/Srv/Scheduler/lib/CORE1/cagOsCORE1-0.a(sysTbl.o)
                0x0000000000ec74a8                get_fpga

.text.get_free  0x0000000000ec75e0      0x138
 .text.get_free
                0x0000000000ec75e0      0x138 ../PM_FW_COMMON/Srv/Scheduler/lib/CORE1/cagOsCORE1-0.a(sysTbl.o)
                0x0000000000ec75e0                get_free

.text.OS_TickUpdate
                0x0000000000ec7718       0x80
 .text.OS_TickUpdate
                0x0000000000ec7718       0x80 ../PM_FW_COMMON/Srv/Scheduler/lib/CORE1/cagOsCORE1-0.a(sysTick.o)
                0x0000000000ec7718                OS_TickUpdate

.text.OS_TickListInsert
                0x0000000000ec7798      0x204
 .text.OS_TickListInsert
                0x0000000000ec7798      0x204 ../PM_FW_COMMON/Srv/Scheduler/lib/CORE1/cagOsCORE1-0.a(sysTick.o)
                0x0000000000ec7798                OS_TickListInsert

.text.OS_TickListRemove
                0x0000000000ec799c      0x150
 .text.OS_TickListRemove
                0x0000000000ec799c      0x150 ../PM_FW_COMMON/Srv/Scheduler/lib/CORE1/cagOsCORE1-0.a(sysTick.o)
                0x0000000000ec799c                OS_TickListRemove

.text.OS_TickListUpdateDly
                0x0000000000ec7aec      0x120
 .text.OS_TickListUpdateDly
                0x0000000000ec7aec      0x120 ../PM_FW_COMMON/Srv/Scheduler/lib/CORE1/cagOsCORE1-0.a(sysTick.o)

.text.OS_TickListUpdateTimeout
                0x0000000000ec7c0c      0x24c
 .text.OS_TickListUpdateTimeout
                0x0000000000ec7c0c      0x24c ../PM_FW_COMMON/Srv/Scheduler/lib/CORE1/cagOsCORE1-0.a(sysTick.o)

.text.OSTimeTick
                0x0000000000ec7e58       0x60
 .text.OSTimeTick
                0x0000000000ec7e58       0x60 ../PM_FW_COMMON/Srv/Scheduler/lib/CORE1/cagOsCORE1-0.a(sysTime.o)
                0x0000000000ec7e58                OSTimeTick

.text.dfs_init  0x0000000000ec7eb8       0x5c
 .text.dfs_init
                0x0000000000ec7eb8       0x5c ../PM_FW_COMMON/Srv/Scheduler/lib/CORE1/cagOsCORE1-0.a(dfs.o)
                0x0000000000ec7eb8                dfs_init

.text.dfs_register
                0x0000000000ec7f14       0x9c
 .text.dfs_register
                0x0000000000ec7f14       0x9c ../PM_FW_COMMON/Srv/Scheduler/lib/CORE1/cagOsCORE1-0.a(dfs.o)
                0x0000000000ec7f14                dfs_register

.text.get_dfs   0x0000000000ec7fb0       0x50
 .text.get_dfs  0x0000000000ec7fb0       0x50 ../PM_FW_COMMON/Srv/Scheduler/lib/CORE1/cagOsCORE1-0.a(dfs.o)
                0x0000000000ec7fb0                get_dfs

.text.dfs_write
                0x0000000000ec8000      0x1a4
 .text.dfs_write
                0x0000000000ec8000      0x1a4 ../PM_FW_COMMON/Srv/Scheduler/lib/CORE1/cagOsCORE1-0.a(dfs.o)
                0x0000000000ec8000                dfs_write

.text.dfs_read  0x0000000000ec81a4      0x1f8
 .text.dfs_read
                0x0000000000ec81a4      0x1f8 ../PM_FW_COMMON/Srv/Scheduler/lib/CORE1/cagOsCORE1-0.a(dfs.o)
                0x0000000000ec81a4                dfs_read

.text.dfs_erase
                0x0000000000ec839c      0x224
 .text.dfs_erase
                0x0000000000ec839c      0x224 ../PM_FW_COMMON/Srv/Scheduler/lib/CORE1/cagOsCORE1-0.a(dfs.o)
                0x0000000000ec839c                dfs_erase

.text.fs_init   0x0000000000ec85c0      0x234
 .text.fs_init  0x0000000000ec85c0      0x234 ../PM_FW_COMMON/Srv/Scheduler/lib/CORE1/cagOsCORE1-0.a(hw_init.o)
                0x0000000000ec85c0                fs_init

.text.nor_init  0x0000000000ec87f4      0x1ec
 .text.nor_init
                0x0000000000ec87f4      0x1ec ../PM_FW_COMMON/Srv/Scheduler/lib/CORE1/cagOsCORE1-0.a(hw_init.o)
                0x0000000000ec87f4                nor_init

.text.fpga_flash_init
                0x0000000000ec89e0      0x100
 .text.fpga_flash_init
                0x0000000000ec89e0      0x100 ../PM_FW_COMMON/Srv/Scheduler/lib/CORE1/cagOsCORE1-0.a(hw_init.o)
                0x0000000000ec89e0                fpga_flash_init

.text.lld_lock  0x0000000000ec8ae0       0x60
 .text.lld_lock
                0x0000000000ec8ae0       0x60 ../PM_FW_COMMON/Srv/Scheduler/lib/CORE1/cagOsCORE1-0.a(lld.o)

.text.lld_unlock
                0x0000000000ec8b40       0x68
 .text.lld_unlock
                0x0000000000ec8b40       0x68 ../PM_FW_COMMON/Srv/Scheduler/lib/CORE1/cagOsCORE1-0.a(lld.o)

.text.lld_InitCmd
                0x0000000000ec8ba8       0x2c
 .text.lld_InitCmd
                0x0000000000ec8ba8       0x2c ../PM_FW_COMMON/Srv/Scheduler/lib/CORE1/cagOsCORE1-0.a(lld.o)
                0x0000000000ec8ba8                lld_InitCmd

.text.lld_SectorEraseCmd
                0x0000000000ec8bd4       0x98
 .text.lld_SectorEraseCmd
                0x0000000000ec8bd4       0x98 ../PM_FW_COMMON/Srv/Scheduler/lib/CORE1/cagOsCORE1-0.a(lld.o)
                0x0000000000ec8bd4                lld_SectorEraseCmd

.text.lld_ChipEraseCmd
                0x0000000000ec8c6c       0x80
 .text.lld_ChipEraseCmd
                0x0000000000ec8c6c       0x80 ../PM_FW_COMMON/Srv/Scheduler/lib/CORE1/cagOsCORE1-0.a(lld.o)
                0x0000000000ec8c6c                lld_ChipEraseCmd

.text.lld_ProgramCmd
                0x0000000000ec8cec       0x78
 .text.lld_ProgramCmd
                0x0000000000ec8cec       0x78 ../PM_FW_COMMON/Srv/Scheduler/lib/CORE1/cagOsCORE1-0.a(lld.o)
                0x0000000000ec8cec                lld_ProgramCmd

.text.lld_WriteToBufferCmd
                0x0000000000ec8d64       0x78
 .text.lld_WriteToBufferCmd
                0x0000000000ec8d64       0x78 ../PM_FW_COMMON/Srv/Scheduler/lib/CORE1/cagOsCORE1-0.a(lld.o)
                0x0000000000ec8d64                lld_WriteToBufferCmd

.text.lld_ProgramBufferToFlashCmd
                0x0000000000ec8ddc       0x3c
 .text.lld_ProgramBufferToFlashCmd
                0x0000000000ec8ddc       0x3c ../PM_FW_COMMON/Srv/Scheduler/lib/CORE1/cagOsCORE1-0.a(lld.o)
                0x0000000000ec8ddc                lld_ProgramBufferToFlashCmd

.text.lld_WriteBufferAbortResetCmd
                0x0000000000ec8e18       0x50
 .text.lld_WriteBufferAbortResetCmd
                0x0000000000ec8e18       0x50 ../PM_FW_COMMON/Srv/Scheduler/lib/CORE1/cagOsCORE1-0.a(lld.o)
                0x0000000000ec8e18                lld_WriteBufferAbortResetCmd

.text.lld_Poll  0x0000000000ec8e68      0x1a8
 .text.lld_Poll
                0x0000000000ec8e68      0x1a8 ../PM_FW_COMMON/Srv/Scheduler/lib/CORE1/cagOsCORE1-0.a(lld.o)
                0x0000000000ec8e68                lld_Poll

.text.lld_StatusGet
                0x0000000000ec9010      0x238
 .text.lld_StatusGet
                0x0000000000ec9010      0x238 ../PM_FW_COMMON/Srv/Scheduler/lib/CORE1/cagOsCORE1-0.a(lld.o)
                0x0000000000ec9010                lld_StatusGet

.text.lld_ReadOp
                0x0000000000ec9248       0xb8
 .text.lld_ReadOp
                0x0000000000ec9248       0xb8 ../PM_FW_COMMON/Srv/Scheduler/lib/CORE1/cagOsCORE1-0.a(lld.o)
                0x0000000000ec9248                lld_ReadOp

.text.lld_WriteBufferProgramOp
                0x0000000000ec9300      0x1ac
 .text.lld_WriteBufferProgramOp
                0x0000000000ec9300      0x1ac ../PM_FW_COMMON/Srv/Scheduler/lib/CORE1/cagOsCORE1-0.a(lld.o)
                0x0000000000ec9300                lld_WriteBufferProgramOp

.text.lld_ProgramOp
                0x0000000000ec94ac       0xe4
 .text.lld_ProgramOp
                0x0000000000ec94ac       0xe4 ../PM_FW_COMMON/Srv/Scheduler/lib/CORE1/cagOsCORE1-0.a(lld.o)
                0x0000000000ec94ac                lld_ProgramOp

.text.lld_SectorEraseOp
                0x0000000000ec9590       0xdc
 .text.lld_SectorEraseOp
                0x0000000000ec9590       0xdc ../PM_FW_COMMON/Srv/Scheduler/lib/CORE1/cagOsCORE1-0.a(lld.o)
                0x0000000000ec9590                lld_SectorEraseOp

.text.lld_ChipEraseOp
                0x0000000000ec966c       0xec
 .text.lld_ChipEraseOp
                0x0000000000ec966c       0xec ../PM_FW_COMMON/Srv/Scheduler/lib/CORE1/cagOsCORE1-0.a(lld.o)
                0x0000000000ec966c                lld_ChipEraseOp

.text.lld_memcpy
                0x0000000000ec9758      0x1ac
 .text.lld_memcpy
                0x0000000000ec9758      0x1ac ../PM_FW_COMMON/Srv/Scheduler/lib/CORE1/cagOsCORE1-0.a(lld.o)
                0x0000000000ec9758                lld_memcpy

.text.flash_read8
                0x0000000000ec9904       0xa8
 .text.flash_read8
                0x0000000000ec9904       0xa8 ../PM_FW_COMMON/Srv/Scheduler/lib/CORE1/cagOsCORE1-0.a(lld.o)

.text.flash_add_byte
                0x0000000000ec99ac       0x5c
 .text.flash_add_byte
                0x0000000000ec99ac       0x5c ../PM_FW_COMMON/Srv/Scheduler/lib/CORE1/cagOsCORE1-0.a(lld.o)

.text.lld_write
                0x0000000000ec9a08      0x40c
 .text.lld_write
                0x0000000000ec9a08      0x40c ../PM_FW_COMMON/Srv/Scheduler/lib/CORE1/cagOsCORE1-0.a(lld.o)
                0x0000000000ec9a08                lld_write

.text.lld_read  0x0000000000ec9e14      0x274
 .text.lld_read
                0x0000000000ec9e14      0x274 ../PM_FW_COMMON/Srv/Scheduler/lib/CORE1/cagOsCORE1-0.a(lld.o)
                0x0000000000ec9e14                lld_read

.text.lld_erase
                0x0000000000eca088      0x108
 .text.lld_erase
                0x0000000000eca088      0x108 ../PM_FW_COMMON/Srv/Scheduler/lib/CORE1/cagOsCORE1-0.a(lld.o)
                0x0000000000eca088                lld_erase

.text.memcpy    0x0000000000eca190       0x50
 .text.memcpy   0x0000000000eca190       0x50 ../PM_FW_COMMON/Srv/Scheduler/lib/CORE1/cagOsCORE1-0.a(memcpy.o)
                0x0000000000eca190                memcpy

.text.memset    0x0000000000eca1e0       0x50
 .text.memset   0x0000000000eca1e0       0x50 ../PM_FW_COMMON/Srv/Scheduler/lib/CORE1/cagOsCORE1-0.a(memset.o)
                0x0000000000eca1e0                memset

.text.ns16550OutputChar
                0x0000000000eca230       0x7c
 .text.ns16550OutputChar
                0x0000000000eca230       0x7c ../PM_FW_COMMON/Srv/Scheduler/lib/CORE1/cagOsCORE1-0.a(ns16550.o)
                0x0000000000eca230                ns16550OutputChar

.text.ns16550DevInit
                0x0000000000eca2ac      0x168
 .text.ns16550DevInit
                0x0000000000eca2ac      0x168 ../PM_FW_COMMON/Srv/Scheduler/lib/CORE1/cagOsCORE1-0.a(ns16550.o)
                0x0000000000eca2ac                ns16550DevInit

.text.fixSioBase
                0x0000000000eca414       0x2c
 .text.fixSioBase
                0x0000000000eca414       0x2c ../PM_FW_COMMON/Srv/Scheduler/lib/CORE1/cagOsCORE1-0.a(ns16550.o)
                0x0000000000eca414                fixSioBase

.text.strnlen   0x0000000000eca440       0x74
 .text.strnlen  0x0000000000eca440       0x74 ../PM_FW_COMMON/Srv/Scheduler/lib/CORE1/cagOsCORE1-0.a(printk.o)
                0x0000000000eca440                strnlen

.text.skip_atoi
                0x0000000000eca4b4       0xb0
 .text.skip_atoi
                0x0000000000eca4b4       0xb0 ../PM_FW_COMMON/Srv/Scheduler/lib/CORE1/cagOsCORE1-0.a(printk.o)

.text.number    0x0000000000eca564      0x43c
 .text.number   0x0000000000eca564      0x43c ../PM_FW_COMMON/Srv/Scheduler/lib/CORE1/cagOsCORE1-0.a(printk.o)

.text.vsprintf  0x0000000000eca9a0      0xa60
 .text.vsprintf
                0x0000000000eca9a0      0xa60 ../PM_FW_COMMON/Srv/Scheduler/lib/CORE1/cagOsCORE1-0.a(printk.o)
                0x0000000000eca9a0                vsprintf

.text.putc      0x0000000000ecb400       0x60
 .text.putc     0x0000000000ecb400       0x60 ../PM_FW_COMMON/Srv/Scheduler/lib/CORE1/cagOsCORE1-0.a(printk.o)
                0x0000000000ecb400                putc

.text.puts      0x0000000000ecb460       0x68
 .text.puts     0x0000000000ecb460       0x68 ../PM_FW_COMMON/Srv/Scheduler/lib/CORE1/cagOsCORE1-0.a(printk.o)
                0x0000000000ecb460                puts

.text.printCfg  0x0000000000ecb4c8       0x2c
 .text.printCfg
                0x0000000000ecb4c8       0x2c ../PM_FW_COMMON/Srv/Scheduler/lib/CORE1/cagOsCORE1-0.a(printk.o)
                0x0000000000ecb4c8                printCfg

.text.printf    0x0000000000ecb4f4       0xa0
 .text.printf   0x0000000000ecb4f4       0xa0 ../PM_FW_COMMON/Srv/Scheduler/lib/CORE1/cagOsCORE1-0.a(printk.o)
                0x0000000000ecb4f4                printf

.text.printe    0x0000000000ecb594       0x94
 .text.printe   0x0000000000ecb594       0x94 ../PM_FW_COMMON/Srv/Scheduler/lib/CORE1/cagOsCORE1-0.a(printk.o)
                0x0000000000ecb594                printe

.text.sffs_read_at
                0x0000000000ecb628      0x1b0
 .text.sffs_read_at
                0x0000000000ecb628       0xd8 ../PM_FW_COMMON/Srv/Scheduler/lib/CORE1/cagOsCORE1-0.a(sffs.o)
 .text.sffs_read_at
                0x0000000000ecb700       0xd8 ../PM_FW_COMMON/Srv/Scheduler/lib/CORE1/cagOsCORE1-0.a(fs_api.o)

.text.NOLOG     0x0000000000ecb7d8       0x3c
 .text.NOLOG    0x0000000000ecb7d8       0x3c ../PM_FW_COMMON/Srv/Scheduler/lib/CORE1/cagOsCORE1-0.a(sffs.o)
                0x0000000000ecb7d8                NOLOG

.text.sffs_lock
                0x0000000000ecb814       0x94
 .text.sffs_lock
                0x0000000000ecb814       0x94 ../PM_FW_COMMON/Srv/Scheduler/lib/CORE1/cagOsCORE1-0.a(sffs.o)
                0x0000000000ecb814                sffs_lock

.text.sffs_unlock
                0x0000000000ecb8a8       0x94
 .text.sffs_unlock
                0x0000000000ecb8a8       0x94 ../PM_FW_COMMON/Srv/Scheduler/lib/CORE1/cagOsCORE1-0.a(sffs.o)
                0x0000000000ecb8a8                sffs_unlock

.text.sffs_protect
                0x0000000000ecb93c       0x1c
 .text.sffs_protect
                0x0000000000ecb93c       0x1c ../PM_FW_COMMON/Srv/Scheduler/lib/CORE1/cagOsCORE1-0.a(sffs.o)
                0x0000000000ecb93c                sffs_protect

.text.sffs_unprotect
                0x0000000000ecb958       0x1c
 .text.sffs_unprotect
                0x0000000000ecb958       0x1c ../PM_FW_COMMON/Srv/Scheduler/lib/CORE1/cagOsCORE1-0.a(sffs.o)
                0x0000000000ecb958                sffs_unprotect

.text.sffs_get_fsfd
                0x0000000000ecb974       0x2c
 .text.sffs_get_fsfd
                0x0000000000ecb974       0x2c ../PM_FW_COMMON/Srv/Scheduler/lib/CORE1/cagOsCORE1-0.a(sffs.o)
                0x0000000000ecb974                sffs_get_fsfd

.text.sffs_set_errno
                0x0000000000ecb9a0       0x54
 .text.sffs_set_errno
                0x0000000000ecb9a0       0x54 ../PM_FW_COMMON/Srv/Scheduler/lib/CORE1/cagOsCORE1-0.a(sffs.o)
                0x0000000000ecb9a0                sffs_set_errno

.text.sffs_get_errno
                0x0000000000ecb9f4      0x158
 .text.sffs_get_errno
                0x0000000000ecb9f4      0x158 ../PM_FW_COMMON/Srv/Scheduler/lib/CORE1/cagOsCORE1-0.a(sffs.o)
                0x0000000000ecb9f4                sffs_get_errno

.text.sffs_write_at
                0x0000000000ecbb4c       0x88
 .text.sffs_write_at
                0x0000000000ecbb4c       0x88 ../PM_FW_COMMON/Srv/Scheduler/lib/CORE1/cagOsCORE1-0.a(sffs.o)

.text.sffs_erase_at
                0x0000000000ecbbd4       0xc0
 .text.sffs_erase_at
                0x0000000000ecbbd4       0xc0 ../PM_FW_COMMON/Srv/Scheduler/lib/CORE1/cagOsCORE1-0.a(sffs.o)

.text.sffs_get_se
                0x0000000000ecbc94      0x164
 .text.sffs_get_se
                0x0000000000ecbc94      0x164 ../PM_FW_COMMON/Srv/Scheduler/lib/CORE1/cagOsCORE1-0.a(sffs.o)

.text.sffs_set_sebit
                0x0000000000ecbdf8       0x54
 .text.sffs_set_sebit
                0x0000000000ecbdf8       0x54 ../PM_FW_COMMON/Srv/Scheduler/lib/CORE1/cagOsCORE1-0.a(sffs.o)

.text.sffs_clear_sebit
                0x0000000000ecbe4c       0x54
 .text.sffs_clear_sebit
                0x0000000000ecbe4c       0x54 ../PM_FW_COMMON/Srv/Scheduler/lib/CORE1/cagOsCORE1-0.a(sffs.o)

.text.sffs_ckstat
                0x0000000000ecbea0       0x4c
 .text.sffs_ckstat
                0x0000000000ecbea0       0x4c ../PM_FW_COMMON/Srv/Scheduler/lib/CORE1/cagOsCORE1-0.a(sffs.o)

.text.sffs_ck_fd
                0x0000000000ecbeec       0x74
 .text.sffs_ck_fd
                0x0000000000ecbeec       0x74 ../PM_FW_COMMON/Srv/Scheduler/lib/CORE1/cagOsCORE1-0.a(sffs.o)
                0x0000000000ecbeec                sffs_ck_fd

.text.sffs_check_fid
                0x0000000000ecbf60       0x8c
 .text.sffs_check_fid
                0x0000000000ecbf60       0x8c ../PM_FW_COMMON/Srv/Scheduler/lib/CORE1/cagOsCORE1-0.a(sffs.o)

.text.sffs_get_hdrss
                0x0000000000ecbfec      0x7f4
 .text.sffs_get_hdrss
                0x0000000000ecbfec      0x7f4 ../PM_FW_COMMON/Srv/Scheduler/lib/CORE1/cagOsCORE1-0.a(sffs.o)

.text.sffs_reset_filehdr
                0x0000000000ecc7e0      0x2c0
 .text.sffs_reset_filehdr
                0x0000000000ecc7e0      0x2c0 ../PM_FW_COMMON/Srv/Scheduler/lib/CORE1/cagOsCORE1-0.a(sffs.o)

.text.sffs_find_filehdr
                0x0000000000eccaa0      0x164
 .text.sffs_find_filehdr
                0x0000000000eccaa0      0x164 ../PM_FW_COMMON/Srv/Scheduler/lib/CORE1/cagOsCORE1-0.a(sffs.o)
                0x0000000000eccaa0                sffs_find_filehdr

.text.sffs_get_filehdr
                0x0000000000eccc04       0xc8
 .text.sffs_get_filehdr
                0x0000000000eccc04       0xc8 ../PM_FW_COMMON/Srv/Scheduler/lib/CORE1/cagOsCORE1-0.a(sffs.o)

.text.sffs_is_mounted
                0x0000000000eccccc       0x2c
 .text.sffs_is_mounted
                0x0000000000eccccc       0x2c ../PM_FW_COMMON/Srv/Scheduler/lib/CORE1/cagOsCORE1-0.a(sffs.o)
                0x0000000000eccccc                sffs_is_mounted

.text.sffs_write_4k
                0x0000000000ecccf8      0x3d8
 .text.sffs_write_4k
                0x0000000000ecccf8      0x3d8 ../PM_FW_COMMON/Srv/Scheduler/lib/CORE1/cagOsCORE1-0.a(sffs.o)

.text.sffs_read_4k
                0x0000000000ecd0d0      0x2bc
 .text.sffs_read_4k
                0x0000000000ecd0d0      0x2bc ../PM_FW_COMMON/Srv/Scheduler/lib/CORE1/cagOsCORE1-0.a(sffs.o)

.text.sffs_slot_clear
                0x0000000000ecd38c       0x80
 .text.sffs_slot_clear
                0x0000000000ecd38c       0x80 ../PM_FW_COMMON/Srv/Scheduler/lib/CORE1/cagOsCORE1-0.a(sffs.o)
                0x0000000000ecd38c                sffs_slot_clear

.text.sffs_start
                0x0000000000ecd40c      0x310
 .text.sffs_start
                0x0000000000ecd40c      0x310 ../PM_FW_COMMON/Srv/Scheduler/lib/CORE1/cagOsCORE1-0.a(sffs.o)

.text.sffs_open
                0x0000000000ecd71c      0x2b8
 .text.sffs_open
                0x0000000000ecd71c      0x2b8 ../PM_FW_COMMON/Srv/Scheduler/lib/CORE1/cagOsCORE1-0.a(sffs.o)
                0x0000000000ecd71c                sffs_open

.text.sffs_close
                0x0000000000ecd9d4      0x7e8
 .text.sffs_close
                0x0000000000ecd9d4      0x7e8 ../PM_FW_COMMON/Srv/Scheduler/lib/CORE1/cagOsCORE1-0.a(sffs.o)
                0x0000000000ecd9d4                sffs_close

.text.sffs_write
                0x0000000000ece1bc      0x60c
 .text.sffs_write
                0x0000000000ece1bc      0x60c ../PM_FW_COMMON/Srv/Scheduler/lib/CORE1/cagOsCORE1-0.a(sffs.o)
                0x0000000000ece1bc                sffs_write

.text.sffs_read
                0x0000000000ece7c8      0x39c
 .text.sffs_read
                0x0000000000ece7c8      0x39c ../PM_FW_COMMON/Srv/Scheduler/lib/CORE1/cagOsCORE1-0.a(sffs.o)
                0x0000000000ece7c8                sffs_read

.text.sffs_rename
                0x0000000000eceb64      0x60c
 .text.sffs_rename
                0x0000000000eceb64      0x60c ../PM_FW_COMMON/Srv/Scheduler/lib/CORE1/cagOsCORE1-0.a(sffs.o)
                0x0000000000eceb64                sffs_rename

.text.sffs_remove_byfd
                0x0000000000ecf170      0x494
 .text.sffs_remove_byfd
                0x0000000000ecf170      0x494 ../PM_FW_COMMON/Srv/Scheduler/lib/CORE1/cagOsCORE1-0.a(sffs.o)
                0x0000000000ecf170                sffs_remove_byfd

.text.sffs_remove_byname
                0x0000000000ecf604       0x90
 .text.sffs_remove_byname
                0x0000000000ecf604       0x90 ../PM_FW_COMMON/Srv/Scheduler/lib/CORE1/cagOsCORE1-0.a(sffs.o)
                0x0000000000ecf604                sffs_remove_byname

.text.sffs_format
                0x0000000000ecf694      0x1dc
 .text.sffs_format
                0x0000000000ecf694      0x1dc ../PM_FW_COMMON/Srv/Scheduler/lib/CORE1/cagOsCORE1-0.a(sffs.o)
                0x0000000000ecf694                sffs_format

.text.sffs_check_sffs
                0x0000000000ecf870       0x64
 .text.sffs_check_sffs
                0x0000000000ecf870       0x64 ../PM_FW_COMMON/Srv/Scheduler/lib/CORE1/cagOsCORE1-0.a(sffs.o)

.text.sffs_register
                0x0000000000ecf8d4      0x114
 .text.sffs_register
                0x0000000000ecf8d4      0x114 ../PM_FW_COMMON/Srv/Scheduler/lib/CORE1/cagOsCORE1-0.a(sffs.o)
                0x0000000000ecf8d4                sffs_register

.text.sffs_get_slot
                0x0000000000ecf9e8       0x58
 .text.sffs_get_slot
                0x0000000000ecf9e8       0x58 ../PM_FW_COMMON/Srv/Scheduler/lib/CORE1/cagOsCORE1-0.a(sffs.o)
                0x0000000000ecf9e8                sffs_get_slot

.text.sffs_mount
                0x0000000000ecfa40      0x9cc
 .text.sffs_mount
                0x0000000000ecfa40      0x9cc ../PM_FW_COMMON/Srv/Scheduler/lib/CORE1/cagOsCORE1-0.a(sffs.o)
                0x0000000000ecfa40                sffs_mount

.text.sf_get_stat
                0x0000000000ed040c       0x94
 .text.sf_get_stat
                0x0000000000ed040c       0x94 ../PM_FW_COMMON/Srv/Scheduler/lib/CORE1/cagOsCORE1-0.a(sf.o)

.text.sf_set_addr
                0x0000000000ed04a0       0x74
 .text.sf_set_addr
                0x0000000000ed04a0       0x74 ../PM_FW_COMMON/Srv/Scheduler/lib/CORE1/cagOsCORE1-0.a(sf.o)

.text.sf_set_timeout
                0x0000000000ed0514       0x6c
 .text.sf_set_timeout
                0x0000000000ed0514       0x6c ../PM_FW_COMMON/Srv/Scheduler/lib/CORE1/cagOsCORE1-0.a(sf.o)

.text.sf_addr_ck
                0x0000000000ed0580       0xdc
 .text.sf_addr_ck
                0x0000000000ed0580       0xdc ../PM_FW_COMMON/Srv/Scheduler/lib/CORE1/cagOsCORE1-0.a(sf.o)

.text.spiflash_read
                0x0000000000ed065c      0x1f4
 .text.spiflash_read
                0x0000000000ed065c      0x1f4 ../PM_FW_COMMON/Srv/Scheduler/lib/CORE1/cagOsCORE1-0.a(sf.o)
                0x0000000000ed065c                spiflash_read

.text.spiflash_write
                0x0000000000ed0850      0x1d8
 .text.spiflash_write
                0x0000000000ed0850      0x1d8 ../PM_FW_COMMON/Srv/Scheduler/lib/CORE1/cagOsCORE1-0.a(sf.o)
                0x0000000000ed0850                spiflash_write

.text.spiflash_erase
                0x0000000000ed0a28      0x218
 .text.spiflash_erase
                0x0000000000ed0a28      0x218 ../PM_FW_COMMON/Srv/Scheduler/lib/CORE1/cagOsCORE1-0.a(sf.o)
                0x0000000000ed0a28                spiflash_erase

.text.strcpy    0x0000000000ed0c40       0x6c
 .text.strcpy   0x0000000000ed0c40       0x6c ../PM_FW_COMMON/Srv/Scheduler/lib/CORE1/cagOsCORE1-0.a(strcpy.o)
                0x0000000000ed0c40                strcpy

.text.strlen    0x0000000000ed0cac       0x5c
 .text.strlen   0x0000000000ed0cac       0x5c ../PM_FW_COMMON/Srv/Scheduler/lib/CORE1/cagOsCORE1-0.a(strlen.o)
                0x0000000000ed0cac                strlen

.text.strncpy   0x0000000000ed0d08       0xc8
 .text.strncpy  0x0000000000ed0d08       0xc8 ../PM_FW_COMMON/Srv/Scheduler/lib/CORE1/cagOsCORE1-0.a(strncpy.o)
                0x0000000000ed0d08                strncpy

.text.printLogo
                0x0000000000ed0dd0       0x80
 .text.printLogo
                0x0000000000ed0dd0       0x80 ../PM_FW_COMMON/Srv/Scheduler/lib/CORE1/cagOsCORE1-0.a(sysBanner.o)
                0x0000000000ed0dd0                printLogo

.text.sysBanner
                0x0000000000ed0e50       0x30
 .text.sysBanner
                0x0000000000ed0e50       0x30 ../PM_FW_COMMON/Srv/Scheduler/lib/CORE1/cagOsCORE1-0.a(sysBanner.o)
                0x0000000000ed0e50                sysBanner

.text.sysClkFreqGet
                0x0000000000ed0e80       0x28
 .text.sysClkFreqGet
                0x0000000000ed0e80       0x28 ../PM_FW_COMMON/Srv/Scheduler/lib/CORE1/cagOsCORE1-0.a(sysBoard.o)
                0x0000000000ed0e80                sysClkFreqGet

.text.sysUsDelay
                0x0000000000ed0ea8      0x104
 .text.sysUsDelay
                0x0000000000ed0ea8      0x104 ../PM_FW_COMMON/Srv/Scheduler/lib/CORE1/cagOsCORE1-0.a(sysBoard.o)
                0x0000000000ed0ea8                sysUsDelay

.text.sysUartClkRateGet
                0x0000000000ed0fac       0x28
 .text.sysUartClkRateGet
                0x0000000000ed0fac       0x28 ../PM_FW_COMMON/Srv/Scheduler/lib/CORE1/cagOsCORE1-0.a(sysBoard.o)
                0x0000000000ed0fac                sysUartClkRateGet

.text.sysMiscInit
                0x0000000000ed0fd4       0x58
 .text.sysMiscInit
                0x0000000000ed0fd4       0x58 ../PM_FW_COMMON/Srv/Scheduler/lib/CORE1/cagOsCORE1-0.a(sysBoard.o)
                0x0000000000ed0fd4                sysMiscInit

.text.hang      0x0000000000ed102c       0x54
 .text.hang     0x0000000000ed102c       0x54 ../PM_FW_COMMON/Srv/Scheduler/lib/CORE1/cagOsCORE1-0.a(sysBoard.o)
                0x0000000000ed102c                hang

.text.panic     0x0000000000ed1080       0x4c
 .text.panic    0x0000000000ed1080       0x4c ../PM_FW_COMMON/Srv/Scheduler/lib/CORE1/cagOsCORE1-0.a(sysBoard.o)
                0x0000000000ed1080                panic

.text.cacheArchEnable
                0x0000000000ed10cc       0x58
 .text.cacheArchEnable
                0x0000000000ed10cc       0x58 ../PM_FW_COMMON/Srv/Scheduler/lib/CORE1/cagOsCORE1-0.a(sysCacheE500Lib.o)
                0x0000000000ed10cc                cacheArchEnable

.text.cacheE500EnableI
                0x0000000000ed1124       0x40
 .text.cacheE500EnableI
                0x0000000000ed1124       0x40 ../PM_FW_COMMON/Srv/Scheduler/lib/CORE1/cagOsCORE1-0.a(sysCacheE500Lib.o)
                0x0000000000ed1124                cacheE500EnableI

.text.cacheE500EnableD
                0x0000000000ed1164       0x80
 .text.cacheE500EnableD
                0x0000000000ed1164       0x80 ../PM_FW_COMMON/Srv/Scheduler/lib/CORE1/cagOsCORE1-0.a(sysCacheE500Lib.o)
                0x0000000000ed1164                cacheE500EnableD

.text.cacheE500DisableD
                0x0000000000ed11e4       0x30
 .text.cacheE500DisableD
                0x0000000000ed11e4       0x30 ../PM_FW_COMMON/Srv/Scheduler/lib/CORE1/cagOsCORE1-0.a(sysCacheE500Lib.o)
                0x0000000000ed11e4                cacheE500DisableD

.text.cacheE500DisableDFromMmu
                0x0000000000ed1214       0x80
 .text.cacheE500DisableDFromMmu
                0x0000000000ed1214       0x80 ../PM_FW_COMMON/Srv/Scheduler/lib/CORE1/cagOsCORE1-0.a(sysCacheE500Lib.o)
                0x0000000000ed1214                cacheE500DisableDFromMmu

.text.cacheIsOnD
                0x0000000000ed1294       0x54
 .text.cacheIsOnD
                0x0000000000ed1294       0x54 ../PM_FW_COMMON/Srv/Scheduler/lib/CORE1/cagOsCORE1-0.a(sysCacheE500Lib.o)
                0x0000000000ed1294                cacheIsOnD

.text.OSCfg_Init
                0x0000000000ed12e8       0x1c
 .text.OSCfg_Init
                0x0000000000ed12e8       0x1c ../PM_FW_COMMON/Srv/Scheduler/lib/CORE1/cagOsCORE1-0.a(sysCfg.o)
                0x0000000000ed12e8                OSCfg_Init

.text.OSInit    0x0000000000ed1304      0x1cc
 .text.OSInit   0x0000000000ed1304      0x1cc ../PM_FW_COMMON/Srv/Scheduler/lib/CORE1/cagOsCORE1-0.a(sysCore.o)
                0x0000000000ed1304                OSInit

.text.OSIntEnter
                0x0000000000ed14d0      0x110
 .text.OSIntEnter
                0x0000000000ed14d0      0x110 ../PM_FW_COMMON/Srv/Scheduler/lib/CORE1/cagOsCORE1-0.a(sysCore.o)
                0x0000000000ed14d0                OSIntEnter

.text.OSIntExit
                0x0000000000ed15e0      0x1fc
 .text.OSIntExit
                0x0000000000ed15e0      0x1fc ../PM_FW_COMMON/Srv/Scheduler/lib/CORE1/cagOsCORE1-0.a(sysCore.o)
                0x0000000000ed15e0                OSIntExit

.text.OSSched   0x0000000000ed17dc      0x134
 .text.OSSched  0x0000000000ed17dc      0x134 ../PM_FW_COMMON/Srv/Scheduler/lib/CORE1/cagOsCORE1-0.a(sysCore.o)
                0x0000000000ed17dc                OSSched

.text.OSStart   0x0000000000ed1910       0xd8
 .text.OSStart  0x0000000000ed1910       0xd8 ../PM_FW_COMMON/Srv/Scheduler/lib/CORE1/cagOsCORE1-0.a(sysCore.o)
                0x0000000000ed1910                OSStart

.text.OS_IdleTask
                0x0000000000ed19e8       0x3c
 .text.OS_IdleTask
                0x0000000000ed19e8       0x3c ../PM_FW_COMMON/Srv/Scheduler/lib/CORE1/cagOsCORE1-0.a(sysCore.o)
                0x0000000000ed19e8                OS_IdleTask

.text.OS_IdleTaskInit
                0x0000000000ed1a24       0xa4
 .text.OS_IdleTaskInit
                0x0000000000ed1a24       0xa4 ../PM_FW_COMMON/Srv/Scheduler/lib/CORE1/cagOsCORE1-0.a(sysCore.o)
                0x0000000000ed1a24                OS_IdleTaskInit

.text.OS_Pend   0x0000000000ed1ac8       0xe0
 .text.OS_Pend  0x0000000000ed1ac8       0xe0 ../PM_FW_COMMON/Srv/Scheduler/lib/CORE1/cagOsCORE1-0.a(sysCore.o)
                0x0000000000ed1ac8                OS_Pend

.text.OS_PendDataInit
                0x0000000000ed1ba8       0xd8
 .text.OS_PendDataInit
                0x0000000000ed1ba8       0xd8 ../PM_FW_COMMON/Srv/Scheduler/lib/CORE1/cagOsCORE1-0.a(sysCore.o)
                0x0000000000ed1ba8                OS_PendDataInit

.text.OS_PendListChangePrio
                0x0000000000ed1c80       0xbc
 .text.OS_PendListChangePrio
                0x0000000000ed1c80       0xbc ../PM_FW_COMMON/Srv/Scheduler/lib/CORE1/cagOsCORE1-0.a(sysCore.o)
                0x0000000000ed1c80                OS_PendListChangePrio

.text.OS_PendListInit
                0x0000000000ed1d3c       0x44
 .text.OS_PendListInit
                0x0000000000ed1d3c       0x44 ../PM_FW_COMMON/Srv/Scheduler/lib/CORE1/cagOsCORE1-0.a(sysCore.o)
                0x0000000000ed1d3c                OS_PendListInit

.text.OS_PendListInsertPrio
                0x0000000000ed1d80      0x1cc
 .text.OS_PendListInsertPrio
                0x0000000000ed1d80      0x1cc ../PM_FW_COMMON/Srv/Scheduler/lib/CORE1/cagOsCORE1-0.a(sysCore.o)
                0x0000000000ed1d80                OS_PendListInsertPrio

.text.OS_PendListRemove
                0x0000000000ed1f4c       0xb4
 .text.OS_PendListRemove
                0x0000000000ed1f4c       0xb4 ../PM_FW_COMMON/Srv/Scheduler/lib/CORE1/cagOsCORE1-0.a(sysCore.o)
                0x0000000000ed1f4c                OS_PendListRemove

.text.OS_PendListRemove1
                0x0000000000ed2000      0x128
 .text.OS_PendListRemove1
                0x0000000000ed2000      0x128 ../PM_FW_COMMON/Srv/Scheduler/lib/CORE1/cagOsCORE1-0.a(sysCore.o)
                0x0000000000ed2000                OS_PendListRemove1

.text.OS_Post   0x0000000000ed2128      0x1fc
 .text.OS_Post  0x0000000000ed2128      0x1fc ../PM_FW_COMMON/Srv/Scheduler/lib/CORE1/cagOsCORE1-0.a(sysCore.o)
                0x0000000000ed2128                OS_Post

.text.OS_Post1  0x0000000000ed2324       0xc4
 .text.OS_Post1
                0x0000000000ed2324       0xc4 ../PM_FW_COMMON/Srv/Scheduler/lib/CORE1/cagOsCORE1-0.a(sysCore.o)
                0x0000000000ed2324                OS_Post1

.text.OS_RdyListInit
                0x0000000000ed23e8       0x90
 .text.OS_RdyListInit
                0x0000000000ed23e8       0x90 ../PM_FW_COMMON/Srv/Scheduler/lib/CORE1/cagOsCORE1-0.a(sysCore.o)
                0x0000000000ed23e8                OS_RdyListInit

.text.OS_RdyListInsert
                0x0000000000ed2478       0x78
 .text.OS_RdyListInsert
                0x0000000000ed2478       0x78 ../PM_FW_COMMON/Srv/Scheduler/lib/CORE1/cagOsCORE1-0.a(sysCore.o)
                0x0000000000ed2478                OS_RdyListInsert

.text.OS_RdyListInsertHead
                0x0000000000ed24f0       0xf8
 .text.OS_RdyListInsertHead
                0x0000000000ed24f0       0xf8 ../PM_FW_COMMON/Srv/Scheduler/lib/CORE1/cagOsCORE1-0.a(sysCore.o)
                0x0000000000ed24f0                OS_RdyListInsertHead

.text.OS_RdyListInsertTail
                0x0000000000ed25e8       0xf4
 .text.OS_RdyListInsertTail
                0x0000000000ed25e8       0xf4 ../PM_FW_COMMON/Srv/Scheduler/lib/CORE1/cagOsCORE1-0.a(sysCore.o)
                0x0000000000ed25e8                OS_RdyListInsertTail

.text.OS_RdyListMoveHeadToTail
                0x0000000000ed26dc      0x120
 .text.OS_RdyListMoveHeadToTail
                0x0000000000ed26dc      0x120 ../PM_FW_COMMON/Srv/Scheduler/lib/CORE1/cagOsCORE1-0.a(sysCore.o)
                0x0000000000ed26dc                OS_RdyListMoveHeadToTail

.text.OS_RdyListRemove
                0x0000000000ed27fc      0x164
 .text.OS_RdyListRemove
                0x0000000000ed27fc      0x164 ../PM_FW_COMMON/Srv/Scheduler/lib/CORE1/cagOsCORE1-0.a(sysCore.o)
                0x0000000000ed27fc                OS_RdyListRemove

.text.OS_SchedRoundRobin
                0x0000000000ed2960      0x12c
 .text.OS_SchedRoundRobin
                0x0000000000ed2960      0x12c ../PM_FW_COMMON/Srv/Scheduler/lib/CORE1/cagOsCORE1-0.a(sysCore.o)
                0x0000000000ed2960                OS_SchedRoundRobin

.text.OS_TaskBlock
                0x0000000000ed2a8c       0x78
 .text.OS_TaskBlock
                0x0000000000ed2a8c       0x78 ../PM_FW_COMMON/Srv/Scheduler/lib/CORE1/cagOsCORE1-0.a(sysCore.o)
                0x0000000000ed2a8c                OS_TaskBlock

.text.mmuE500TlbStaticEntrySet
                0x0000000000ed2b04      0x3a8
 .text.mmuE500TlbStaticEntrySet
                0x0000000000ed2b04      0x3a8 ../PM_FW_COMMON/Srv/Scheduler/lib/CORE1/cagOsCORE1-0.a(sysCpuE500Lib.o)
                0x0000000000ed2b04                mmuE500TlbStaticEntrySet

.text.mmuE500TlbStaticInit1
                0x0000000000ed2eac       0x88
 .text.mmuE500TlbStaticInit1
                0x0000000000ed2eac       0x88 ../PM_FW_COMMON/Srv/Scheduler/lib/CORE1/cagOsCORE1-0.a(sysCpuE500Lib.o)
                0x0000000000ed2eac                mmuE500TlbStaticInit1

.text.clockTaskStart
                0x0000000000ed2f34       0xd8
 .text.clockTaskStart
                0x0000000000ed2f34       0xd8 ../PM_FW_COMMON/Srv/Scheduler/lib/CORE1/cagOsCORE1-0.a(sysDec.o)
                0x0000000000ed2f34                clockTaskStart

.text.OS_MsgPoolInit
                0x0000000000ed300c      0x190
 .text.OS_MsgPoolInit
                0x0000000000ed300c      0x190 ../PM_FW_COMMON/Srv/Scheduler/lib/CORE1/cagOsCORE1-0.a(sysMsg.o)
                0x0000000000ed300c                OS_MsgPoolInit

.text.OS_MutexInit
                0x0000000000ed319c       0x38
 .text.OS_MutexInit
                0x0000000000ed319c       0x38 ../PM_FW_COMMON/Srv/Scheduler/lib/CORE1/cagOsCORE1-0.a(sysMutex.o)
                0x0000000000ed319c                OS_MutexInit

.text.OS_MutexGrpAdd
                0x0000000000ed31d4       0x40
 .text.OS_MutexGrpAdd
                0x0000000000ed31d4       0x40 ../PM_FW_COMMON/Srv/Scheduler/lib/CORE1/cagOsCORE1-0.a(sysMutex.o)
                0x0000000000ed31d4                OS_MutexGrpAdd

.text.OS_MutexGrpRemove
                0x0000000000ed3214       0x6c
 .text.OS_MutexGrpRemove
                0x0000000000ed3214       0x6c ../PM_FW_COMMON/Srv/Scheduler/lib/CORE1/cagOsCORE1-0.a(sysMutex.o)
                0x0000000000ed3214                OS_MutexGrpRemove

.text.OS_MutexGrpPrioFindHighest
                0x0000000000ed3280       0xb0
 .text.OS_MutexGrpPrioFindHighest
                0x0000000000ed3280       0xb0 ../PM_FW_COMMON/Srv/Scheduler/lib/CORE1/cagOsCORE1-0.a(sysMutex.o)
                0x0000000000ed3280                OS_MutexGrpPrioFindHighest

.text.OS_MutexGrpPostAll
                0x0000000000ed3330      0x108
 .text.OS_MutexGrpPostAll
                0x0000000000ed3330      0x108 ../PM_FW_COMMON/Srv/Scheduler/lib/CORE1/cagOsCORE1-0.a(sysMutex.o)
                0x0000000000ed3330                OS_MutexGrpPostAll

.text.OS_PrioInit
                0x0000000000ed3438       0x5c
 .text.OS_PrioInit
                0x0000000000ed3438       0x5c ../PM_FW_COMMON/Srv/Scheduler/lib/CORE1/cagOsCORE1-0.a(sysPrio.o)
                0x0000000000ed3438                OS_PrioInit

.text.OS_PrioGetHighest
                0x0000000000ed3494       0x9c
 .text.OS_PrioGetHighest
                0x0000000000ed3494       0x9c ../PM_FW_COMMON/Srv/Scheduler/lib/CORE1/cagOsCORE1-0.a(sysPrio.o)
                0x0000000000ed3494                OS_PrioGetHighest

.text.OS_PrioInsert
                0x0000000000ed3530       0xa0
 .text.OS_PrioInsert
                0x0000000000ed3530       0xa0 ../PM_FW_COMMON/Srv/Scheduler/lib/CORE1/cagOsCORE1-0.a(sysPrio.o)
                0x0000000000ed3530                OS_PrioInsert

.text.OS_PrioRemove
                0x0000000000ed35d0       0xa4
 .text.OS_PrioRemove
                0x0000000000ed35d0       0xa4 ../PM_FW_COMMON/Srv/Scheduler/lib/CORE1/cagOsCORE1-0.a(sysPrio.o)
                0x0000000000ed35d0                OS_PrioRemove

.text.OS_QInit  0x0000000000ed3674       0x38
 .text.OS_QInit
                0x0000000000ed3674       0x38 ../PM_FW_COMMON/Srv/Scheduler/lib/CORE1/cagOsCORE1-0.a(sysQueue.o)
                0x0000000000ed3674                OS_QInit

.text.OSSemCreate
                0x0000000000ed36ac       0xe4
 .text.OSSemCreate
                0x0000000000ed36ac       0xe4 ../PM_FW_COMMON/Srv/Scheduler/lib/CORE1/cagOsCORE1-0.a(sysSem.o)
                0x0000000000ed36ac                OSSemCreate

.text.OSSemPend
                0x0000000000ed3790      0x2f0
 .text.OSSemPend
                0x0000000000ed3790      0x2f0 ../PM_FW_COMMON/Srv/Scheduler/lib/CORE1/cagOsCORE1-0.a(sysSem.o)
                0x0000000000ed3790                OSSemPend

.text.OSSemPost
                0x0000000000ed3a80       0xe8
 .text.OSSemPost
                0x0000000000ed3a80       0xe8 ../PM_FW_COMMON/Srv/Scheduler/lib/CORE1/cagOsCORE1-0.a(sysSem.o)
                0x0000000000ed3a80                OSSemPost

.text.OS_SemInit
                0x0000000000ed3b68       0x38
 .text.OS_SemInit
                0x0000000000ed3b68       0x38 ../PM_FW_COMMON/Srv/Scheduler/lib/CORE1/cagOsCORE1-0.a(sysSem.o)
                0x0000000000ed3b68                OS_SemInit

.text.OS_SemPost
                0x0000000000ed3ba0      0x1a4
 .text.OS_SemPost
                0x0000000000ed3ba0      0x1a4 ../PM_FW_COMMON/Srv/Scheduler/lib/CORE1/cagOsCORE1-0.a(sysSem.o)
                0x0000000000ed3ba0                OS_SemPost

.text.get_bit_val
                0x0000000000ed3d44       0xa0
 .text.get_bit_val
                0x0000000000ed3d44       0xa0 ../PM_FW_COMMON/Srv/Scheduler/lib/CORE1/cagOsCORE1-0.a(bits.o)
                0x0000000000ed3d44                get_bit_val

.text.set_bit_val
                0x0000000000ed3de4       0xa8
 .text.set_bit_val
                0x0000000000ed3de4       0xa8 ../PM_FW_COMMON/Srv/Scheduler/lib/CORE1/cagOsCORE1-0.a(bits.o)
                0x0000000000ed3de4                set_bit_val

.text.clear_bit_val
                0x0000000000ed3e8c       0xb4
 .text.clear_bit_val
                0x0000000000ed3e8c       0xb4 ../PM_FW_COMMON/Srv/Scheduler/lib/CORE1/cagOsCORE1-0.a(bits.o)
                0x0000000000ed3e8c                clear_bit_val

.text.bcopy     0x0000000000ed3f40      0x294
 .text.bcopy    0x0000000000ed3f40      0x294 ../PM_FW_COMMON/Srv/Scheduler/lib/CORE1/cagOsCORE1-0.a(bLib.o)
                0x0000000000ed3f40                bcopy

.text.bfill     0x0000000000ed41d4      0x120
 .text.bfill    0x0000000000ed41d4      0x120 ../PM_FW_COMMON/Srv/Scheduler/lib/CORE1/cagOsCORE1-0.a(bLib.o)
                0x0000000000ed41d4                bfill

.text.fpga_read
                0x0000000000ed42f4       0x34
 .text.fpga_read
                0x0000000000ed42f4       0x34 ../PM_FW_COMMON/Srv/Scheduler/lib/CORE1/cagOsCORE1-0.a(fpga.o)
                0x0000000000ed42f4                fpga_read

.text.fpga_write
                0x0000000000ed4328       0x38
 .text.fpga_write
                0x0000000000ed4328       0x38 ../PM_FW_COMMON/Srv/Scheduler/lib/CORE1/cagOsCORE1-0.a(fpga.o)
                0x0000000000ed4328                fpga_write

.text.fs_get_err
                0x0000000000ed4360       0x40
 .text.fs_get_err
                0x0000000000ed4360       0x40 ../PM_FW_COMMON/Srv/Scheduler/lib/CORE1/cagOsCORE1-0.a(fs_api.o)
                0x0000000000ed4360                fs_get_err

.text.fs_mount2
                0x0000000000ed43a0      0x138
 .text.fs_mount2
                0x0000000000ed43a0      0x138 ../PM_FW_COMMON/Srv/Scheduler/lib/CORE1/cagOsCORE1-0.a(fs_api.o)
                0x0000000000ed43a0                fs_mount2

.text.fs_file_len
                0x0000000000ed44d8      0x134
 .text.fs_file_len
                0x0000000000ed44d8      0x134 ../PM_FW_COMMON/Srv/Scheduler/lib/CORE1/cagOsCORE1-0.a(fs_api.o)
                0x0000000000ed44d8                fs_file_len

.text.fs_rename
                0x0000000000ed460c       0xec
 .text.fs_rename
                0x0000000000ed460c       0xec ../PM_FW_COMMON/Srv/Scheduler/lib/CORE1/cagOsCORE1-0.a(fs_api.o)
                0x0000000000ed460c                fs_rename

.text.fs_open   0x0000000000ed46f8      0x268
 .text.fs_open  0x0000000000ed46f8      0x268 ../PM_FW_COMMON/Srv/Scheduler/lib/CORE1/cagOsCORE1-0.a(fs_api.o)
                0x0000000000ed46f8                fs_open

.text.fs_remove
                0x0000000000ed4960       0xe4
 .text.fs_remove
                0x0000000000ed4960       0xe4 ../PM_FW_COMMON/Srv/Scheduler/lib/CORE1/cagOsCORE1-0.a(fs_api.o)
                0x0000000000ed4960                fs_remove

.text.fs_read   0x0000000000ed4a44      0x1c4
 .text.fs_read  0x0000000000ed4a44      0x1c4 ../PM_FW_COMMON/Srv/Scheduler/lib/CORE1/cagOsCORE1-0.a(fs_api.o)
                0x0000000000ed4a44                fs_read

.text.fs_write  0x0000000000ed4c08      0x1c4
 .text.fs_write
                0x0000000000ed4c08      0x1c4 ../PM_FW_COMMON/Srv/Scheduler/lib/CORE1/cagOsCORE1-0.a(fs_api.o)
                0x0000000000ed4c08                fs_write

.text.fs_close  0x0000000000ed4dcc      0x174
 .text.fs_close
                0x0000000000ed4dcc      0x174 ../PM_FW_COMMON/Srv/Scheduler/lib/CORE1/cagOsCORE1-0.a(fs_api.o)
                0x0000000000ed4dcc                fs_close

.text.fs_format
                0x0000000000ed4f40       0xf0
 .text.fs_format
                0x0000000000ed4f40       0xf0 ../PM_FW_COMMON/Srv/Scheduler/lib/CORE1/cagOsCORE1-0.a(fs_api.o)
                0x0000000000ed4f40                fs_format

.text.fs_ls     0x0000000000ed5030      0x64c
 .text.fs_ls    0x0000000000ed5030      0x64c ../PM_FW_COMMON/Srv/Scheduler/lib/CORE1/cagOsCORE1-0.a(fs_api.o)
                0x0000000000ed5030                fs_ls

.text.strcmp    0x0000000000ed567c       0xa4
 .text.strcmp   0x0000000000ed567c       0xa4 ../PM_FW_COMMON/Srv/Scheduler/lib/CORE1/cagOsCORE1-0.a(strcmp.o)
                0x0000000000ed567c                strcmp

.text.rts_var_init
                0x0000000000ed5720      0x100
 .text.rts_var_init
                0x0000000000ed5720      0x100 ../PM_FW_COMMON/Srv/Scheduler/lib/CORE1/cagOsCORE1-0.a(sysApi.o)
                0x0000000000ed5720                rts_var_init

.text.os_create_task
                0x0000000000ed5820      0x1bc
 .text.os_create_task
                0x0000000000ed5820      0x1bc ../PM_FW_COMMON/Srv/Scheduler/lib/CORE1/cagOsCORE1-0.a(sysApi.o)
                0x0000000000ed5820                os_create_task

.text.udelay    0x0000000000ed59dc       0x38
 .text.udelay   0x0000000000ed59dc       0x38 ../PM_FW_COMMON/Srv/Scheduler/lib/CORE1/cagOsCORE1-0.a(sysApi.o)
                0x0000000000ed59dc                udelay

.text.os_sem_create
                0x0000000000ed5a14       0xf8
 .text.os_sem_create
                0x0000000000ed5a14       0xf8 ../PM_FW_COMMON/Srv/Scheduler/lib/CORE1/cagOsCORE1-0.a(sysApi.o)
                0x0000000000ed5a14                os_sem_create

.text.os_sem_pend
                0x0000000000ed5b0c      0x118
 .text.os_sem_pend
                0x0000000000ed5b0c      0x118 ../PM_FW_COMMON/Srv/Scheduler/lib/CORE1/cagOsCORE1-0.a(sysApi.o)
                0x0000000000ed5b0c                os_sem_pend

.text.os_sem_post
                0x0000000000ed5c24       0xf4
 .text.os_sem_post
                0x0000000000ed5c24       0xf4 ../PM_FW_COMMON/Srv/Scheduler/lib/CORE1/cagOsCORE1-0.a(sysApi.o)
                0x0000000000ed5c24                os_sem_post

.text.os_version
                0x0000000000ed5d18       0x28
 .text.os_version
                0x0000000000ed5d18       0x28 ../PM_FW_COMMON/Srv/Scheduler/lib/CORE1/cagOsCORE1-0.a(sysApi.o)
                0x0000000000ed5d18                os_version

.text.CPU_CntLeadZeros
                0x0000000000ed5d40       0x44
 .text.CPU_CntLeadZeros
                0x0000000000ed5d40       0x44 ../PM_FW_COMMON/Srv/Scheduler/lib/CORE1/cagOsCORE1-0.a(sysCount.o)
                0x0000000000ed5d40                CPU_CntLeadZeros

.text.CPU_CntLeadZeros32
                0x0000000000ed5d84      0x110
 .text.CPU_CntLeadZeros32
                0x0000000000ed5d84      0x110 ../PM_FW_COMMON/Srv/Scheduler/lib/CORE1/cagOsCORE1-0.a(sysCount.o)
                0x0000000000ed5d84                CPU_CntLeadZeros32

.text.SharedRtDataInit
                0x0000000000ed5e94       0x90
 .text.SharedRtDataInit
                0x0000000000ed5e94       0x90 ../PM_FW_COMMON/Srv/SharedMem/src/SharedRtData.o
                0x0000000000ed5e94                SharedRtDataInit

.text.SysGetSharedMemRtDataStartAddr
                0x0000000000ed5f24       0x80
 .text.SysGetSharedMemRtDataStartAddr
                0x0000000000ed5f24       0x80 ../PM_FW_COMMON/Srv/SharedMem/src/SharedRtData.o
                0x0000000000ed5f24                SysGetSharedMemRtDataStartAddr

.text.SysGetSharedMemAppendInfoStartAddr
                0x0000000000ed5fa4       0x38
 .text.SysGetSharedMemAppendInfoStartAddr
                0x0000000000ed5fa4       0x38 ../PM_FW_COMMON/Srv/SharedMem/src/SharedRtData.o
                0x0000000000ed5fa4                SysGetSharedMemAppendInfoStartAddr

.text.SharedCommInit
                0x0000000000ed5fdc       0x48
 .text.SharedCommInit
                0x0000000000ed5fdc       0x48 ../PM_FW_COMMON/Srv/SharedMem/src/SharedComm.o
                0x0000000000ed5fdc                SharedCommInit

.text.SysGetSMMsg
                0x0000000000ed6024      0x170
 .text.SysGetSMMsg
                0x0000000000ed6024      0x170 ../PM_FW_COMMON/Srv/SharedMem/src/SharedComm.o
                0x0000000000ed6024                SysGetSMMsg

.text.SysSetSMMsg
                0x0000000000ed6194      0x198
 .text.SysSetSMMsg
                0x0000000000ed6194      0x198 ../PM_FW_COMMON/Srv/SharedMem/src/SharedComm.o
                0x0000000000ed6194                SysSetSMMsg

.text.SharedConfigInit
                0x0000000000ed632c      0x2a8
 .text.SharedConfigInit
                0x0000000000ed632c      0x2a8 ../PM_FW_COMMON/Srv/SharedMem/src/SharedConfig.o
                0x0000000000ed632c                SharedConfigInit

.text.SharedConfigAreaInit
                0x0000000000ed65d4      0x440
 .text.SharedConfigAreaInit
                0x0000000000ed65d4      0x440 ../PM_FW_COMMON/Srv/SharedMem/src/SharedConfig.o
                0x0000000000ed65d4                SharedConfigAreaInit

.text.SharedGetIoModInfo
                0x0000000000ed6a14      0x104
 .text.SharedGetIoModInfo
                0x0000000000ed6a14      0x104 ../PM_FW_COMMON/Srv/SharedMem/src/SharedConfig.o
                0x0000000000ed6a14                SharedGetIoModInfo

.text.SharedGetCtrlStationInfo
                0x0000000000ed6b18      0x110
 .text.SharedGetCtrlStationInfo
                0x0000000000ed6b18      0x110 ../PM_FW_COMMON/Srv/SharedMem/src/SharedConfig.o
                0x0000000000ed6b18                SharedGetCtrlStationInfo

.text.SharedGetSOEConfigInfo
                0x0000000000ed6c28      0x118
 .text.SharedGetSOEConfigInfo
                0x0000000000ed6c28      0x118 ../PM_FW_COMMON/Srv/SharedMem/src/SharedConfig.o
                0x0000000000ed6c28                SharedGetSOEConfigInfo

.text.SharedGetP2PConfigInfo
                0x0000000000ed6d40       0x90
 .text.SharedGetP2PConfigInfo
                0x0000000000ed6d40       0x90 ../PM_FW_COMMON/Srv/SharedMem/src/SharedConfig.o
                0x0000000000ed6d40                SharedGetP2PConfigInfo

.text.SharedGetCMConfigInfo
                0x0000000000ed6dd0       0x88
 .text.SharedGetCMConfigInfo
                0x0000000000ed6dd0       0x88 ../PM_FW_COMMON/Srv/SharedMem/src/SharedConfig.o
                0x0000000000ed6dd0                SharedGetCMConfigInfo

.text.SharedGetCMSlotIdTabl
                0x0000000000ed6e58       0x90
 .text.SharedGetCMSlotIdTabl
                0x0000000000ed6e58       0x90 ../PM_FW_COMMON/Srv/SharedMem/src/SharedConfig.o
                0x0000000000ed6e58                SharedGetCMSlotIdTabl

.text.SharedGetOldCMSlotIdTabl
                0x0000000000ed6ee8       0x38
 .text.SharedGetOldCMSlotIdTabl
                0x0000000000ed6ee8       0x38 ../PM_FW_COMMON/Srv/SharedMem/src/SharedConfig.o
                0x0000000000ed6ee8                SharedGetOldCMSlotIdTabl

.text.SharedBackupOldCMSlotIdTabl
                0x0000000000ed6f20       0xa0
 .text.SharedBackupOldCMSlotIdTabl
                0x0000000000ed6f20       0xa0 ../PM_FW_COMMON/Srv/SharedMem/src/SharedConfig.o
                0x0000000000ed6f20                SharedBackupOldCMSlotIdTabl

.text.SysGetDownloadAllStartFlag
                0x0000000000ed6fc0       0x4c
 .text.SysGetDownloadAllStartFlag
                0x0000000000ed6fc0       0x4c ../PM_FW_COMMON/Srv/SharedMem/src/SharedConfig.o
                0x0000000000ed6fc0                SysGetDownloadAllStartFlag

.text.SysSetDownloadAllStartFlag
                0x0000000000ed700c       0x40
 .text.SysSetDownloadAllStartFlag
                0x0000000000ed700c       0x40 ../PM_FW_COMMON/Srv/SharedMem/src/SharedConfig.o
                0x0000000000ed700c                SysSetDownloadAllStartFlag

.text.SharedGetLogicInfoWrit
                0x0000000000ed704c       0xcc
 .text.SharedGetLogicInfoWrit
                0x0000000000ed704c       0xcc ../PM_FW_COMMON/Srv/SharedMem/src/SharedConfig.o
                0x0000000000ed704c                SharedGetLogicInfoWrit

.text.SharedGetExLibInfoWrit
                0x0000000000ed7118       0xcc
 .text.SharedGetExLibInfoWrit
                0x0000000000ed7118       0xcc ../PM_FW_COMMON/Srv/SharedMem/src/SharedConfig.o
                0x0000000000ed7118                SharedGetExLibInfoWrit

.text.SharedGetIoModInfoWrit
                0x0000000000ed71e4       0xd4
 .text.SharedGetIoModInfoWrit
                0x0000000000ed71e4       0xd4 ../PM_FW_COMMON/Srv/SharedMem/src/SharedConfig.o
                0x0000000000ed71e4                SharedGetIoModInfoWrit

.text.SharedGetCtrlStationInfoWrit
                0x0000000000ed72b8       0xcc
 .text.SharedGetCtrlStationInfoWrit
                0x0000000000ed72b8       0xcc ../PM_FW_COMMON/Srv/SharedMem/src/SharedConfig.o
                0x0000000000ed72b8                SharedGetCtrlStationInfoWrit

.text.SharedGetSOEConfigInfoWrit
                0x0000000000ed7384       0xd4
 .text.SharedGetSOEConfigInfoWrit
                0x0000000000ed7384       0xd4 ../PM_FW_COMMON/Srv/SharedMem/src/SharedConfig.o
                0x0000000000ed7384                SharedGetSOEConfigInfoWrit

.text.SharedGetP2PConfigInfoWrit
                0x0000000000ed7458       0xd4
 .text.SharedGetP2PConfigInfoWrit
                0x0000000000ed7458       0xd4 ../PM_FW_COMMON/Srv/SharedMem/src/SharedConfig.o
                0x0000000000ed7458                SharedGetP2PConfigInfoWrit

.text.SharedGetModbusMasterInfoWrit
                0x0000000000ed752c       0xd4
 .text.SharedGetModbusMasterInfoWrit
                0x0000000000ed752c       0xd4 ../PM_FW_COMMON/Srv/SharedMem/src/SharedConfig.o
                0x0000000000ed752c                SharedGetModbusMasterInfoWrit

.text.SharedGetModbusSlaveInfoWrit
                0x0000000000ed7600       0xd4
 .text.SharedGetModbusSlaveInfoWrit
                0x0000000000ed7600       0xd4 ../PM_FW_COMMON/Srv/SharedMem/src/SharedConfig.o
                0x0000000000ed7600                SharedGetModbusSlaveInfoWrit

.text.SharedGetVOTEConfigInfoWrit
                0x0000000000ed76d4       0xd4
 .text.SharedGetVOTEConfigInfoWrit
                0x0000000000ed76d4       0xd4 ../PM_FW_COMMON/Srv/SharedMem/src/SharedConfig.o
                0x0000000000ed76d4                SharedGetVOTEConfigInfoWrit

.text.SharedGetRetainVarInfoWrit
                0x0000000000ed77a8       0xcc
 .text.SharedGetRetainVarInfoWrit
                0x0000000000ed77a8       0xcc ../PM_FW_COMMON/Srv/SharedMem/src/SharedConfig.o
                0x0000000000ed77a8                SharedGetRetainVarInfoWrit

.text.SharedGetCMConfigInfoWrit
                0x0000000000ed7874       0xcc
 .text.SharedGetCMConfigInfoWrit
                0x0000000000ed7874       0xcc ../PM_FW_COMMON/Srv/SharedMem/src/SharedConfig.o
                0x0000000000ed7874                SharedGetCMConfigInfoWrit

.text.SharedGetCMSlotIdTablWrit
                0x0000000000ed7940       0xd4
 .text.SharedGetCMSlotIdTablWrit
                0x0000000000ed7940       0xd4 ../PM_FW_COMMON/Srv/SharedMem/src/SharedConfig.o
                0x0000000000ed7940                SharedGetCMSlotIdTablWrit

.text.SharedGetDownloadFlg
                0x0000000000ed7a14       0x44
 .text.SharedGetDownloadFlg
                0x0000000000ed7a14       0x44 ../PM_FW_COMMON/Srv/SharedMem/src/SharedConfig.o
                0x0000000000ed7a14                SharedGetDownloadFlg

.text.SharedSetDownloadFlg
                0x0000000000ed7a58       0x80
 .text.SharedSetDownloadFlg
                0x0000000000ed7a58       0x80 ../PM_FW_COMMON/Srv/SharedMem/src/SharedConfig.o
                0x0000000000ed7a58                SharedSetDownloadFlg

.text.SysGetIsConfigured
                0x0000000000ed7ad8       0x9c
 .text.SysGetIsConfigured
                0x0000000000ed7ad8       0x9c ../PM_FW_COMMON/Srv/SharedMem/src/SharedConfig.o
                0x0000000000ed7ad8                SysGetIsConfigured

.text.SysSetIsConfigured
                0x0000000000ed7b74       0x68
 .text.SysSetIsConfigured
                0x0000000000ed7b74       0x68 ../PM_FW_COMMON/Srv/SharedMem/src/SharedConfig.o
                0x0000000000ed7b74                SysSetIsConfigured

.text.SharedGetCodeAreaWrit
                0x0000000000ed7bdc       0xe4
 .text.SharedGetCodeAreaWrit
                0x0000000000ed7bdc       0xe4 ../PM_FW_COMMON/Srv/SharedMem/src/SharedConfig.o
                0x0000000000ed7bdc                SharedGetCodeAreaWrit

.text.SharedSwitchPosInit
                0x0000000000ed7cc0       0x48
 .text.SharedSwitchPosInit
                0x0000000000ed7cc0       0x48 ../PM_FW_COMMON/Srv/SharedMem/src/SharedConfig.o
                0x0000000000ed7cc0                SharedSwitchPosInit

.text.SharedGetSwitchPos
                0x0000000000ed7d08       0x44
 .text.SharedGetSwitchPos
                0x0000000000ed7d08       0x44 ../PM_FW_COMMON/Srv/SharedMem/src/SharedConfig.o
                0x0000000000ed7d08                SharedGetSwitchPos

.text.SharedSetSwitchPos
                0x0000000000ed7d4c       0x44
 .text.SharedSetSwitchPos
                0x0000000000ed7d4c       0x44 ../PM_FW_COMMON/Srv/SharedMem/src/SharedConfig.o
                0x0000000000ed7d4c                SharedSetSwitchPos

.text.SharedGetSwitchPosTmp
                0x0000000000ed7d90       0x44
 .text.SharedGetSwitchPosTmp
                0x0000000000ed7d90       0x44 ../PM_FW_COMMON/Srv/SharedMem/src/SharedConfig.o
                0x0000000000ed7d90                SharedGetSwitchPosTmp

.text.SharedSetSwitchPosTmp
                0x0000000000ed7dd4       0x44
 .text.SharedSetSwitchPosTmp
                0x0000000000ed7dd4       0x44 ../PM_FW_COMMON/Srv/SharedMem/src/SharedConfig.o
                0x0000000000ed7dd4                SharedSetSwitchPosTmp

.text.SharedSetLocalPMID
                0x0000000000ed7e18       0x64
 .text.SharedSetLocalPMID
                0x0000000000ed7e18       0x64 ../PM_FW_COMMON/Srv/SharedMem/src/SharedConfig.o
                0x0000000000ed7e18                SharedSetLocalPMID

.text.SharedGetLocalPMID
                0x0000000000ed7e7c       0x60
 .text.SharedGetLocalPMID
                0x0000000000ed7e7c       0x60 ../PM_FW_COMMON/Srv/SharedMem/src/SharedConfig.o
                0x0000000000ed7e7c                SharedGetLocalPMID

.text.SharedGetTaskConfigInfo
                0x0000000000ed7edc       0x90
 .text.SharedGetTaskConfigInfo
                0x0000000000ed7edc       0x90 ../PM_FW_COMMON/Srv/SharedMem/src/SharedConfig.o
                0x0000000000ed7edc                SharedGetTaskConfigInfo

.text.SysGetTaskStatus
                0x0000000000ed7f6c       0xb0
 .text.SysGetTaskStatus
                0x0000000000ed7f6c       0xb0 ../PM_FW_COMMON/Srv/SharedMem/src/SharedConfig.o
                0x0000000000ed7f6c                SysGetTaskStatus

.text.SysSetTaskStatus
                0x0000000000ed801c       0xe8
 .text.SysSetTaskStatus
                0x0000000000ed801c       0xe8 ../PM_FW_COMMON/Srv/SharedMem/src/SharedConfig.o
                0x0000000000ed801c                SysSetTaskStatus

.text.SharedGetTaskNum
                0x0000000000ed8104       0x80
 .text.SharedGetTaskNum
                0x0000000000ed8104       0x80 ../PM_FW_COMMON/Srv/SharedMem/src/SharedConfig.o
                0x0000000000ed8104                SharedGetTaskNum

.text.SharedGetSyncDataFlag
                0x0000000000ed8184       0x6c
 .text.SharedGetSyncDataFlag
                0x0000000000ed8184       0x6c ../PM_FW_COMMON/Srv/SharedMem/src/SharedConfig.o
                0x0000000000ed8184                SharedGetSyncDataFlag

.text.SharedSetSyncDataFlag
                0x0000000000ed81f0       0x70
 .text.SharedSetSyncDataFlag
                0x0000000000ed81f0       0x70 ../PM_FW_COMMON/Srv/SharedMem/src/SharedConfig.o
                0x0000000000ed81f0                SharedSetSyncDataFlag

.text.SharedGetSOEType
                0x0000000000ed8260       0xfc
 .text.SharedGetSOEType
                0x0000000000ed8260       0xfc ../PM_FW_COMMON/Srv/SharedMem/src/SharedConfig.o
                0x0000000000ed8260                SharedGetSOEType

.text.SharedGetSOEActive
                0x0000000000ed835c       0xe8
 .text.SharedGetSOEActive
                0x0000000000ed835c       0xe8 ../PM_FW_COMMON/Srv/SharedMem/src/SharedConfig.o
                0x0000000000ed835c                SharedGetSOEActive

.text.SharedGetP2PSendBlockNum
                0x0000000000ed8444       0x98
 .text.SharedGetP2PSendBlockNum
                0x0000000000ed8444       0x98 ../PM_FW_COMMON/Srv/SharedMem/src/SharedConfig.o
                0x0000000000ed8444                SharedGetP2PSendBlockNum

.text.SharedGetP2PBlockSendCycle
                0x0000000000ed84dc      0x130
 .text.SharedGetP2PBlockSendCycle
                0x0000000000ed84dc      0x130 ../PM_FW_COMMON/Srv/SharedMem/src/SharedConfig.o
                0x0000000000ed84dc                SharedGetP2PBlockSendCycle

.text.SharedGetP2PBlockIDSend
                0x0000000000ed860c       0xc8
 .text.SharedGetP2PBlockIDSend
                0x0000000000ed860c       0xc8 ../PM_FW_COMMON/Srv/SharedMem/src/SharedConfig.o
                0x0000000000ed860c                SharedGetP2PBlockIDSend

.text.SharedGetP2PBlockSendActive
                0x0000000000ed86d4       0xc8
 .text.SharedGetP2PBlockSendActive
                0x0000000000ed86d4       0xc8 ../PM_FW_COMMON/Srv/SharedMem/src/SharedConfig.o
                0x0000000000ed86d4                SharedGetP2PBlockSendActive

.text.SharedGetP2PSendBlockInfo
                0x0000000000ed879c       0xfc
 .text.SharedGetP2PSendBlockInfo
                0x0000000000ed879c       0xfc ../PM_FW_COMMON/Srv/SharedMem/src/SharedConfig.o
                0x0000000000ed879c                SharedGetP2PSendBlockInfo

.text.SharedGetStationID
                0x0000000000ed8898       0x9c
 .text.SharedGetStationID
                0x0000000000ed8898       0x9c ../PM_FW_COMMON/Srv/SharedMem/src/SharedConfig.o
                0x0000000000ed8898                SharedGetStationID

.text.SharedGetCommTolCnt
                0x0000000000ed8934       0x6c
 .text.SharedGetCommTolCnt
                0x0000000000ed8934       0x6c ../PM_FW_COMMON/Srv/SharedMem/src/SharedConfig.o
                0x0000000000ed8934                SharedGetCommTolCnt

.text.SharedGetConfigCrc
                0x0000000000ed89a0      0x4b4
 .text.SharedGetConfigCrc
                0x0000000000ed89a0      0x4b4 ../PM_FW_COMMON/Srv/SharedMem/src/SharedConfig.o
                0x0000000000ed89a0                SharedGetConfigCrc

.text.SharedGetDownloadPM
                0x0000000000ed8e54       0x40
 .text.SharedGetDownloadPM
                0x0000000000ed8e54       0x40 ../PM_FW_COMMON/Srv/SharedMem/src/SharedConfig.o
                0x0000000000ed8e54                SharedGetDownloadPM

.text.SharedSetDownloadPM
                0x0000000000ed8e94       0x50
 .text.SharedSetDownloadPM
                0x0000000000ed8e94       0x50 ../PM_FW_COMMON/Srv/SharedMem/src/SharedConfig.o
                0x0000000000ed8e94                SharedSetDownloadPM

.text.SharedSetPowerOnConfigSwitchFlg
                0x0000000000ed8ee4       0x5c
 .text.SharedSetPowerOnConfigSwitchFlg
                0x0000000000ed8ee4       0x5c ../PM_FW_COMMON/Srv/SharedMem/src/SharedConfig.o
                0x0000000000ed8ee4                SharedSetPowerOnConfigSwitchFlg

.text.SysGetWorkStatus
                0x0000000000ed8f40       0x6c
 .text.SysGetWorkStatus
                0x0000000000ed8f40       0x6c ../PM_FW_COMMON/Srv/SharedMem/src/SharedConfig.o
                0x0000000000ed8f40                SysGetWorkStatus

.text.SysSetWorkStatus
                0x0000000000ed8fac       0x70
 .text.SysSetWorkStatus
                0x0000000000ed8fac       0x70 ../PM_FW_COMMON/Srv/SharedMem/src/SharedConfig.o
                0x0000000000ed8fac                SysSetWorkStatus

.text.SharedGetWRParaBufID
                0x0000000000ed901c       0x9c
 .text.SharedGetWRParaBufID
                0x0000000000ed901c       0x9c ../PM_FW_COMMON/Srv/SharedMem/src/SharedConfig.o