Archive member included because of file (symbol)

start/libstart.a(sysCpuALib.o)
                              (_start)
start/libstart.a(sysCpuLib.o)
                              start/libstart.a(sysCpuALib.o) (sysEntry)
start/libstart.a(sysBanner.o)
                              start/libstart.a(sysCpuLib.o) (sysBanner)
start/libstart.a(sysL2Cache.o)
                              start/libstart.a(sysCpuLib.o) (l2CacheLineNum)
start/libstart.a(sysBoard.o)  start/libstart.a(sysCpuLib.o) (sysMiscInit)
arch/libarch.a(sysCacheE500Lib.o)
                              start/libstart.a(sysL2Cache.o) (_pSysL2CacheInvFunc)
arch/libarch.a(sysExcArchLib.o)
                              start/libstart.a(sysCpuLib.o) (excVecInit)
arch/libarch.a(sysSpeExcLib.o)
                              start/libstart.a(sysCpuLib.o) (speExcInit)
arch/libarch.a(sysCpuE500ALib.o)
                              arch/libarch.a(sysCacheE500Lib.o) (intCpuLock)
arch/libarch.a(sysCacheE500ALib.o)
                              arch/libarch.a(sysCacheE500Lib.o) (cacheE500EnableI_Impl)
arch/libarch.a(sysExcArchALib.o)
                              start/libstart.a(sysCpuLib.o) (sysSdaInit)
arch/libarch.a(sysExcLib.o)   arch/libarch.a(sysExcArchLib.o) (executeException)
kernel/ports/libkernelport.a(sysEntry.o)
                              start/libstart.a(sysCpuALib.o) (OSTCBCurPtr)
kernel/thread/libkernelthread.a(sysCore.o)
                              kernel/ports/libkernelport.a(sysEntry.o) (OSInit)
kernel/thread/libkernelthread.a(sysMutex.o)
                              kernel/thread/libkernelthread.a(sysCore.o) (OS_MutexInit)
kernel/thread/libkernelthread.a(sysPrio.o)
                              kernel/thread/libkernelthread.a(sysCore.o) (OS_PrioInit)
kernel/thread/libkernelthread.a(sysMsg.o)
                              kernel/thread/libkernelthread.a(sysCore.o) (OS_MsgPoolInit)
kernel/thread/libkernelthread.a(sysQueue.o)
                              kernel/thread/libkernelthread.a(sysCore.o) (OS_QInit)
kernel/thread/libkernelthread.a(sysSem.o)
                              kernel/thread/libkernelthread.a(sysCore.o) (OS_SemInit)
kernel/thread/libkernelthread.a(sysTask.o)
                              kernel/ports/libkernelport.a(sysEntry.o) (OSTaskCreate)
kernel/thread/libkernelthread.a(sysTick.o)
                              kernel/thread/libkernelthread.a(sysCore.o) (OS_TickListInsert)
kernel/thread/libkernelthread.a(sysTime.o)
                              kernel/ports/libkernelport.a(sysEntry.o) (OSTimeDly)
kernel/thread/libkernelthread.a(sysApi.o)
                              kernel/thread/libkernelthread.a(sysCore.o) (rts_var_init)
kernel/thread/libkernelthread.a(sysCfg.o)
                              kernel/thread/libkernelthread.a(sysCore.o) (OSCfg_IdleTaskStkLimit)
kernel/timers/libkerneltimer.a(sysDec.o)
                              kernel/ports/libkernelport.a(sysEntry.o) (clockTaskStart)
kernel/timers/libkerneltimer.a(sysTbl.o)
                              kernel/thread/libkernelthread.a(sysMutex.o) (getTblms)
kernel/epic/libkernelepic.a(sysInt.o)
                              start/libstart.a(sysCpuALib.o) (OSIntHandler)
kernel/epic/libkernelepic.a(sysPic.o)
                              kernel/epic/libkernelepic.a(sysInt.o) (sysEpicIntAckReg)
utility/libutility.a(shell.o)
                              start/libstart.a(sysCpuLib.o) (usrShell)
driver/libc/stdio/libstdio.a(ns16550.o)
                              utility/libutility.a(shell.o) (ns16550OutputChar)
driver/libc/stdio/libstdio.a(printk.o)
                              start/libstart.a(sysCpuLib.o) (printf)
driver/libc/string/libstring.a(strcpy.o)
                              driver/libc/stdio/libstdio.a(printk.o) (strcpy)
driver/libc/string/libstring.a(strncpy.o)
                              arch/libarch.a(sysExcLib.o) (strncpy)
driver/libc/string/libstring.a(memset.o)
                              start/libstart.a(sysCpuLib.o) (memset)
driver/libc/string/libstring.a(strcmp.o)
                              utility/libutility.a(shell.o) (strcmp)
driver/libc/string/libstring.a(strlen.o)
                              utility/libutility.a(shell.o) (strlen)
driver/libc/string/libstring.a(strtok_r.o)
                              utility/libutility.a(shell.o) (strtok_r)
driver/libc/string/libstring.a(bLib.o)
                              driver/libc/string/libstring.a(memset.o) (bfill)
driver/libc/string/libstring.a(strpbrk.o)
                              driver/libc/string/libstring.a(strtok_r.o) (strpbrk)
driver/libc/string/libstring.a(strspn.o)
                              driver/libc/string/libstring.a(strtok_r.o) (strspn)
driver/libc/stdlib/libstdlib.a(strtoul.o)
                              utility/libutility.a(shell.o) (strtoul)
driver/device/dfs/libdfs.a(dfs.o)
                              start/libstart.a(sysCpuLib.o) (dfs_init)
driver/libhwinit.a(hw_init.o)
                              start/libstart.a(sysCpuLib.o) (nor_init)
[...]
Memory Configuration

Name             Origin             Length             Attributes
CODE_DATA        0x0000000000100000 0x0000000000400000 xr
SHARE            0x0000000010000000 0x0000000000100000 xrw
*default*        0x0000000000000000 0xffffffffffffffff

Linker script and memory map

LOAD /opt/fsl-networking/QorIQ-SDK-V1.7/sysroots/ppce500v2-fsl-linux-gnuspe/usr/lib/powerpc-fsl-linux/4.8.1/libgcc.a
                0x0000000000000001                _CAG_DATA_ALIGN = 0x1

.text           0x0000000000100000     0x3000
                0x0000000000100000                cag_kernel_text_start = .
                0x0000000000100000                _cag_kernel_text_start = .
                0x0000000000100000                _CAG_START_TEXT = .
 *(.text.entry)
 *(.text)
 .text          0x0000000000100000     0x17a0 start/libstart.a(sysCpuALib.o)
                0x0000000000100020                _start
                0x0000000000100020                start
                0x00000000001014a8                sysCacheEnable
                0x0000000000101540                sysL2CTLSet
                0x0000000000101560                sysL2CTLGet
                0x000000000010157c                sysCacheFlush
                0x00000000001015e4                sysPCGet
                0x00000000001015ec                sysTimeBaseLGet
                0x00000000001015f4                sysL1Csr1Set
                0x000000000010160c                sysCpu1Start
                0x0000000000101630                sysCpu1Stop
                0x00000000001016d4                BOOTDEBUG
                0x000000000010176c                sysTlbUnmapAll
 .text          0x00000000001017a0       0x2c arch/libarch.a(sysCpuE500ALib.o)
                0x00000000001017a0                intLock
                0x00000000001017a0                intCpuLock
                0x00000000001017a0                intCpuMicroLock
                0x00000000001017b4                intUnlock
                0x00000000001017b4                intCpuUnlock
                0x00000000001017c4                intCpuMicroUnlock
 .text          0x00000000001017cc      0x47c arch/libarch.a(sysExcArchALib.o)
                0x00000000001017cc                sysTas
                0x00000000001017fc                sysSdaInit
                0x0000000000101810                sysMsrGet
                0x0000000000101818                sysMsrSet
                0x0000000000101824                sysDearGet
                0x000000000010182c                sysDearSet
                0x0000000000101834                sysCsrr0Get
                0x000000000010183c                sysCsrr0Set
                0x0000000000101844                sysCsrr1Get
                0x000000000010184c                sysCsrr1Set
                0x0000000000101854                sysMcsrr0Get
                0x000000000010185c                sysMcsrr0Set
                0x0000000000101864                sysMcsrr1Get
                0x000000000010186c                sysMcsrr1Set
                0x0000000000101874                sysSpefscrGet
                0x000000000010187c                sysSpefscrSet
                0x0000000000101888                sysDecarSet
                0x0000000000101890                sysL1CSR0Get
                0x000000000010189c                sysL1CSR0Set
                0x00000000001018b0                sysL1CSR1Get
                0x00000000001018bc                sysL1CSR1Set
                0x00000000001018d0                sysL1CFG0Get
                0x00000000001018d8                sysL1CFG1Get
                0x00000000001018e0                sysIvor1Set
                0x00000000001018e8                sysSrr0Get
                0x00000000001018f0                sysSrr0Set
                0x00000000001018f8                sysSrr1Get
                0x0000000000101900                sysSrr1Set
                0x0000000000101908                sysFirstBit
                0x0000000000101910                sysFirstRBit
                0x000000000010193c                sysPvrGet
                0x0000000000101944                sysEieio
                0x000000000010194c                sysHid0Set
                0x000000000010195c                sysHid0Get
                0x0000000000101964                sysHid1Set
                0x0000000000101974                sysHid1Get
                0x000000000010197c                sysTimeBaseInit
                0x0000000000101988                sysTimeBaseSet
                0x000000000010199c                sysTimeBaseGet
                0x00000000001019bc                sysDecSet
                0x00000000001019c8                sysDecGet
                0x00000000001019d0                sysDecIntEnable
                0x00000000001019ec                sysDecIntAck
                0x00000000001019f8                sysEnableBP
                0x0000000000101a30                sysDisableBP
                0x0000000000101a60                sysBucsrGet
                0x0000000000101a90                sysDbcr2Get
                0x0000000000101a98                sysDbcr2Set
                0x0000000000101aa4                sysFitIntAck
                0x0000000000101ab0                sysFitIntDisable
                0x0000000000101ac4                sysFitIntEnable
                0x0000000000101ad4                sysTcrGet
                0x0000000000101adc                sysTcrSet
                0x0000000000101ae4                sysTsrGet
                0x0000000000101aec                sysTsrSet
                0x0000000000101af4                sysIvprGet
                0x0000000000101afc                sysIvprSet
                0x0000000000101b04                sysDbsrGet
                0x0000000000101b0c                sysDbsrClear
                0x0000000000101b18                sysDac1Get
                0x0000000000101b20                sysDac1Set
                0x0000000000101b28                sysDac2Get
                0x0000000000101b30                sysDac2Set
                0x0000000000101b38                sysIac1Get
                0x0000000000101b40                sysIac1Set
                0x0000000000101b4c                sysIac2Get
                0x0000000000101b54                sysIac2Set
                0x0000000000101b60                sysSvrGet
                0x0000000000101b68                sysPirGet
                0x0000000000101b70                sysPirSet
                0x0000000000101b78                sysCpuLibInit
                0x0000000000101b84                sysCpuIndexGet
                0x0000000000101b8c                excIvorInit
                0x0000000000101c30                get_ticks
 *fill*         0x0000000000101c48       0x18 
 .text          0x0000000000101c60      0x2ac start/libc.a(memcpy.o)
                0x0000000000101c64                memcpy
                0x0000000000101c64                largememcpy
 .text          0x0000000000101f0c      0x428 start/libgcc.a(_udivdi3.o)
                0x0000000000101f0c                __udivdi3
 .text          0x0000000000102334       0x78 start/libstart.a(sysAccess.o)
                0x0000000000102334                readb
                0x0000000000102340                readw
                0x000000000010234c                readl
                0x0000000000102358                writeb
                0x0000000000102364                writew
                0x0000000000102370                writel
                0x000000000010237c                readb_noOrder
                0x0000000000102384                readw_noOrder
                0x000000000010238c                readl_noOrder
                0x0000000000102394                writeb_noOrder
                0x000000000010239c                writew_noOrder
                0x00000000001023a4                writel_noOrder
 .text          0x00000000001023ac      0x17c arch/libarch.a(sysSpeALib.o)
                0x00000000001023ac                speRestore
                0x000000000010247c                speSave
 .text          0x0000000000102528       0xd0 kernel/ports/libkernelport.a(sysOsIrq.o)
                0x0000000000102528                OSIntCtxSw
 .text          0x00000000001025f8      0x264 kernel/ports/libkernelport.a(sysOsSwitchALib.o)
                0x00000000001025f8                OSStartHighRdy
                0x00000000001026c0                OSCtxSw
                0x0000000000103000                . = ALIGN (0x1000)
 *fill*         0x000000000010285c      0x7a4 

.glink          0x0000000000103000        0x0
 .glink         0x0000000000000000        0x0 start/libstart.a(sysCpuALib.o)

.text.sysCpuStart
                0x0000000000103000       0xf0
 .text.sysCpuStart
                0x0000000000103000       0xf0 start/libstart.a(sysCpuLib.o)
                0x0000000000103000                sysCpuStart

.text.sysRoot   0x00000000001030f0       0x34
 .text.sysRoot  0x00000000001030f0       0x34 start/libstart.a(sysCpuLib.o)
                0x00000000001030f0                sysRoot

.text.clearBss  0x0000000000103124       0x54
 .text.clearBss
                0x0000000000103124       0x54 start/libstart.a(sysCpuLib.o)
                0x0000000000103124                clearBss

.text.sysDeviceInit
                0x0000000000103178       0x54
 .text.sysDeviceInit
                0x0000000000103178       0x54 start/libstart.a(sysCpuLib.o)
                0x0000000000103178                sysDeviceInit

.text.sysEntry  0x00000000001031cc       0x58
 .text.sysEntry
                0x00000000001031cc       0x58 start/libstart.a(sysCpuLib.o)
                0x00000000001031cc                sysEntry

.text.sysL1CacheQuery
                0x0000000000103224      0x10c
 .text.sysL1CacheQuery
                0x0000000000103224      0x10c start/libstart.a(sysCpuLib.o)

.text.printLogo
                0x0000000000103330       0x80
 .text.printLogo
                0x0000000000103330       0x80 start/libstart.a(sysBanner.o)
                0x0000000000103330                printLogo

.text.sysBanner
                0x00000000001033b0       0x30
 .text.sysBanner
                0x00000000001033b0       0x30 start/libstart.a(sysBanner.o)
                0x00000000001033b0                sysBanner

.text.sysL2CacheInit
                0x00000000001033e0       0xe4
 .text.sysL2CacheInit
                0x00000000001033e0       0xe4 start/libstart.a(sysL2Cache.o)
                0x00000000001033e0                sysL2CacheInit

.text.sysL2CacheInvFunc
                0x00000000001034c4       0x74
 .text.sysL2CacheInvFunc
                0x00000000001034c4       0x74 start/libstart.a(sysL2Cache.o)

.text.sysL2CacheEnable
                0x0000000000103538       0x58
 .text.sysL2CacheEnable
                0x0000000000103538       0x58 start/libstart.a(sysL2Cache.o)

.text.sysL2CacheDisable
                0x0000000000103590       0x58
 .text.sysL2CacheDisable
                0x0000000000103590       0x58 start/libstart.a(sysL2Cache.o)

.text.sysL2CacheFlush
                0x00000000001035e8       0x68
 .text.sysL2CacheFlush
                0x00000000001035e8       0x68 start/libstart.a(sysL2Cache.o)

.text.sysClkFreqGet
                0x0000000000103650       0x28
 .text.sysClkFreqGet
                0x0000000000103650       0x28 start/libstart.a(sysBoard.o)
                0x0000000000103650                sysClkFreqGet

.text.sysUsDelay
                0x0000000000103678      0x104
 .text.sysUsDelay
                0x0000000000103678      0x104 start/libstart.a(sysBoard.o)
                0x0000000000103678                sysUsDelay

.text.sysUartClkRateGet
                0x000000000010377c       0x28
 .text.sysUartClkRateGet
                0x000000000010377c       0x28 start/libstart.a(sysBoard.o)
                0x000000000010377c                sysUartClkRateGet

.text.sysMiscInit
                0x00000000001037a4       0x58
 .text.sysMiscInit
                0x00000000001037a4       0x58 start/libstart.a(sysBoard.o)
                0x00000000001037a4                sysMiscInit

.text.boardReset
                0x00000000001037fc       0x44
 .text.boardReset
                0x00000000001037fc       0x44 start/libstart.a(sysBoard.o)
                0x00000000001037fc                boardReset

.text.hang      0x0000000000103840       0x28
 .text.hang     0x0000000000103840       0x28 start/libstart.a(sysBoard.o)
                0x0000000000103840                hang

.text.panic     0x0000000000103868       0x4c
 .text.panic    0x0000000000103868       0x4c start/libstart.a(sysBoard.o)
                0x0000000000103868                panic

.text.excVecInit
                0x00000000001038b4       0x5c
 .text.excVecInit
                0x00000000001038b4       0x5c arch/libarch.a(sysExcArchLib.o)
                0x00000000001038b4                excVecInit

.text.excVecBaseSet
                0x0000000000103910       0x54
 .text.excVecBaseSet
                0x0000000000103910       0x54 arch/libarch.a(sysExcArchLib.o)
                0x0000000000103910                excVecBaseSet

.text.installE500ParityErrorRecovery
                0x0000000000103964       0x64
 .text.installE500ParityErrorRecovery
                0x0000000000103964       0x64 arch/libarch.a(sysExcArchLib.o)
                0x0000000000103964                installE500ParityErrorRecovery

.text.machineException
                0x00000000001039c8      0x1c0
 .text.machineException
                0x00000000001039c8      0x1c0 arch/libarch.a(sysExcArchLib.o)
                0x00000000001039c8                machineException

.text.SpeException
                0x0000000000103b88       0xb4
 .text.SpeException
                0x0000000000103b88       0xb4 arch/libarch.a(sysExcArchLib.o)
                0x0000000000103b88                SpeException

.text.generalException
                0x0000000000103c3c      0x398
 .text.generalException
                0x0000000000103c3c      0x398 arch/libarch.a(sysExcArchLib.o)
                0x0000000000103c3c                generalException

.text.speExcInit
                0x0000000000103fd4       0x80
 .text.speExcInit
                0x0000000000103fd4       0x80 arch/libarch.a(sysSpeExcLib.o)
                0x0000000000103fd4                speExcInit

.text.executeException
                0x0000000000104054       0xd8
 .text.executeException
                0x0000000000104054       0xd8 arch/libarch.a(sysExcLib.o)
                0x0000000000104054                executeException

.text.sysOs     0x000000000010412c      0x12c
 .text.sysOs    0x000000000010412c      0x12c kernel/ports/libkernelport.a(sysEntry.o)
                0x000000000010412c                sysOs

.text.AppTaskStart
                0x0000000000104258       0x30
 .text.AppTaskStart
                0x0000000000104258       0x30 kernel/ports/libkernelport.a(sysEntry.o)

.text.OSInit    0x0000000000104288      0x1cc
 .text.OSInit   0x0000000000104288      0x1cc kernel/thread/libkernelthread.a(sysCore.o)
                0x0000000000104288                OSInit

.text.OSIntEnter
                0x0000000000104454       0xac
 .text.OSIntEnter
                0x0000000000104454       0xac kernel/thread/libkernelthread.a(sysCore.o)
                0x0000000000104454                OSIntEnter

.text.OSIntExit
                0x0000000000104500      0x138
 .text.OSIntExit
                0x0000000000104500      0x138 kernel/thread/libkernelthread.a(sysCore.o)
                0x0000000000104500                OSIntExit

.text.OSSched   0x0000000000104638       0xf8
 .text.OSSched  0x0000000000104638       0xf8 kernel/thread/libkernelthread.a(sysCore.o)
                0x0000000000104638                OSSched

.text.OSStart   0x0000000000104730       0xd8
 .text.OSStart  0x0000000000104730       0xd8 kernel/thread/libkernelthread.a(sysCore.o)
                0x0000000000104730                OSStart

.text.OS_IdleTask
                0x0000000000104808       0x3c
 .text.OS_IdleTask
                0x0000000000104808       0x3c kernel/thread/libkernelthread.a(sysCore.o)
                0x0000000000104808                OS_IdleTask

.text.OS_IdleTaskInit
                0x0000000000104844       0x9c
 .text.OS_IdleTaskInit
                0x0000000000104844       0x9c kernel/thread/libkernelthread.a(sysCore.o)
                0x0000000000104844                OS_IdleTaskInit

.text.OS_PendListChangePrio
                0x00000000001048e0       0xbc
 .text.OS_PendListChangePrio
                0x00000000001048e0       0xbc kernel/thread/libkernelthread.a(sysCore.o)
                0x00000000001048e0                OS_PendListChangePrio

.text.OS_PendListInsertPrio
                0x000000000010499c      0x1cc
 .text.OS_PendListInsertPrio
                0x000000000010499c      0x1cc kernel/thread/libkernelthread.a(sysCore.o)
                0x000000000010499c                OS_PendListInsertPrio

.text.OS_PendListRemove
                0x0000000000104b68       0xb4
 .text.OS_PendListRemove
                0x0000000000104b68       0xb4 kernel/thread/libkernelthread.a(sysCore.o)
                0x0000000000104b68                OS_PendListRemove

.text.OS_PendListRemove1
                0x0000000000104c1c      0x128
 .text.OS_PendListRemove1
                0x0000000000104c1c      0x128 kernel/thread/libkernelthread.a(sysCore.o)
                0x0000000000104c1c                OS_PendListRemove1

.text.OS_Post   0x0000000000104d44      0x1fc
 .text.OS_Post  0x0000000000104d44      0x1fc kernel/thread/libkernelthread.a(sysCore.o)
                0x0000000000104d44                OS_Post

.text.OS_Post1  0x0000000000104f40       0xc4
 .text.OS_Post1
                0x0000000000104f40       0xc4 kernel/thread/libkernelthread.a(sysCore.o)
                0x0000000000104f40                OS_Post1

.text.OS_RdyListInit
                0x0000000000105004       0x90
 .text.OS_RdyListInit
                0x0000000000105004       0x90 kernel/thread/libkernelthread.a(sysCore.o)
                0x0000000000105004                OS_RdyListInit

.text.OS_RdyListInsert
                0x0000000000105094       0x78
 .text.OS_RdyListInsert
                0x0000000000105094       0x78 kernel/thread/libkernelthread.a(sysCore.o)
                0x0000000000105094                OS_RdyListInsert

.text.OS_RdyListInsertHead
                0x000000000010510c       0xf8
 .text.OS_RdyListInsertHead
                0x000000000010510c       0xf8 kernel/thread/libkernelthread.a(sysCore.o)
                0x000000000010510c                OS_RdyListInsertHead

.text.OS_RdyListInsertTail
                0x0000000000105204       0xf4
 .text.OS_RdyListInsertTail
                0x0000000000105204       0xf4 kernel/thread/libkernelthread.a(sysCore.o)
                0x0000000000105204                OS_RdyListInsertTail

.text.OS_RdyListMoveHeadToTail
                0x00000000001052f8      0x120
 .text.OS_RdyListMoveHeadToTail
                0x00000000001052f8      0x120 kernel/thread/libkernelthread.a(sysCore.o)
                0x00000000001052f8                OS_RdyListMoveHeadToTail

.text.OS_RdyListRemove
                0x0000000000105418      0x164
 .text.OS_RdyListRemove
                0x0000000000105418      0x164 kernel/thread/libkernelthread.a(sysCore.o)
                0x0000000000105418                OS_RdyListRemove

.text.OS_SchedRoundRobin
                0x000000000010557c      0x12c
 .text.OS_SchedRoundRobin
                0x000000000010557c      0x12c kernel/thread/libkernelthread.a(sysCore.o)
                0x000000000010557c                OS_SchedRoundRobin

.text.OS_MutexInit
                0x00000000001056a8       0x38
 .text.OS_MutexInit
                0x00000000001056a8       0x38 kernel/thread/libkernelthread.a(sysMutex.o)
                0x00000000001056a8                OS_MutexInit

.text.OS_MutexGrpAdd
                0x00000000001056e0       0x40
 .text.OS_MutexGrpAdd
                0x00000000001056e0       0x40 kernel/thread/libkernelthread.a(sysMutex.o)
                0x00000000001056e0                OS_MutexGrpAdd

.text.OS_MutexGrpRemove
                0x0000000000105720       0x6c
 .text.OS_MutexGrpRemove
                0x0000000000105720       0x6c kernel/thread/libkernelthread.a(sysMutex.o)
                0x0000000000105720                OS_MutexGrpRemove

.text.OS_MutexGrpPrioFindHighest
                0x000000000010578c       0xb0
 .text.OS_MutexGrpPrioFindHighest
                0x000000000010578c       0xb0 kernel/thread/libkernelthread.a(sysMutex.o)
                0x000000000010578c                OS_MutexGrpPrioFindHighest

.text.OS_MutexGrpPostAll
                0x000000000010583c      0x108
 .text.OS_MutexGrpPostAll
                0x000000000010583c      0x108 kernel/thread/libkernelthread.a(sysMutex.o)
                0x000000000010583c                OS_MutexGrpPostAll

.text.OS_PrioInit
                0x0000000000105944       0x5c
 .text.OS_PrioInit
                0x0000000000105944       0x5c kernel/thread/libkernelthread.a(sysPrio.o)
                0x0000000000105944                OS_PrioInit

.text.OS_PrioGetHighest
                0x00000000001059a0       0x9c
 .text.OS_PrioGetHighest
                0x00000000001059a0       0x9c kernel/thread/libkernelthread.a(sysPrio.o)
                0x00000000001059a0                OS_PrioGetHighest

.text.OS_PrioInsert
                0x0000000000105a3c       0xa0
 .text.OS_PrioInsert
                0x0000000000105a3c       0xa0 kernel/thread/libkernelthread.a(sysPrio.o)
                0x0000000000105a3c                OS_PrioInsert

.text.OS_PrioRemove
                0x0000000000105adc       0xa4
 .text.OS_PrioRemove
                0x0000000000105adc       0xa4 kernel/thread/libkernelthread.a(sysPrio.o)
                0x0000000000105adc                OS_PrioRemove

.text.OS_MsgPoolInit
                0x0000000000105b80      0x190
 .text.OS_MsgPoolInit
                0x0000000000105b80      0x190 kernel/thread/libkernelthread.a(sysMsg.o)
                0x0000000000105b80                OS_MsgPoolInit

.text.OS_QInit  0x0000000000105d10       0x38
 .text.OS_QInit
                0x0000000000105d10       0x38 kernel/thread/libkernelthread.a(sysQueue.o)
                0x0000000000105d10                OS_QInit

.text.OS_SemInit
                0x0000000000105d48       0x38
 .text.OS_SemInit
                0x0000000000105d48       0x38 kernel/thread/libkernelthread.a(sysSem.o)
                0x0000000000105d48                OS_SemInit

.text.OSTaskCreate
                0x0000000000105d80      0x320
 .text.OSTaskCreate
                0x0000000000105d80      0x320 kernel/thread/libkernelthread.a(sysTask.o)
                0x0000000000105d80                OSTaskCreate

.text.OSTaskDel
                0x00000000001060a0      0x2e0
 .text.OSTaskDel
                0x00000000001060a0      0x2e0 kernel/thread/libkernelthread.a(sysTask.o)
                0x00000000001060a0                OSTaskDel

.text.OS_TaskInit
                0x0000000000106380       0x44
 .text.OS_TaskInit
                0x0000000000106380       0x44 kernel/thread/libkernelthread.a(sysTask.o)
                0x0000000000106380                OS_TaskInit

.text.OS_TaskInitTCB
                0x00000000001063c4      0x1e8
 .text.OS_TaskInitTCB
                0x00000000001063c4      0x1e8 kernel/thread/libkernelthread.a(sysTask.o)
                0x00000000001063c4                OS_TaskInitTCB

.text.OS_TaskReturn
                0x00000000001065ac       0x4c
 .text.OS_TaskReturn
                0x00000000001065ac       0x4c kernel/thread/libkernelthread.a(sysTask.o)
                0x00000000001065ac                OS_TaskReturn

.text.OS_TaskChangePrio
                0x00000000001065f8      0x23c
 .text.OS_TaskChangePrio
                0x00000000001065f8      0x23c kernel/thread/libkernelthread.a(sysTask.o)
                0x00000000001065f8                OS_TaskChangePrio

.text.OS_TickUpdate
                0x0000000000106834       0x80
 .text.OS_TickUpdate
                0x0000000000106834       0x80 kernel/thread/libkernelthread.a(sysTick.o)
                0x0000000000106834                OS_TickUpdate

.text.OS_TickListInsert
                0x00000000001068b4      0x204
 .text.OS_TickListInsert
                0x00000000001068b4      0x204 kernel/thread/libkernelthread.a(sysTick.o)
                0x00000000001068b4                OS_TickListInsert

.text.OS_TickListInsertDly
                0x0000000000106ab8      0x200
 .text.OS_TickListInsertDly
                0x0000000000106ab8      0x200 kernel/thread/libkernelthread.a(sysTick.o)
                0x0000000000106ab8                OS_TickListInsertDly

.text.OS_TickListRemove
                0x0000000000106cb8      0x150
 .text.OS_TickListRemove
                0x0000000000106cb8      0x150 kernel/thread/libkernelthread.a(sysTick.o)
                0x0000000000106cb8                OS_TickListRemove

.text.OS_TickListUpdateDly
                0x0000000000106e08      0x120
 .text.OS_TickListUpdateDly
                0x0000000000106e08      0x120 kernel/thread/libkernelthread.a(sysTick.o)

.text.OS_TickListUpdateTimeout
                0x0000000000106f28      0x24c
 .text.OS_TickListUpdateTimeout
                0x0000000000106f28      0x24c kernel/thread/libkernelthread.a(sysTick.o)

.text.OSTimeDly
                0x0000000000107174      0x154
 .text.OSTimeDly
                0x0000000000107174      0x154 kernel/thread/libkernelthread.a(sysTime.o)
                0x0000000000107174                OSTimeDly

.text.OSTimeTick
                0x00000000001072c8       0x60
 .text.OSTimeTick
                0x00000000001072c8       0x60 kernel/thread/libkernelthread.a(sysTime.o)
                0x00000000001072c8                OSTimeTick

.text.rts_var_init
                0x0000000000107328      0x100
 .text.rts_var_init
                0x0000000000107328      0x100 kernel/thread/libkernelthread.a(sysApi.o)
                0x0000000000107328                rts_var_init

.text.OSCfg_Init
                0x0000000000107428       0x1c
 .text.OSCfg_Init
                0x0000000000107428       0x1c kernel/thread/libkernelthread.a(sysCfg.o)
                0x0000000000107428                OSCfg_Init

.text.clockTaskStart
                0x0000000000107444      0x108
 .text.clockTaskStart
                0x0000000000107444      0x108 kernel/timers/libkerneltimer.a(sysDec.o)
                0x0000000000107444                clockTaskStart

.text.OSDecHandler
                0x000000000010754c       0x34
 .text.OSDecHandler
                0x000000000010754c       0x34 kernel/timers/libkerneltimer.a(sysDec.o)
                0x000000000010754c                OSDecHandler

.text.get_tbclk
                0x0000000000107580       0x58
 .text.get_tbclk
                0x0000000000107580       0x58 kernel/timers/libkerneltimer.a(sysTbl.o)
                0x0000000000107580                get_tbclk

.text.getTblms  0x00000000001075d8      0x11c
 .text.getTblms
                0x00000000001075d8      0x11c kernel/timers/libkerneltimer.a(sysTbl.o)
                0x00000000001075d8                getTblms

.text.OSIntHandler
                0x00000000001076f4      0x12c
 .text.OSIntHandler
                0x00000000001076f4      0x12c kernel/epic/libkernelepic.a(sysInt.o)
                0x00000000001076f4                OSIntHandler

.text.shellGetChar
                0x0000000000107820      0x388
 .text.shellGetChar
                0x0000000000107820      0x388 utility/libutility.a(shell.o)

.text.shellGetLine
                0x0000000000107ba8       0x40
 .text.shellGetLine
                0x0000000000107ba8       0x40 utility/libutility.a(shell.o)

.text.shellExec
                0x0000000000107be8      0x130
 .text.shellExec
                0x0000000000107be8      0x130 utility/libutility.a(shell.o)

.text.shellParseAndExecute
                0x0000000000107d18      0x56c
 .text.shellParseAndExecute
                0x0000000000107d18      0x56c utility/libutility.a(shell.o)

.text.shellPrompt
                0x0000000000108284       0x3c
 .text.shellPrompt
                0x0000000000108284       0x3c utility/libutility.a(shell.o)

.text.shellInit
                0x00000000001082c0       0x4c
 .text.shellInit
                0x00000000001082c0       0x4c utility/libutility.a(shell.o)

.text.shellMainLoop
                0x000000000010830c       0x28
 .text.shellMainLoop
                0x000000000010830c       0x28 utility/libutility.a(shell.o)

.text.shellCmdRegister
                0x0000000000108334      0x13c
 .text.shellCmdRegister
                0x0000000000108334      0x13c utility/libutility.a(shell.o)
                0x0000000000108334                shellCmdRegister

.text.do_reset  0x0000000000108470       0x80
 .text.do_reset
                0x0000000000108470       0x80 utility/libutility.a(shell.o)

.text.hexdump   0x00000000001084f0      0x79c
 .text.hexdump  0x00000000001084f0      0x79c utility/libutility.a(shell.o)

.text.help      0x0000000000108c8c      0x284
 .text.help     0x0000000000108c8c      0x284 utility/libutility.a(shell.o)

.text.usrShell  0x0000000000108f10       0x54
 .text.usrShell
                0x0000000000108f10       0x54 utility/libutility.a(shell.o)
                0x0000000000108f10                usrShell

.text.ns16550OutputChar
                0x0000000000108f64       0x7c
 .text.ns16550OutputChar
                0x0000000000108f64       0x7c driver/libc/stdio/libstdio.a(ns16550.o)
                0x0000000000108f64                ns16550OutputChar

.text.ns16550InputChar
                0x0000000000108fe0       0x78
 .text.ns16550InputChar
                0x0000000000108fe0       0x78 driver/libc/stdio/libstdio.a(ns16550.o)
                0x0000000000108fe0                ns16550InputChar

.text.ns16550DevInit
                0x0000000000109058      0x168
 .text.ns16550DevInit
                0x0000000000109058      0x168 driver/libc/stdio/libstdio.a(ns16550.o)
                0x0000000000109058                ns16550DevInit

.text.strnlen   0x00000000001091c0       0x74
 .text.strnlen  0x00000000001091c0       0x74 driver/libc/stdio/libstdio.a(printk.o)
                0x00000000001091c0                strnlen

.text.skip_atoi
                0x0000000000109234       0xb0
 .text.skip_atoi
                0x0000000000109234       0xb0 driver/libc/stdio/libstdio.a(printk.o)

.text.number    0x00000000001092e4      0x43c
 .text.number   0x00000000001092e4      0x43c driver/libc/stdio/libstdio.a(printk.o)

.text.vsprintf  0x0000000000109720      0xa60
 .text.vsprintf
                0x0000000000109720      0xa60 driver/libc/stdio/libstdio.a(printk.o)
                0x0000000000109720                vsprintf

.text.putc      0x000000000010a180       0x60
 .text.putc     0x000000000010a180       0x60 driver/libc/stdio/libstdio.a(printk.o)
                0x000000000010a180                putc

.text.puts      0x000000000010a1e0       0x68
 .text.puts     0x000000000010a1e0       0x68 driver/libc/stdio/libstdio.a(printk.o)
                0x000000000010a1e0                puts

.text.printf    0x000000000010a248       0x90
 .text.printf   0x000000000010a248       0x90 driver/libc/stdio/libstdio.a(printk.o)
                0x000000000010a248                printf

.text.memset    0x000000000010a2d8       0x50
 .text.memset   0x000000000010a2d8       0x50 driver/libc/string/libstring.a(memset.o)
                0x000000000010a2d8                memset

.text.strcmp    0x000000000010a328       0xa4
 .text.strcmp   0x000000000010a328       0xa4 driver/libc/string/libstring.a(strcmp.o)
                0x000000000010a328                strcmp

.text.strlen    0x000000000010a3cc       0x5c
 .text.strlen   0x000000000010a3cc       0x5c driver/libc/string/libstring.a(strlen.o)
                0x000000000010a3cc                strlen

.text.strtok_r  0x000000000010a428       0xf8
 .text.strtok_r
                0x000000000010a428       0xf8 driver/libc/string/libstring.a(strtok_r.o)
                0x000000000010a428                strtok_r

.text.bfill     0x000000000010a520      0x120
 .text.bfill    0x000000000010a520      0x120 driver/libc/string/libstring.a(bLib.o)
                0x000000000010a520                bfill

.text.strpbrk   0x000000000010a640       0xa0
 .text.strpbrk  0x000000000010a640       0xa0 driver/libc/string/libstring.a(strpbrk.o)
                0x000000000010a640                strpbrk

.text.strspn    0x000000000010a6e0       0xc0
 .text.strspn   0x000000000010a6e0       0xc0 driver/libc/string/libstring.a(strspn.o)
                0x000000000010a6e0                strspn

.text.strtoul   0x000000000010a7a0      0x338
 .text.strtoul  0x000000000010a7a0      0x338 driver/libc/stdlib/libstdlib.a(strtoul.o)
                0x000000000010a7a0                strtoul

.text.dfs_init  0x000000000010aad8       0x5c
 .text.dfs_init
                0x000000000010aad8       0x5c driver/device/dfs/libdfs.a(dfs.o)
                0x000000000010aad8                dfs_init

.text.dfs_register
                0x000000000010ab34       0x9c
 .text.dfs_register
                0x000000000010ab34       0x9c driver/device/dfs/libdfs.a(dfs.o)
                0x000000000010ab34                dfs_register

.text.nor_init  0x000000000010abd0      0x260
 .text.nor_init
                0x000000000010abd0      0x260 driver/libhwinit.a(hw_init.o)
                0x000000000010abd0                nor_init

.text.lld_lock  0x000000000010ae30       0x60
 .text.lld_lock
                0x000000000010ae30       0x60 driver/device/norflash/libnor.a(lld.o)

.text.lld_unlock
                0x000000000010ae90       0x68
 .text.lld_unlock
                0x000000000010ae90       0x68 driver/device/norflash/libnor.a(lld.o)

.text.lld_GetVersion
                0x000000000010aef8       0x80
 .text.lld_GetVersion
                0x000000000010aef8       0x80 driver/device/norflash/libnor.a(lld.o)
                0x000000000010aef8                lld_GetVersion

.text.lld_InitCmd
                0x000000000010af78       0x2c
 .text.lld_InitCmd
                0x000000000010af78       0x2c driver/device/norflash/libnor.a(lld.o)
                0x000000000010af78                lld_InitCmd

.text.lld_SectorEraseCmd
                0x000000000010afa4       0x98
 .text.lld_SectorEraseCmd
                0x000000000010afa4       0x98 driver/device/norflash/libnor.a(lld.o)
                0x000000000010afa4                lld_SectorEraseCmd

.text.lld_ChipEraseCmd
                0x000000000010b03c       0x80
 .text.lld_ChipEraseCmd
                0x000000000010b03c       0x80 driver/device/norflash/libnor.a(lld.o)
                0x000000000010b03c                lld_ChipEraseCmd

.text.lld_ProgramCmd
                0x000000000010b0bc       0x78
 .text.lld_ProgramCmd
                0x000000000010b0bc       0x78 driver/device/norflash/libnor.a(lld.o)
                0x000000000010b0bc                lld_ProgramCmd

.text.lld_WriteToBufferCmd
                0x000000000010b134       0x78
 .text.lld_WriteToBufferCmd
                0x000000000010b134       0x78 driver/device/norflash/libnor.a(lld.o)
                0x000000000010b134                lld_WriteToBufferCmd

.text.lld_ProgramBufferToFlashCmd
                0x000000000010b1ac       0x3c
 .text.lld_ProgramBufferToFlashCmd
                0x000000000010b1ac       0x3c driver/device/norflash/libnor.a(lld.o)
                0x000000000010b1ac                lld_ProgramBufferToFlashCmd

.text.lld_WriteBufferAbortResetCmd
                0x000000000010b1e8       0x50
 .text.lld_WriteBufferAbortResetCmd
                0x000000000010b1e8       0x50 driver/device/norflash/libnor.a(lld.o)
                0x000000000010b1e8                lld_WriteBufferAbortResetCmd

.text.lld_ReadConfigRegCmd
                0x000000000010b238       0x78
 .text.lld_ReadConfigRegCmd
                0x000000000010b238       0x78 driver/device/norflash/libnor.a(lld.o)
                0x000000000010b238                lld_ReadConfigRegCmd

.text.lld_Poll  0x000000000010b2b0      0x1a8
 .text.lld_Poll
                0x000000000010b2b0      0x1a8 driver/device/norflash/libnor.a(lld.o)
                0x000000000010b2b0                lld_Poll

.text.lld_StatusGet
                0x000000000010b458      0x238
 .text.lld_StatusGet
                0x000000000010b458      0x238 driver/device/norflash/libnor.a(lld.o)
                0x000000000010b458                lld_StatusGet

.text.lld_ReadOp
                0x000000000010b690       0xc0
 .text.lld_ReadOp
                0x000000000010b690       0xc0 driver/device/norflash/libnor.a(lld.o)
                0x000000000010b690                lld_ReadOp

.text.lld_WriteBufferProgramOp
                0x000000000010b750      0x1ac
 .text.lld_WriteBufferProgramOp
                0x000000000010b750      0x1ac driver/device/norflash/libnor.a(lld.o)
                0x000000000010b750                lld_WriteBufferProgramOp

.text.lld_ProgramOp
                0x000000000010b8fc       0xe4
 .text.lld_ProgramOp
                0x000000000010b8fc       0xe4 driver/device/norflash/libnor.a(lld.o)
                0x000000000010b8fc                lld_ProgramOp

.text.lld_SectorEraseOp
                0x000000000010b9e0       0xdc
 .text.lld_SectorEraseOp
                0x000000000010b9e0       0xdc driver/device/norflash/libnor.a(lld.o)
                0x000000000010b9e0                lld_SectorEraseOp

.text.lld_ChipEraseOp
                0x000000000010babc       0xec
 .text.lld_ChipEraseOp
                0x000000000010babc       0xec driver/device/norflash/libnor.a(lld.o)
                0x000000000010babc                lld_ChipEraseOp

.text.lld_memcpy
                0x000000000010bba8      0x1ac
 .text.lld_memcpy
                0x000000000010bba8      0x1ac driver/device/norflash/libnor.a(lld.o)
                0x000000000010bba8                lld_memcpy

.text.flash_read8
                0x000000000010bd54       0xa8
 .text.flash_read8
                0x000000000010bd54       0xa8 driver/device/norflash/libnor.a(lld.o)

.text.flash_add_byte
                0x000000000010bdfc       0x5c
 .text.flash_add_byte
                0x000000000010bdfc       0x5c driver/device/norflash/libnor.a(lld.o)

.text.lld_write
                0x000000000010be58      0x3f8
 .text.lld_write
                0x000000000010be58      0x3f8 driver/device/norflash/libnor.a(lld.o)
                0x000000000010be58                lld_write

.text.lld_read  0x000000000010c250      0x274
 .text.lld_read
                0x000000000010c250      0x274 driver/device/norflash/libnor.a(lld.o)
                0x000000000010c250                lld_read

.text.lld_erase
                0x000000000010c4c4      0x100
 .text.lld_erase
                0x000000000010c4c4      0x100 driver/device/norflash/libnor.a(lld.o)
                0x000000000010c4c4                lld_erase

.text.powerpcIntDisable
                0x000000000010c5c4       0x44
 .text.powerpcIntDisable
                0x000000000010c5c4       0x44 kernel/ports/libkernelport.a(sysOsSwitchLib.o)
                0x000000000010c5c4                powerpcIntDisable

.text.powerpcIntEnable
                0x000000000010c608       0x50
 .text.powerpcIntEnable
                0x000000000010c608       0x50 kernel/ports/libkernelport.a(sysOsSwitchLib.o)
                0x000000000010c608                powerpcIntEnable

.text.OSIdleTaskHook
                0x000000000010c658       0x4c
 .text.OSIdleTaskHook
                0x000000000010c658       0x4c kernel/ports/libkernelport.a(sysOsSwitchLib.o)
                0x000000000010c658                OSIdleTaskHook

.text.OSInitHook
                0x000000000010c6a4       0x1c
 .text.OSInitHook
                0x000000000010c6a4       0x1c kernel/ports/libkernelport.a(sysOsSwitchLib.o)
                0x000000000010c6a4                OSInitHook

.text.OSTaskCreateHook
                0x000000000010c6c0       0x54
 .text.OSTaskCreateHook
                0x000000000010c6c0       0x54 kernel/ports/libkernelport.a(sysOsSwitchLib.o)
                0x000000000010c6c0                OSTaskCreateHook

.text.OSTaskDelHook
                0x000000000010c714       0x54
 .text.OSTaskDelHook
                0x000000000010c714       0x54 kernel/ports/libkernelport.a(sysOsSwitchLib.o)
                0x000000000010c714                OSTaskDelHook

.text.OSTaskReturnHook
                0x000000000010c768       0x54
 .text.OSTaskReturnHook
                0x000000000010c768       0x54 kernel/ports/libkernelport.a(sysOsSwitchLib.o)
                0x000000000010c768                OSTaskReturnHook

.text.OSTaskStkInit
                0x000000000010c7bc      0x430
 .text.OSTaskStkInit
                0x000000000010c7bc      0x430 kernel/ports/libkernelport.a(sysOsSwitchLib.o)
                0x000000000010c7bc                OSTaskStkInit

.text.OSTaskSwHook
                0x000000000010cbec      0x12c
 .text.OSTaskSwHook
                0x000000000010cbec      0x12c kernel/ports/libkernelport.a(sysOsSwitchLib.o)
                0x000000000010cbec                OSTaskSwHook

.text.OSTimeTickHook
                0x000000000010cd18       0x4c
 .text.OSTimeTickHook
                0x000000000010cd18       0x4c kernel/ports/libkernelport.a(sysOsSwitchLib.o)
                0x000000000010cd18                OSTimeTickHook

.text.CPU_CntLeadZeros
                0x000000000010cd64       0x44
 .text.CPU_CntLeadZeros
                0x000000000010cd64       0x44 kernel/ports/libkernelport.a(sysCount.o)
                0x000000000010cd64                CPU_CntLeadZeros

.text.CPU_CntLeadZeros32
                0x000000000010cda8      0x110
 .text.CPU_CntLeadZeros32
                0x000000000010cda8      0x110 kernel/ports/libkernelport.a(sysCount.o)
                0x000000000010cda8                CPU_CntLeadZeros32

.eh_frame       0x000000000010ceb8        0x0
 .eh_frame      0x0000000000000000        0x0 start/libstart.a(sysCpuALib.o)

.rodata         0x000000000010ceb8     0x128f
 .rodata        0x000000000010ceb8       0x1e start/libstart.a(sysCpuLib.o)
 *fill*         0x000000000010ced6        0x2 
 .rodata        0x000000000010ced8      0x191 start/libstart.a(sysBanner.o)
 *fill*         0x000000000010d069        0x3 
 .rodata        0x000000000010d06c      0x50a start/libstart.a(sysBoard.o)
 *fill*         0x000000000010d576        0x2 
 .rodata        0x000000000010d578      0x6c4 arch/libarch.a(sysExcArchLib.o)
 .rodata        0x000000000010dc3c       0xa5 arch/libarch.a(sysExcLib.o)
 *fill*         0x000000000010dce1        0x3 
 .rodata        0x000000000010dce4       0x2b kernel/ports/libkernelport.a(sysEntry.o)
 *fill*         0x000000000010dd0f        0x1 
 .rodata        0x000000000010dd10       0x14 kernel/thread/libkernelthread.a(sysCore.o)
 .rodata        0x000000000010dd24        0xc kernel/timers/libkerneltimer.a(sysDec.o)
 .rodata        0x000000000010dd30      0x32d utility/libutility.a(shell.o)
 *fill*         0x000000000010e05d        0x3 
 .rodata        0x000000000010e060       0x6e driver/libc/stdio/libstdio.a(printk.o)
 *fill*         0x000000000010e0ce        0x2 
 .rodata        0x000000000010e0d0       0x70 driver/libhwinit.a(hw_init.o)
 .rodata        0x000000000010e140        0x7 driver/device/norflash/libnor.a(lld.o)

.rodata.OS_Post
                0x000000000010e148       0x20
 .rodata.OS_Post
                0x000000000010e148       0x20 kernel/thread/libkernelthread.a(sysCore.o)

.rodata.OSTaskDel
                0x000000000010e168       0x40
 .rodata.OSTaskDel
                0x000000000010e168       0x40 kernel/thread/libkernelthread.a(sysTask.o)

.rodata.OS_TaskChangePrio
                0x000000000010e1a8       0x3c
 .rodata.OS_TaskChangePrio
                0x000000000010e1a8       0x3c kernel/thread/libkernelthread.a(sysTask.o)

.rodata.OSTimeDly
                0x000000000010e1e4       0x24
 .rodata.OSTimeDly
                0x000000000010e1e4       0x24 kernel/thread/libkernelthread.a(sysTime.o)

.rodata.vsprintf
                0x000000000010e208      0x194
 .rodata.vsprintf
                0x000000000010e208      0x194 driver/libc/stdio/libstdio.a(printk.o)

.rodata.CPU_CntLeadZerosTbl
                0x000000000010e39c      0x100
 .rodata.CPU_CntLeadZerosTbl
                0x000000000010e39c      0x100 kernel/ports/libkernelport.a(sysCount.o)

.rela.dyn       0x000000000010e49c        0x0
 .rela.iplt     0x0000000000000000        0x0 start/libstart.a(sysCpuALib.o)
 .rela.text     0x0000000000000000        0x0 start/libstart.a(sysCpuALib.o)
 .rela.text.sysCpuStart
                0x0000000000000000        0x0 start/libstart.a(sysCpuALib.o)
 .rela.text.clearBss
                0x0000000000000000        0x0 start/libstart.a(sysCpuALib.o)
 .rela.text.sysL2CacheInit
                0x0000000000000000        0x0 start/libstart.a(sysCpuALib.o)
 .rela.text.sysL2CacheFlush
                0x0000000000000000        0x0 start/libstart.a(sysCpuALib.o)
 .rela.text.coreShow
                0x0000000000000000        0x0 start/libstart.a(sysCpuALib.o)
 .rela.text.speExcInit
                0x0000000000000000        0x0 start/libstart.a(sysCpuALib.o)
 .rela.text.unregisterException
                0x0000000000000000        0x0 start/libstart.a(sysCpuALib.o)
 .rela.text.registerException
                0x0000000000000000        0x0 start/libstart.a(sysCpuALib.o)
 .rela.text.executeException
                0x0000000000000000        0x0 start/libstart.a(sysCpuALib.o)
 .rela.text.sysOs
                0x0000000000000000        0x0 start/libstart.a(sysCpuALib.o)
 .rela.text.OSInit
                0x0000000000000000        0x0 start/libstart.a(sysCpuALib.o)
 .rela.text.OSIntEnter
                0x0000000000000000        0x0 start/libstart.a(sysCpuALib.o)
 .rela.text.OSIntExit
                0x0000000000000000        0x0 start/libstart.a(sysCpuALib.o)
 .rela.text.OSSched
                0x0000000000000000        0x0 start/libstart.a(sysCpuALib.o)
 .rela.text.OSSchedLock
                0x0000000000000000        0x0 start/libstart.a(sysCpuALib.o)
 .rela.text.OSSchedUnlock
                0x0000000000000000        0x0 start/libstart.a(sysCpuALib.o)
 .rela.text.OSSchedRoundRobinCfg
                0x0000000000000000        0x0 start/libstart.a(sysCpuALib.o)
 .rela.text.OSSchedRoundRobinYield
                0x0000000000000000        0x0 start/libstart.a(sysCpuALib.o)
 .rela.text.OSStart
                0x0000000000000000        0x0 start/libstart.a(sysCpuALib.o)
 .rela.text.OS_IdleTask
                0x0000000000000000        0x0 start/libstart.a(sysCpuALib.o)
 .rela.text.OS_IdleTaskInit
                0x0000000000000000        0x0 start/libstart.a(sysCpuALib.o)
 .rela.text.OS_Pend
                0x0000000000000000        0x0 start/libstart.a(sysCpuALib.o)
 .rela.text.OS_RdyListInit
                0x0000000000000000        0x0 start/libstart.a(sysCpuALib.o)
 .rela.text.OS_RdyListInsert
                0x0000000000000000        0x0 start/libstart.a(sysCpuALib.o)
 .rela.text.OS_RdyListInsertHead
                0x0000000000000000        0x0 start/libstart.a(sysCpuALib.o)
 .rela.text.OS_RdyListInsertTail
                0x0000000000000000        0x0 start/libstart.a(sysCpuALib.o)
 .rela.text.OS_RdyListRemove
                0x0000000000000000        0x0 start/libstart.a(sysCpuALib.o)
 .rela.text.OS_SchedRoundRobin
                0x0000000000000000        0x0 start/libstart.a(sysCpuALib.o)
 .rela.text.OS_TaskBlock
                0x0000000000000000        0x0 start/libstart.a(sysCpuALib.o)
 .rela.text.OSMutexCreate
                0x0000000000000000        0x0 start/libstart.a(sysCpuALib.o)
 .rela.text.OSMutexDel
                0x0000000000000000        0x0 start/libstart.a(sysCpuALib.o)
 .rela.text.OSMutexPend
                0x0000000000000000        0x0 start/libstart.a(sysCpuALib.o)
 .rela.text.OSMutexPendAbort
                0x0000000000000000        0x0 start/libstart.a(sysCpuALib.o)
 .rela.text.OSMutexPost
                0x0000000000000000        0x0 start/libstart.a(sysCpuALib.o)
 .rela.text.OS_MutexInit
                0x0000000000000000        0x0 start/libstart.a(sysCpuALib.o)
 .rela.text.OS_PrioInit
                0x0000000000000000        0x0 start/libstart.a(sysCpuALib.o)
 .rela.text.OS_PrioGetHighest
                0x0000000000000000        0x0 start/libstart.a(sysCpuALib.o)
 .rela.text.OS_PrioInsert
                0x0000000000000000        0x0 start/libstart.a(sysCpuALib.o)
 .rela.text.OS_PrioRemove
                0x0000000000000000        0x0 start/libstart.a(sysCpuALib.o)
 .rela.text.OS_MsgPoolInit
                0x0000000000000000        0x0 start/libstart.a(sysCpuALib.o)
 .rela.text.OS_MsgQFreeAll
                0x0000000000000000        0x0 start/libstart.a(sysCpuALib.o)
 .rela.text.OS_MsgQGet
                0x0000000000000000        0x0 start/libstart.a(sysCpuALib.o)
 .rela.text.OS_MsgQPut
                0x0000000000000000        0x0 start/libstart.a(sysCpuALib.o)
 .rela.text.OSQCreate
                0x0000000000000000        0x0 start/libstart.a(sysCpuALib.o)
 .rela.text.OSQDel
                0x0000000000000000        0x0 start/libstart.a(sysCpuALib.o)
 .rela.text.OSQFlush
                0x0000000000000000        0x0 start/libstart.a(sysCpuALib.o)
 .rela.text.OSQPend
                0x0000000000000000        0x0 start/libstart.a(sysCpuALib.o)
 .rela.text.OSQPendAbort
                0x0000000000000000        0x0 start/libstart.a(sysCpuALib.o)
 .rela.text.OS_QInit
                0x0000000000000000        0x0 start/libstart.a(sysCpuALib.o)
 .rela.text.OSSemCreate
                0x0000000000000000        0x0 start/libstart.a(sysCpuALib.o)
 .rela.text.OSSemDel
                0x0000000000000000        0x0 start/libstart.a(sysCpuALib.o)
 .rela.text.OSSemPend
                0x0000000000000000        0x0 start/libstart.a(sysCpuALib.o)
 .rela.text.OSSemPendAbort
                0x0000000000000000        0x0 start/libstart.a(sysCpuALib.o)
 .rela.text.OSSemSet
                0x0000000000000000        0x0 start/libstart.a(sysCpuALib.o)
 .rela.text.OS_SemInit
                0x0000000000000000        0x0 start/libstart.a(sysCpuALib.o)
 .rela.text.OSTaskCreate
                0x0000000000000000        0x0 start/libstart.a(sysCpuALib.o)
 .rela.text.OSTaskDel
                0x0000000000000000        0x0 start/libstart.a(sysCpuALib.o)
 .rela.text.OSTaskResume
                0x0000000000000000        0x0 start/libstart.a(sysCpuALib.o)
 .rela.text.OSTaskSemPend
                0x0000000000000000        0x0 start/libstart.a(sysCpuALib.o)
 .rela.text.OSTaskSemPendAbort
                0x0000000000000000        0x0 start/libstart.a(sysCpuALib.o)
 .rela.text.OSTaskSemSet
                0x0000000000000000        0x0 start/libstart.a(sysCpuALib.o)
 .rela.text.OSTaskStkChk
                0x0000000000000000        0x0 start/libstart.a(sysCpuALib.o)
 .rela.text.OSTaskSuspend
                0x0000000000000000        0x0 start/libstart.a(sysCpuALib.o)
 .rela.text.OSTaskTimeQuantaSet
                0x0000000000000000        0x0 start/libstart.a(sysCpuALib.o)
 .rela.text.OS_TaskInit
                0x0000000000000000        0x0 start/libstart.a(sysCpuALib.o)
 .rela.text.OS_TaskReturn
                0x0000000000000000        0x0 start/libstart.a(sysCpuALib.o)
 .rela.text.OS_TaskSemPost
                0x0000000000000000        0x0 start/libstart.a(sysCpuALib.o)
 .rela.text.OS_TaskSuspend
                0x0000000000000000        0x0 start/libstart.a(sysCpuALib.o)
 .rela.text.OS_TaskChangePrio
                0x0000000000000000        0x0 start/libstart.a(sysCpuALib.o)
 .rela.text.OS_TickUpdate
                0x0000000000000000        0x0 start/libstart.a(sysCpuALib.o)
 .rela.text.OS_TickListInsertDly
                0x0000000000000000        0x0 start/libstart.a(sysCpuALib.o)
 .rela.text.OS_TickListUpdateDly
                0x0000000000000000        0x0 start/libstart.a(sysCpuALib.o)
 .rela.text.OS_TickListUpdateTimeout
                0x0000000000000000        0x0 start/libstart.a(sysCpuALib.o)
 .rela.text.OSTimeDly
                0x0000000000000000        0x0 start/libstart.a(sysCpuALib.o)
 .rela.text.OSTimeDlyResume
                0x0000000000000000        0x0 start/libstart.a(sysCpuALib.o)
 .rela.text.OSTimeGet
                0x0000000000000000        0x0 start/libstart.a(sysCpuALib.o)
 .rela.text.OSTimeSet
                0x0000000000000000        0x0 start/libstart.a(sysCpuALib.o)
 .rela.text.OSTimeTick
                0x0000000000000000        0x0 start/libstart.a(sysCpuALib.o)
 .rela.text.os_del_task
                0x0000000000000000        0x0 start/libstart.a(sysCpuALib.o)
 .rela.sdata.OSCfg_MsgPoolBasePtr
                0x0000000000000000        0x0 start/libstart.a(sysCpuALib.o)
 .rela.text.irqUnregister
                0x0000000000000000        0x0 start/libstart.a(sysCpuALib.o)
 .rela.text.irqRregister
                0x0000000000000000        0x0 start/libstart.a(sysCpuALib.o)
 .rela.text.OSIntHandler
                0x0000000000000000        0x0 start/libstart.a(sysCpuALib.o)
 .rela.text.sysSysEpicInit
                0x0000000000000000        0x0 start/libstart.a(sysCpuALib.o)
 .rela.data.flash_ops
                0x0000000000000000        0x0 start/libstart.a(sysCpuALib.o)
 .rela.text.nor_init
                0x0000000000000000        0x0 start/libstart.a(sysCpuALib.o)
 .rela.text.lld_WriteToBufferCmd
                0x0000000000000000        0x0 start/libstart.a(sysCpuALib.o)
 .rela.text.lld_EraseSuspendCmd
                0x0000000000000000        0x0 start/libstart.a(sysCpuALib.o)
 .rela.text.lld_StatusGet
                0x0000000000000000        0x0 start/libstart.a(sysCpuALib.o)
 .rela.text.OSIdleTaskHook
                0x0000000000000000        0x0 start/libstart.a(sysCpuALib.o)
 .rela.text.OSStatTaskHook
                0x0000000000000000        0x0 start/libstart.a(sysCpuALib.o)
 .rela.text.OSTaskCreateHook
                0x0000000000000000        0x0 start/libstart.a(sysCpuALib.o)
 .rela.text.OSTaskDelHook
                0x0000000000000000        0x0 start/libstart.a(sysCpuALib.o)
 .rela.text.OSTaskReturnHook
                0x0000000000000000        0x0 start/libstart.a(sysCpuALib.o)
 .rela.text.OSTaskStkInit
                0x0000000000000000        0x0 start/libstart.a(sysCpuALib.o)
 .rela.text.OSTaskSwHook
                0x0000000000000000        0x0 start/libstart.a(sysCpuALib.o)
 .rela.text.OSTimeTickHook
                0x0000000000000000        0x0 start/libstart.a(sysCpuALib.o)

.shared_memory  0x0000000010000000        0x0
                0x0000000010000000                . = ALIGN (0x10)

.sdata2         0x000000000010e49c        0x0
                0x000000000011648c                _SDA2_BASE_ = (. + 0x7ff0)
 *(.sdata2)
 *(.sbss2)
                0x000000000010f000                . = ALIGN (0x1000)
                0x000000000010f000                cag_kernel_text_end = .
                0x000000000010f000                _cag_kernel_text_end = .
                0x000000000010f000                etext = .
                0x000000000010f000                _etext = .
                0x000000000010f000                . = ALIGN (0x1000)

.data           0x000000000010e49c      0xb64
                0x000000000010e49c                cag_kernel_data_start = .
                0x000000000010e49c                _cag_kernel_data_start = .
                0x000000000010e49c                _CAG_START_DATA = .
 *(.data)
                0x000000000010f000                . = ALIGN (0x1000)
 *fill*         0x000000000010e49c      0xb64 

.data.logo.1243
                0x000000000010f000       0x20
 .data.logo.1243
                0x000000000010f000       0x20 start/libstart.a(sysBanner.o)

.data.excVecBase
                0x000000000010f020        0x4
 .data.excVecBase
                0x000000000010f020        0x4 arch/libarch.a(sysExcArchLib.o)

.data.preg      0x000000000010f024      0x140
 .data.preg     0x000000000010f024      0x140 arch/libarch.a(sysExcArchLib.o)
                0x000000000010f024                preg

.data.rts_msgq  0x000000000010f164      0x230
 .data.rts_msgq
                0x000000000010f164      0x230 kernel/thread/libkernelthread.a(sysApi.o)
                0x000000000010f164                rts_msgq

.data.rts_sem   0x000000000010f394      0x1e0
 .data.rts_sem  0x000000000010f394      0x1e0 kernel/thread/libkernelthread.a(sysApi.o)
                0x000000000010f394                rts_sem

.data.rts_mutex
                0x000000000010f574      0x280
 .data.rts_mutex
                0x000000000010f574      0x280 kernel/thread/libkernelthread.a(sysApi.o)
                0x000000000010f574                rts_mutex

.data.shellCmdNameMaxLen
                0x000000000010f7f4        0x4
 .data.shellCmdNameMaxLen
                0x000000000010f7f4        0x4 utility/libutility.a(shell.o)

.data.cmd_help  0x000000000010f7f8       0x10
 .data.cmd_help
                0x000000000010f7f8       0x10 utility/libutility.a(shell.o)

.data.cmd_hexdump
                0x000000000010f808       0x10
 .data.cmd_hexdump
                0x000000000010f808       0x10 utility/libutility.a(shell.o)

.data.cmd_reset
                0x000000000010f818       0x10
 .data.cmd_reset
                0x000000000010f818       0x10 utility/libutility.a(shell.o)

.data.arrow     0x000000000010f828        0x3
 .data.arrow    0x000000000010f828        0x3 utility/libutility.a(shell.o)

.data.arrow_pos
                0x000000000010f82c        0x4
 .data.arrow_pos
                0x000000000010f82c        0x4 utility/libutility.a(shell.o)

.data.addr.1538
                0x000000000010f830        0x4
 .data.addr.1538
                0x000000000010f830        0x4 utility/libutility.a(shell.o)

.data.num.1539  0x000000000010f834        0x4
 .data.num.1539
                0x000000000010f834        0x4 utility/libutility.a(shell.o)

.data.width.1540
                0x000000000010f838        0x4
 .data.width.1540
                0x000000000010f838        0x4 utility/libutility.a(shell.o)

.data.flash_struct
                0x000000000010f83c       0x3c
 .data.flash_struct
                0x000000000010f83c       0x3c driver/libhwinit.a(hw_init.o)
                0x000000000010f83c                flash_struct

.data.flash_ops
                0x000000000010f878       0x9c
 .data.flash_ops
                0x000000000010f878       0x9c driver/libhwinit.a(hw_init.o)
                0x000000000010f878                flash_ops

.data.testlld   0x000000000010f914        0x4
 .data.testlld  0x000000000010f914        0x4 driver/device/norflash/libnor.a(lld.o)

.sdata          0x000000000010f918      0x6e8
                0x0000000000117908                _SDA_BASE_ = (. + 0x7ff0)
 *(.sdata)
 *(.sdata.*)
 .sdata.ppcE500ICACHE_LINE_NUM
                0x000000000010f918        0x4 start/libstart.a(sysCpuLib.o)
                0x000000000010f918                ppcE500ICACHE_LINE_NUM
 .sdata.ppcE500DCACHE_LINE_NUM
                0x000000000010f91c        0x4 start/libstart.a(sysCpuLib.o)
                0x000000000010f91c                ppcE500DCACHE_LINE_NUM
 .sdata.ppcE500CACHE_ALIGN_SIZE
                0x000000000010f920        0x4 start/libstart.a(sysCpuLib.o)
                0x000000000010f920                ppcE500CACHE_ALIGN_SIZE
 .sdata.l2CacheLineNum
                0x000000000010f924        0x4 start/libstart.a(sysL2Cache.o)
                0x000000000010f924                l2CacheLineNum
 .sdata._pSysL2CacheInvFunc
                0x000000000010f928        0x4 arch/libarch.a(sysCacheE500Lib.o)
                0x000000000010f928                _pSysL2CacheInvFunc
 .sdata._pSysL2CacheEnable
                0x000000000010f92c        0x4 arch/libarch.a(sysCacheE500Lib.o)
                0x000000000010f92c                _pSysL2CacheEnable
 .sdata._pSysL2CacheFlush
                0x000000000010f930        0x4 arch/libarch.a(sysCacheE500Lib.o)
                0x000000000010f930                _pSysL2CacheFlush
 .sdata._pSysL2CacheDisable
                0x000000000010f934        0x4 arch/libarch.a(sysCacheE500Lib.o)
                0x000000000010f934                _pSysL2CacheDisable
 .sdata.OSCfg_IdleTaskStkLimit
                0x000000000010f938        0x4 kernel/thread/libkernelthread.a(sysCfg.o)
                0x000000000010f938                OSCfg_IdleTaskStkLimit
 .sdata.OSCfg_IdleTaskStkSize
                0x000000000010f93c        0x4 kernel/thread/libkernelthread.a(sysCfg.o)
                0x000000000010f93c                OSCfg_IdleTaskStkSize
 .sdata.OSCfg_MsgPoolSize
                0x000000000010f940        0x2 kernel/thread/libkernelthread.a(sysCfg.o)
                0x000000000010f940                OSCfg_MsgPoolSize
 *fill*         0x000000000010f942        0x2 
 .sdata.OSCfg_MsgPoolBasePtr
                0x000000000010f944        0x4 kernel/thread/libkernelthread.a(sysCfg.o)
                0x000000000010f944                OSCfg_MsgPoolBasePtr
 .sdata.OSCfg_StkSizeMin
                0x000000000010f948        0x4 kernel/thread/libkernelthread.a(sysCfg.o)
                0x000000000010f948                OSCfg_StkSizeMin
 .sdata.OSCfg_TickRate_Hz
                0x000000000010f94c        0x4 kernel/thread/libkernelthread.a(sysCfg.o)
                0x000000000010f94c                OSCfg_TickRate_Hz
 .sdata.sysClockFreq
                0x000000000010f950        0x4 kernel/timers/libkerneltimer.a(sysDec.o)
                0x000000000010f950                sysClockFreq
 .sdata.sysclkFrequency
                0x000000000010f954        0x4 kernel/timers/libkerneltimer.a(sysDec.o)
                0x000000000010f954                sysclkFrequency
 .sdata.rolloverPeriod
                0x000000000010f958        0x4 kernel/timers/libkerneltimer.a(sysDec.o)
                0x000000000010f958                rolloverPeriod
 .sdata.ticksPerSecond
                0x000000000010f95c        0x4 kernel/timers/libkerneltimer.a(sysDec.o)
                0x000000000010f95c                ticksPerSecond
 .sdata.sysEpicSpuriousVector
                0x000000000010f960        0x2 kernel/epic/libkernelepic.a(sysPic.o)
                0x000000000010f960                sysEpicSpuriousVector
 *fill*         0x000000000010f962        0x2 
 .sdata.dfd     0x000000000010f964        0x4 driver/libhwinit.a(hw_init.o)
                0x000000000010f964                dfd
 .sdata.dfd2    0x000000000010f968        0x4 driver/libhwinit.a(hw_init.o)
                0x000000000010f968                dfd2
 .sdata.nor_flash_errno
                0x000000000010f96c        0x4 driver/device/norflash/libnor.a(lld.o)
                0x000000000010f96c                nor_flash_errno
 .sdata.FLSTATEOP
                0x000000000010f970        0x4 driver/device/norflash/libnor.a(lld.o)
                0x000000000010f970                FLSTATEOP
 .sdata.g_suspend_state
                0x000000000010f974        0x1 driver/device/norflash/libnor.a(lld.o)
                0x000000000010f974                g_suspend_state
                0x0000000000110000                . = ALIGN (0x1000)
 *fill*         0x000000000010f975      0x68b 
                0x0000000000110000                edata = .
                0x0000000000110000                _edata = .
                0x0000000000110000                cag_kernel_data_end = .
                0x0000000000110000                _cag_kernel_data_end = .
                0x0000000000110000                . = ALIGN (0x1000)

.sbss           0x0000000000110000     0x1000
                0x0000000000110000                cag_kernel_bss_start = .
                0x0000000000110000                _cag_kernel_bss_start = .
 *(.sbss)
 .sbss          0x0000000000000000        0x0 start/libstart.a(sysCpuALib.o)
 .sbss          0x0000000000110000        0x8 start/libstart.a(sysCpuLib.o)
                0x0000000000110000                cachePpcReadOrigin
                0x0000000000110004                ppcE500DCACHE_FLUSH_NUM
 .sbss          0x0000000000110008        0x8 arch/libarch.a(sysSpeExcLib.o)
                0x0000000000110008                e500_spe_exc_mask
                0x000000000011000c                e500_spe_exc_enable
 .sbss          0x0000000000110010       0x68 kernel/ports/libkernelport.a(sysEntry.o)
                0x0000000000110010                OSSchedLockNestingCtr
                0x0000000000110014                OS_AppTaskReturnHookPtr
                0x0000000000110018                OSRunning
                0x0000000000110019                OSPrioHighRdy
                0x000000000011001c                OS_AppTaskCreateHookPtr
                0x0000000000110020                OSPrioCur
                0x0000000000110024                OSTCBCurPtr
                0x0000000000110028                OSQQty
                0x000000000011002a                OSPrioSaved
                0x000000000011002c                OSTCBHighRdyPtr
                0x0000000000110030                OS_AppTaskDelHookPtr
                0x0000000000110034                OS_AppTimeTickHookPtr
                0x0000000000110038                OSTaskCtxSwCtr
                0x000000000011003c                OSIntNestingCtr
                0x000000000011003e                OSTaskQty
                0x0000000000110040                OSMsgPool
                0x0000000000110048                OSSemQty
                0x000000000011004c                OSSchedRoundRobinDfltTimeQuanta
                0x0000000000110050                OS_AppIdleTaskHookPtr
                0x0000000000110054                OSTickCtr
                0x0000000000110058                OS_AppTaskSwHookPtr
                0x000000000011005c                OSIdleTaskCtr
                0x0000000000110060                OS_AppStatTaskHookPtr
                0x0000000000110064                OSMutexQty
                0x0000000000110068                OSTickTaskTimeMax
                0x000000000011006c                OSSchedRoundRobinEn
                0x0000000000110070                OSTickListDly
                0x0000000000110074                OSTickListTimeout
 .sbss          0x0000000000110078        0x4 kernel/thread/libkernelthread.a(sysPrio.o)
                0x0000000000110078                OSPrioTbl
 .sbss          0x000000000011007c        0x4 kernel/epic/libkernelepic.a(sysPic.o)
                0x000000000011007c                sysEpicIntAckReg
 .sbss          0x0000000000110080        0x8 driver/device/norflash/libnor.a(lld.o)
                0x0000000000110080                g_suspend_sector
                0x0000000000110084                g_writebuffer_sector
 *(.sbss.*)
 *(.scommon)
                0x0000000000111000                . = ALIGN (0x1000)
 *fill*         0x0000000000110088      0xf78 

.bss            0x0000000000111000   0x102000
 *(.dynbss)
 *(.bss)
 *(.bss.*)
 .bss.shellBuffer
                0x0000000000111000      0x100 utility/libutility.a(shell.o)
 .bss.shellCounterPos
                0x0000000000111100        0x4 utility/libutility.a(shell.o)
 .bss.shellCounter
                0x0000000000111104        0x4 utility/libutility.a(shell.o)
 .bss.__shell_cmds
                0x0000000000111108       0x80 utility/libutility.a(shell.o)
 .bss.siodev    0x0000000000111188        0x4 driver/libc/stdio/libstdio.a(ns16550.o)
 .bss.dfs_table
                0x000000000011118c       0x20 driver/device/dfs/libdfs.a(dfs.o)
 *(COMMON)
 COMMON         0x00000000001111ac      0x150 arch/libarch.a(sysExcLib.o)
                0x00000000001111ac                exceptionDescTable
 COMMON         0x00000000001112fc      0x390 kernel/ports/libkernelport.a(sysEntry.o)
                0x00000000001112fc                OSRdyList
                0x000000000011147c                AppTaskStartTCB
                0x0000000000111500                MainTaskStartTCB
                0x0000000000111584                OSIdleTaskTCB
                0x0000000000111608                clockTaskStartTCB
 COMMON         0x000000000011168c   0x100640 kernel/thread/libkernelthread.a(sysCfg.o)
                0x000000000011168c                OSCfg_MsgPool
                0x0000000000111ccc                OSCfg_IdleTaskStk
 COMMON         0x0000000000211ccc      0xf70 kernel/epic/libkernelepic.a(sysInt.o)
                0x0000000000211ccc                irqDeseTable
 COMMON         0x0000000000212c3c       0x90 driver/libhwinit.a(hw_init.o)
                0x0000000000212c3c                s29gl512pOps2
                0x0000000000212c70                s29gl512pOps
                0x0000000000212ca4                s29gl512pSt
                0x0000000000212cb8                s29gl512pSt2
 *(.gnu.linkonce.b*)
                0x0000000000213000                . = ALIGN (0x1000)
 *fill*         0x0000000000212ccc      0x334 
                0x0000000000213000                end = .
                0x0000000000213000                _end = .
                0x0000000000213000                cag_kernel_bss_end = .
                0x0000000000213000                _cag_kernel_bss_end = .

.iplt           0x0000000000213000        0x0
 .iplt          0x0000000000000000        0x0 start/libstart.a(sysCpuALib.o)

.tdata
 *(.tdata .tdata.* .gnu.linkonce.td.*)

.tbss
 *(.tbss .tbss.* .gnu.linkonce.tb.*)
 *(.tcommon)
Address of section .text set to 0x100000
START GROUP
LOAD start/libstart.a
LOAD arch/libarch.a
LOAD kernel/ports/libkernelport.a
LOAD kernel/thread/libkernelthread.a
LOAD kernel/timers/libkerneltimer.a
LOAD kernel/epic/libkernelepic.a
LOAD utility/libutility.a
LOAD driver/libc/stdio/libstdio.a
LOAD driver/libc/string/libstring.a
LOAD driver/libc/stdlib/libstdlib.a
LOAD driver/device/dfs/libdfs.a
LOAD driver/device/pcie/libpcie.a
LOAD driver/libhwinit.a
LOAD driver/device/norflash/libnor.a
LOAD start/libc.a
LOAD start/libm.a
LOAD start/libgcc.a
LOAD start/libgcc_eh.a
END GROUP
OUTPUT(/home/CAG_DEV_GIT/Release_DVD_ME/Release_DVD/Source/PM/cagOS/binary/CORE0/cagOsCORE0 elf32-powerpc)

.PPC.EMB.apuinfo
                0x0000000000000000       0x20
 .PPC.EMB.apuinfo
                0x0000000000000000       0x18 start/libstart.a(sysCpuALib.o)
 .PPC.EMB.apuinfo
                0x0000000000000018       0x18 start/libstart.a(sysCpuLib.o)
 .PPC.EMB.apuinfo
                0x0000000000000030       0x18 start/libstart.a(sysBanner.o)
 .PPC.EMB.apuinfo
                0x0000000000000048       0x18 start/libstart.a(sysL2Cache.o)
 .PPC.EMB.apuinfo
                0x0000000000000060       0x18 start/libstart.a(sysBoard.o)
 .PPC.EMB.apuinfo
                0x0000000000000078       0x1c arch/libarch.a(sysCacheE500Lib.o)
 .PPC.EMB.apuinfo
                0x0000000000000094       0x18 arch/libarch.a(sysExcArchLib.o)
 .PPC.EMB.apuinfo
                0x00000000000000ac       0x18 arch/libarch.a(sysSpeExcLib.o)
 .PPC.EMB.apuinfo
                0x00000000000000c4       0x18 arch/libarch.a(sysCpuE500ALib.o)
 .PPC.EMB.apuinfo
                0x00000000000000dc       0x18 arch/libarch.a(sysCacheE500ALib.o)
 .PPC.EMB.apuinfo
                0x00000000000000f4       0x18 arch/libarch.a(sysExcArchALib.o)
 .PPC.EMB.apuinfo
                0x000000000000010c       0x18 arch/libarch.a(sysExcLib.o)
 .PPC.EMB.apuinfo
                0x0000000000000124       0x18 kernel/ports/libkernelport.a(sysEntry.o)
 .PPC.EMB.apuinfo
                0x000000000000013c       0x18 kernel/thread/libkernelthread.a(sysCore.o)
 .PPC.EMB.apuinfo
                0x0000000000000154       0x18 kernel/thread/libkernelthread.a(sysMutex.o)
 .PPC.EMB.apuinfo
                0x000000000000016c       0x18 kernel/thread/libkernelthread.a(sysPrio.o)
 .PPC.EMB.apuinfo
                0x0000000000000184       0x18 kernel/thread/libkernelthread.a(sysMsg.o)
 .PPC.EMB.apuinfo
                0x000000000000019c       0x18 kernel/thread/libkernelthread.a(sysQueue.o)
 .PPC.EMB.apuinfo
                0x00000000000001b4       0x18 kernel/thread/libkernelthread.a(sysSem.o)
 .PPC.EMB.apuinfo
                0x00000000000001cc       0x18 kernel/thread/libkernelthread.a(sysTask.o)
 .PPC.EMB.apuinfo
                0x00000000000001e4       0x18 kernel/thread/libkernelthread.a(sysTick.o)
 .PPC.EMB.apuinfo
                0x00000000000001fc       0x18 kernel/thread/libkernelthread.a(sysTime.o)
 .PPC.EMB.apuinfo
                0x0000000000000214       0x18 kernel/thread/libkernelthread.a(sysApi.o)
 .PPC.EMB.apuinfo
                0x000000000000022c       0x18 kernel/thread/libkernelthread.a(sysCfg.o)
 .PPC.EMB.apuinfo
                0x0000000000000244       0x18 kernel/timers/libkerneltimer.a(sysDec.o)
 .PPC.EMB.apuinfo
                0x000000000000025c       0x18 kernel/timers/libkerneltimer.a(sysTbl.o)
 .PPC.EMB.apuinfo
                0x0000000000000274       0x18 kernel/epic/libkernelepic.a(sysInt.o)
 .PPC.EMB.apuinfo
                0x000000000000028c       0x1c kernel/epic/libkernelepic.a(sysPic.o)
 .PPC.EMB.apuinfo
                0x00000000000002a8       0x18 utility/libutility.a(shell.o)
 .PPC.EMB.apuinfo
                0x00000000000002c0       0x18 driver/libc/stdio/libstdio.a(ns16550.o)
 .PPC.EMB.apuinfo
                0x00000000000002d8       0x18 driver/libc/stdio/libstdio.a(printk.o)
 .PPC.EMB.apuinfo
                0x00000000000002f0       0x18 driver/libc/string/libstring.a(strcpy.o)
 .PPC.EMB.apuinfo
                0x0000000000000308       0x18 driver/libc/string/libstring.a(strncpy.o)
 .PPC.EMB.apuinfo
                0x0000000000000320       0x18 driver/libc/string/libstring.a(memset.o)
 .PPC.EMB.apuinfo
                0x0000000000000338       0x18 driver/libc/string/libstring.a(strcmp.o)
 .PPC.EMB.apuinfo
                0x0000000000000350       0x18 driver/libc/string/libstring.a(strlen.o)
 .PPC.EMB.apuinfo
                0x0000000000000368       0x18 driver/libc/string/libstring.a(strtok_r.o)
 .PPC.EMB.apuinfo
                0x0000000000000380       0x18 driver/libc/string/libstring.a(bLib.o)
 .PPC.EMB.apuinfo
                0x0000000000000398       0x18 driver/libc/string/libstring.a(strpbrk.o)
 .PPC.EMB.apuinfo
                0x00000000000003b0       0x18 driver/libc/string/libstring.a(strspn.o)
 .PPC.EMB.apuinfo
                0x00000000000003c8       0x18 driver/libc/stdlib/libstdlib.a(strtoul.o)
 .PPC.EMB.apuinfo
                0x00000000000003e0       0x1c driver/device/dfs/libdfs.a(dfs.o)
 .PPC.EMB.apuinfo
                0x00000000000003fc       0x18 driver/libhwinit.a(hw_init.o)
 .PPC.EMB.apuinfo
                0x0000000000000414       0x18 driver/device/norflash/libnor.a(lld.o)
 .PPC.EMB.apuinfo
                0x000000000000042c       0x1c start/libc.a(memcpy.o)
 .PPC.EMB.apuinfo
                0x0000000000000448       0x1c start/libgcc.a(_udivdi3.o)
 .PPC.EMB.apuinfo
                0x0000000000000464       0x1c start/libgcc.a(_umoddi3.o)
 .PPC.EMB.apuinfo
                0x0000000000000480       0x18 start/libstart.a(sysAccess.o)
 .PPC.EMB.apuinfo
                0x0000000000000498       0x1c arch/libarch.a(sysSpeALib.o)
 .PPC.EMB.apuinfo
                0x00000000000004b4       0x18 kernel/ports/libkernelport.a(sysOsSwitchLib.o)
 .PPC.EMB.apuinfo
                0x00000000000004cc       0x18 kernel/ports/libkernelport.a(sysCount.o)
 .PPC.EMB.apuinfo
                0x00000000000004e4       0x18 kernel/ports/libkernelport.a(sysOsIrq.o)
 .PPC.EMB.apuinfo
                0x00000000000004fc       0x18 kernel/ports/libkernelport.a(sysOsSwitchALib.o)

.comment        0x0000000000000000       0x11
 .comment       0x0000000000000000       0x11 start/libstart.a(sysCpuLib.o)
                                         0x12 (size before relaxing)
 .comment       0x0000000000000000       0x12 start/libstart.a(sysBanner.o)
 .comment       0x0000000000000000       0x12 start/libstart.a(sysL2Cache.o)
 .comment       0x0000000000000000       0x12 start/libstart.a(sysBoard.o)
 .comment       0x0000000000000000       0x12 arch/libarch.a(sysCacheE500Lib.o)
 .comment       0x0000000000000000       0x12 arch/libarch.a(sysExcArchLib.o)
 .comment       0x0000000000000000       0x12 arch/libarch.a(sysSpeExcLib.o)
 .comment       0x0000000000000000       0x12 arch/libarch.a(sysExcLib.o)
 .comment       0x0000000000000000       0x12 kernel/ports/libkernelport.a(sysEntry.o)
 .comment       0x0000000000000000       0x12 kernel/thread/libkernelthread.a(sysCore.o)
 .comment       0x0000000000000000       0x12 kernel/thread/libkernelthread.a(sysMutex.o)
 .comment       0x0000000000000000       0x12 kernel/thread/libkernelthread.a(sysPrio.o)
 .comment       0x0000000000000000       0x12 kernel/thread/libkernelthread.a(sysMsg.o)
 .comment       0x0000000000000000       0x12 kernel/thread/libkernelthread.a(sysQueue.o)
 .comment       0x0000000000000000       0x12 kernel/thread/libkernelthread.a(sysSem.o)
 .comment       0x0000000000000000       0x12 kernel/thread/libkernelthread.a(sysTask.o)
 .comment       0x0000000000000000       0x12 kernel/thread/libkernelthread.a(sysTick.o)
 .comment       0x0000000000000000       0x12 kernel/thread/libkernelthread.a(sysTime.o)
 .comment       0x0000000000000000       0x12 kernel/thread/libkernelthread.a(sysApi.o)
 .comment       0x0000000000000000       0x12 kernel/thread/libkernelthread.a(sysCfg.o)
 .comment       0x0000000000000000       0x12 kernel/timers/libkerneltimer.a(sysDec.o)
 .comment       0x0000000000000000       0x12 kernel/timers/libkerneltimer.a(sysTbl.o)
 .comment       0x0000000000000000       0x12 kernel/epic/libkernelepic.a(sysInt.o)
 .comment       0x0000000000000000       0x12 kernel/epic/libkernelepic.a(sysPic.o)
 .comment       0x0000000000000000       0x12 utility/libutility.a(shell.o)
 .comment       0x0000000000000000       0x12 driver/libc/stdio/libstdio.a(ns16550.o)
 .comment       0x0000000000000000       0x12 driver/libc/stdio/libstdio.a(printk.o)
 .comment       0x0000000000000000       0x12 driver/libc/string/libstring.a(strcpy.o)
 .comment       0x0000000000000000       0x12 driver/libc/string/libstring.a(strncpy.o)
 .comment       0x0000000000000000       0x12 driver/libc/string/libstring.a(memset.o)
 .comment       0x0000000000000000       0x12 driver/libc/string/libstring.a(strcmp.o)
 .comment       0x0000000000000000       0x12 driver/libc/string/libstring.a(strlen.o)
 .comment       0x0000000000000000       0x12 driver/libc/string/libstring.a(strtok_r.o)
 .comment       0x0000000000000000       0x12 driver/libc/string/libstring.a(bLib.o)
 .comment       0x0000000000000000       0x12 driver/libc/string/libstring.a(strpbrk.o)
 .comment       0x0000000000000000       0x12 driver/libc/string/libstring.a(strspn.o)
 .comment       0x0000000000000000       0x12 driver/libc/stdlib/libstdlib.a(strtoul.o)
 .comment       0x0000000000000000       0x12 driver/device/dfs/libdfs.a(dfs.o)
 .comment       0x0000000000000000       0x12 driver/libhwinit.a(hw_init.o)
 .comment       0x0000000000000000       0x12 driver/device/norflash/libnor.a(lld.o)
 .comment       0x0000000000000000       0x12 start/libgcc.a(_udivdi3.o)
 .comment       0x0000000000000000       0x12 start/libgcc.a(_umoddi3.o)
 .comment       0x0000000000000000       0x12 kernel/ports/libkernelport.a(sysOsSwitchLib.o)
 .comment       0x0000000000000000       0x12 kernel/ports/libkernelport.a(sysCount.o)

.note.GNU-stack
                0x0000000000000000        0x0
 .note.GNU-stack
                0x0000000000000000        0x0 start/libstart.a(sysCpuLib.o)
 .note.GNU-stack
                0x0000000000000000        0x0 start/libstart.a(sysBanner.o)
 .note.GNU-stack
                0x0000000000000000        0x0 start/libstart.a(sysL2Cache.o)
 .note.GNU-stack
                0x0000000000000000        0x0 start/libstart.a(sysBoard.o)
 .note.GNU-stack
                0x0000000000000000        0x0 arch/libarch.a(sysCacheE500Lib.o)
 .note.GNU-stack
                0x0000000000000000        0x0 arch/libarch.a(sysExcArchLib.o)
 .note.GNU-stack
                0x0000000000000000        0x0 arch/libarch.a(sysSpeExcLib.o)
 .note.GNU-stack
                0x0000000000000000        0x0 arch/libarch.a(sysExcLib.o)
 .note.GNU-stack
                0x0000000000000000        0x0 kernel/ports/libkernelport.a(sysEntry.o)
 .note.GNU-stack
                0x0000000000000000        0x0 kernel/thread/libkernelthread.a(sysCore.o)
 .note.GNU-stack
                0x0000000000000000        0x0 kernel/thread/libkernelthread.a(sysMutex.o)
 .note.GNU-stack
                0x0000000000000000        0x0 kernel/thread/libkernelthread.a(sysPrio.o)
 .note.GNU-stack
                0x0000000000000000        0x0 kernel/thread/libkernelthread.a(sysMsg.o)
 .note.GNU-stack
                0x0000000000000000        0x0 kernel/thread/libkernelthread.a(sysQueue.o)
 .note.GNU-stack
                0x0000000000000000        0x0 kernel/thread/libkernelthread.a(sysSem.o)
 .note.GNU-stack
                0x0000000000000000        0x0 kernel/thread/libkernelthread.a(sysTask.o)
 .note.GNU-stack
                0x0000000000000000        0x0 kernel/thread/libkernelthread.a(sysTick.o)
 .note.GNU-stack
                0x0000000000000000        0x0 kernel/thread/libkernelthread.a(sysTime.o)
 .note.GNU-stack
                0x0000000000000000        0x0 kernel/thread/libkernelthread.a(sysApi.o)
 .note.GNU-stack
                0x0000000000000000        0x0 kernel/thread/libkernelthread.a(sysCfg.o)
 .note.GNU-stack
                0x0000000000000000        0x0 kernel/timers/libkerneltimer.a(sysDec.o)
 .note.GNU-stack
                0x0000000000000000        0x0 kernel/timers/libkerneltimer.a(sysTbl.o)
 .note.GNU-stack
                0x0000000000000000        0x0 kernel/epic/libkernelepic.a(sysInt.o)
 .note.GNU-stack
                0x0000000000000000        0x0 kernel/epic/libkernelepic.a(sysPic.o)
 .note.GNU-stack
                0x0000000000000000        0x0 utility/libutility.a(shell.o)
 .note.GNU-stack
                0x0000000000000000        0x0 driver/libc/stdio/libstdio.a(ns16550.o)
 .note.GNU-stack
                0x0000000000000000        0x0 driver/libc/stdio/libstdio.a(printk.o)
 .note.GNU-stack
                0x0000000000000000        0x0 driver/libc/string/libstring.a(strcpy.o)
 .note.GNU-stack
                0x0000000000000000        0x0 driver/libc/string/libstring.a(strncpy.o)
 .note.GNU-stack
                0x0000000000000000        0x0 driver/libc/string/libstring.a(memset.o)
 .note.GNU-stack
                0x0000000000000000        0x0 driver/libc/string/libstring.a(strcmp.o)
 .note.GNU-stack
                0x0000000000000000        0x0 driver/libc/string/libstring.a(strlen.o)
 .note.GNU-stack
                0x0000000000000000        0x0 driver/libc/string/libstring.a(strtok_r.o)
 .note.GNU-stack
                0x0000000000000000        0x0 driver/libc/string/libstring.a(bLib.o)
 .note.GNU-stack
                0x0000000000000000        0x0 driver/libc/string/libstring.a(strpbrk.o)
 .note.GNU-stack
                0x0000000000000000        0x0 driver/libc/string/libstring.a(strspn.o)
 .note.GNU-stack
                0x0000000000000000        0x0 driver/libc/stdlib/libstdlib.a(strtoul.o)
 .note.GNU-stack
                0x0000000000000000        0x0 driver/device/dfs/libdfs.a(dfs.o)
 .note.GNU-stack
                0x0000000000000000        0x0 driver/libhwinit.a(hw_init.o)
 .note.GNU-stack
                0x0000000000000000        0x0 driver/device/norflash/libnor.a(lld.o)
 .note.GNU-stack
                0x0000000000000000        0x0 start/libc.a(memcpy.o)
 .note.GNU-stack
                0x0000000000000000        0x0 start/libgcc.a(_udivdi3.o)
 .note.GNU-stack
                0x0000000000000000        0x0 start/libgcc.a(_umoddi3.o)
 .note.GNU-stack
                0x0000000000000000        0x0 kernel/ports/libkernelport.a(sysOsSwitchLib.o)
 .note.GNU-stack
                0x0000000000000000        0x0 kernel/ports/libkernelport.a(sysCount.o)

.gnu.attributes
                0x0000000000000000       0x10
 .gnu.attributes
                0x0000000000000000       0x10 driver/libc/stdio/libstdio.a(printk.o)

.debug_line     0x0000000000000000     0x53f4
 .debug_line    0x0000000000000000      0x30c start/libstart.a(sysCpuALib.o)
 .debug_line    0x000000000000030c      0x17f start/libstart.a(sysCpuLib.o)
 .debug_line    0x000000000000048b       0x63 start/libstart.a(sysBanner.o)
 .debug_line    0x00000000000004ee      0x109 start/libstart.a(sysL2Cache.o)
 .debug_line    0x00000000000005f7      0x314 start/libstart.a(sysBoard.o)
 .debug_line    0x000000000000090b      0x16a arch/libarch.a(sysCacheE500Lib.o)
 .debug_line    0x0000000000000a75      0x1d7 arch/libarch.a(sysExcArchLib.o)
 .debug_line    0x0000000000000c4c       0x9e arch/libarch.a(sysSpeExcLib.o)
 .debug_line    0x0000000000000cea       0x4b arch/libarch.a(sysCpuE500ALib.o)
 .debug_line    0x0000000000000d35       0xf7 arch/libarch.a(sysCacheE500ALib.o)
 .debug_line    0x0000000000000e2c      0x1fb arch/libarch.a(sysExcArchALib.o)
 .debug_line    0x0000000000001027       0xe0 arch/libarch.a(sysExcLib.o)
 .debug_line    0x0000000000001107       0xde kernel/ports/libkernelport.a(sysEntry.o)
 .debug_line    0x00000000000011e5      0x603 kernel/thread/libkernelthread.a(sysCore.o)
 .debug_line    0x00000000000017e8      0x294 kernel/thread/libkernelthread.a(sysMutex.o)
 .debug_line    0x0000000000001a7c      0x108 kernel/thread/libkernelthread.a(sysPrio.o)
 .debug_line    0x0000000000001b84      0x16e kernel/thread/libkernelthread.a(sysMsg.o)
 .debug_line    0x0000000000001cf2      0x21b kernel/thread/libkernelthread.a(sysQueue.o)
 .debug_line    0x0000000000001f0d      0x21c kernel/thread/libkernelthread.a(sysSem.o)
 .debug_line    0x0000000000002129      0x3d4 kernel/thread/libkernelthread.a(sysTask.o)
 .debug_line    0x00000000000024fd      0x1d8 kernel/thread/libkernelthread.a(sysTick.o)
 .debug_line    0x00000000000026d5      0x141 kernel/thread/libkernelthread.a(sysTime.o)
 .debug_line    0x0000000000002816      0x375 kernel/thread/libkernelthread.a(sysApi.o)
 .debug_line    0x0000000000002b8b       0xae kernel/thread/libkernelthread.a(sysCfg.o)
 .debug_line    0x0000000000002c39       0xbc kernel/timers/libkerneltimer.a(sysDec.o)
 .debug_line    0x0000000000002cf5       0xeb kernel/timers/libkerneltimer.a(sysTbl.o)
 .debug_line    0x0000000000002de0      0x14e kernel/epic/libkernelepic.a(sysInt.o)
 .debug_line    0x0000000000002f2e      0x184 kernel/epic/libkernelepic.a(sysPic.o)
 .debug_line    0x00000000000030b2      0x3f7 utility/libutility.a(shell.o)
 .debug_line    0x00000000000034a9       0xe5 driver/libc/stdio/libstdio.a(ns16550.o)
 .debug_line    0x000000000000358e      0x38e driver/libc/stdio/libstdio.a(printk.o)
 .debug_line    0x000000000000391c       0x43 driver/libc/string/libstring.a(strcpy.o)
 .debug_line    0x000000000000395f       0xa2 driver/libc/string/libstring.a(strncpy.o)
 .debug_line    0x0000000000003a01       0x91 driver/libc/string/libstring.a(memset.o)
 .debug_line    0x0000000000003a92       0x42 driver/libc/string/libstring.a(strcmp.o)
 .debug_line    0x0000000000003ad4       0x99 driver/libc/string/libstring.a(strlen.o)
 .debug_line    0x0000000000003b6d       0x4a driver/libc/string/libstring.a(strtok_r.o)
 .debug_line    0x0000000000003bb7      0x2eb driver/libc/string/libstring.a(bLib.o)
 .debug_line    0x0000000000003ea2       0x4b driver/libc/string/libstring.a(strpbrk.o)
 .debug_line    0x0000000000003eed       0x9e driver/libc/string/libstring.a(strspn.o)
 .debug_line    0x0000000000003f8b       0xe3 driver/libc/stdlib/libstdlib.a(strtoul.o)
 .debug_line    0x000000000000406e      0x1a0 driver/device/dfs/libdfs.a(dfs.o)
 .debug_line    0x000000000000420e       0xc6 driver/libhwinit.a(hw_init.o)
 .debug_line    0x00000000000042d4      0x583 driver/device/norflash/libnor.a(lld.o)
 .debug_line    0x0000000000004857      0x303 start/libgcc.a(_udivdi3.o)
 .debug_line    0x0000000000004b5a      0x30f start/libgcc.a(_umoddi3.o)
 .debug_line    0x0000000000004e69       0x6f start/libstart.a(sysAccess.o)
 .debug_line    0x0000000000004ed8       0xa3 arch/libarch.a(sysSpeALib.o)
 .debug_line    0x0000000000004f7b      0x262 kernel/ports/libkernelport.a(sysOsSwitchLib.o)
 .debug_line    0x00000000000051dd       0xcd kernel/ports/libkernelport.a(sysCount.o)
 .debug_line    0x00000000000052aa       0x6e kernel/ports/libkernelport.a(sysOsIrq.o)
 .debug_line    0x0000000000005318       0xdc kernel/ports/libkernelport.a(sysOsSwitchALib.o)

.debug_info     0x0000000000000000    0x1423d
 .debug_info    0x0000000000000000       0x78 start/libstart.a(sysCpuALib.o)
 .debug_info    0x0000000000000078      0x2b7 start/libstart.a(sysCpuLib.o)
 .debug_info    0x000000000000032f       0xdb start/libstart.a(sysBanner.o)
 .debug_info    0x000000000000040a      0x1d0 start/libstart.a(sysL2Cache.o)
 .debug_info    0x00000000000005da      0x3c1 start/libstart.a(sysBoard.o)
 .debug_info    0x000000000000099b      0x260 arch/libarch.a(sysCacheE500Lib.o)
 .debug_info    0x0000000000000bfb      0x296 arch/libarch.a(sysExcArchLib.o)
 .debug_info    0x0000000000000e91       0xd9 arch/libarch.a(sysSpeExcLib.o)
 .debug_info    0x0000000000000f6a       0x7b arch/libarch.a(sysCpuE500ALib.o)
 .debug_info    0x0000000000000fe5       0x7d arch/libarch.a(sysCacheE500ALib.o)
 .debug_info    0x0000000000001062       0x7b arch/libarch.a(sysExcArchALib.o)
 .debug_info    0x00000000000010dd      0x29b arch/libarch.a(sysExcLib.o)
 .debug_info    0x0000000000001378      0xe2a kernel/ports/libkernelport.a(sysEntry.o)
 .debug_info    0x00000000000021a2     0x1710 kernel/thread/libkernelthread.a(sysCore.o)
 .debug_info    0x00000000000038b2     0x11e1 kernel/thread/libkernelthread.a(sysMutex.o)
 .debug_info    0x0000000000004a93      0x98c kernel/thread/libkernelthread.a(sysPrio.o)
 .debug_info    0x000000000000541f      0xfda kernel/thread/libkernelthread.a(sysMsg.o)
 .debug_info    0x00000000000063f9     0x120d kernel/thread/libkernelthread.a(sysQueue.o)
 .debug_info    0x0000000000007606     0x11a0 kernel/thread/libkernelthread.a(sysSem.o)
 .debug_info    0x00000000000087a6     0x1359 kernel/thread/libkernelthread.a(sysTask.o)
 .debug_info    0x0000000000009aff      0xfc0 kernel/thread/libkernelthread.a(sysTick.o)
 .debug_info    0x000000000000aabf      0xe7d kernel/thread/libkernelthread.a(sysTime.o)
 .debug_info    0x000000000000b93c     0x1622 kernel/thread/libkernelthread.a(sysApi.o)
 .debug_info    0x000000000000cf5e      0x9fc kernel/thread/libkernelthread.a(sysCfg.o)
 .debug_info    0x000000000000d95a      0x11c kernel/timers/libkerneltimer.a(sysDec.o)
 .debug_info    0x000000000000da76      0x1ce kernel/timers/libkerneltimer.a(sysTbl.o)
 .debug_info    0x000000000000dc44      0xa75 kernel/epic/libkernelepic.a(sysInt.o)
 .debug_info    0x000000000000e6b9      0x317 kernel/epic/libkernelepic.a(sysPic.o)
 .debug_info    0x000000000000e9d0      0x53b utility/libutility.a(shell.o)
 .debug_info    0x000000000000ef0b      0x28d driver/libc/stdio/libstdio.a(ns16550.o)
 .debug_info    0x000000000000f198      0x4e8 driver/libc/stdio/libstdio.a(printk.o)
 .debug_info    0x000000000000f680       0xcd driver/libc/string/libstring.a(strcpy.o)
 .debug_info    0x000000000000f74d       0xe1 driver/libc/string/libstring.a(strncpy.o)
 .debug_info    0x000000000000f82e       0xc7 driver/libc/string/libstring.a(memset.o)
 .debug_info    0x000000000000f8f5       0xb9 driver/libc/string/libstring.a(strcmp.o)
 .debug_info    0x000000000000f9ae       0xc4 driver/libc/string/libstring.a(strlen.o)
 .debug_info    0x000000000000fa72       0xd5 driver/libc/string/libstring.a(strtok_r.o)
 .debug_info    0x000000000000fb47      0x783 driver/libc/string/libstring.a(bLib.o)
 .debug_info    0x00000000000102ca       0xe6 driver/libc/string/libstring.a(strpbrk.o)
 .debug_info    0x00000000000103b0       0xf8 driver/libc/string/libstring.a(strspn.o)
 .debug_info    0x00000000000104a8      0x132 driver/libc/stdlib/libstdlib.a(strtoul.o)
 .debug_info    0x00000000000105da      0x3f9 driver/device/dfs/libdfs.a(dfs.o)
 .debug_info    0x00000000000109d3      0x345 driver/libhwinit.a(hw_init.o)
 .debug_info    0x0000000000010d18      0xf9e driver/device/norflash/libnor.a(lld.o)
 .debug_info    0x0000000000011cb6      0x7e5 start/libgcc.a(_udivdi3.o)
 .debug_info    0x000000000001249b      0x7d9 start/libgcc.a(_umoddi3.o)
 .debug_info    0x0000000000012c74       0x77 start/libstart.a(sysAccess.o)
 .debug_info    0x0000000000012ceb       0x77 arch/libarch.a(sysSpeALib.o)
 .debug_info    0x0000000000012d62      0xac8 kernel/ports/libkernelport.a(sysOsSwitchLib.o)
 .debug_info    0x000000000001382a      0x912 kernel/ports/libkernelport.a(sysCount.o)
 .debug_info    0x000000000001413c       0x7d kernel/ports/libkernelport.a(sysOsIrq.o)
 .debug_info    0x00000000000141b9       0x84 kernel/ports/libkernelport.a(sysOsSwitchALib.o)

.debug_abbrev   0x0000000000000000     0x34b8
 .debug_abbrev  0x0000000000000000       0x14 start/libstart.a(sysCpuALib.o)
 .debug_abbrev  0x0000000000000014      0x136 start/libstart.a(sysCpuLib.o)
 .debug_abbrev  0x000000000000014a       0x95 start/libstart.a(sysBanner.o)
 .debug_abbrev  0x00000000000001df       0xc0 start/libstart.a(sysL2Cache.o)
 .debug_abbrev  0x000000000000029f      0x174 start/libstart.a(sysBoard.o)
 .debug_abbrev  0x0000000000000413      0x130 arch/libarch.a(sysCacheE500Lib.o)
 .debug_abbrev  0x0000000000000543      0x18d arch/libarch.a(sysExcArchLib.o)
 .debug_abbrev  0x00000000000006d0       0x80 arch/libarch.a(sysSpeExcLib.o)
 .debug_abbrev  0x0000000000000750       0x14 arch/libarch.a(sysCpuE500ALib.o)
 .debug_abbrev  0x0000000000000764       0x14 arch/libarch.a(sysCacheE500ALib.o)
 .debug_abbrev  0x0000000000000778       0x14 arch/libarch.a(sysExcArchALib.o)
 .debug_abbrev  0x000000000000078c      0x118 arch/libarch.a(sysExcLib.o)
 .debug_abbrev  0x00000000000008a4      0x145 kernel/ports/libkernelport.a(sysEntry.o)
 .debug_abbrev  0x00000000000009e9      0x20b kernel/thread/libkernelthread.a(sysCore.o)
 .debug_abbrev  0x0000000000000bf4      0x1ed kernel/thread/libkernelthread.a(sysMutex.o)
 .debug_abbrev  0x0000000000000de1      0x12f kernel/thread/libkernelthread.a(sysPrio.o)
 .debug_abbrev  0x0000000000000f10      0x17b kernel/thread/libkernelthread.a(sysMsg.o)
 .debug_abbrev  0x000000000000108b      0x1d1 kernel/thread/libkernelthread.a(sysQueue.o)
 .debug_abbrev  0x000000000000125c      0x1d1 kernel/thread/libkernelthread.a(sysSem.o)